../Core/Src/main.c:245:13:SetActuator	32	static
../Core/Src/main.c:266:13:setPulseFreq	40	static
../Core/Src/main.c:286:13:Lamp_SetBrightness	32	static
../Core/Src/main.c:296:13:StopSemuaActuator	16	static
../Core/Src/main.c:302:13:setMotor	24	static
../Core/Src/main.c:329:13:stopSemuaMotor	16	static
../Core/Src/main.c:335:13:setLampuBelakang	16	static
../Core/Src/main.c:354:13:DebugPrint	144	static
../Core/Src/main.c:368:13:RS485_KirimFrame	16	static
../Core/Src/main.c:375:16:Pantilt_Checksum	24	static
../Core/Src/main.c:383:13:Pantilt_Kirim	24	static
../Core/Src/main.c:397:13:Pantilt_Gerak	24	static
../Core/Src/main.c:422:13:Pantilt_PowerSlipRing	24	static
../Core/Src/main.c:441:16:Pelco_Checksum	16	static
../Core/Src/main.c:445:13:Pelco_Kirim	40	static
../Core/Src/main.c:457:13:Kamera_ZoomIn	16	static
../Core/Src/main.c:458:13:Kamera_ZoomOut	16	static
../Core/Src/main.c:459:13:Kamera_ZoomStop	16	static
../Core/Src/main.c:461:13:BridgeLrf_Kirim	24	static
../Core/Src/main.c:465:16:BridgeLrf_BacaRespons	48	static
../Core/Src/main.c:475:16:BridgeLrf_BacaJarak	24	static
../Core/Src/main.c:483:16:BridgeLrf_Pointer	24	static
../Core/Src/main.c:499:13:GcsParseFrame	16	static
../Core/Src/main.c:522:13:JetsonParseFrame	24	static
../Core/Src/main.c:541:13:JetsonApplyCommand	24	static
../Core/Src/main.c:613:13:JetsonBangunUpFrame	16	static
../Core/Src/main.c:631:6:HAL_UARTEx_RxEventCallback	24	static
../Core/Src/main.c:653:6:HAL_UART_ErrorCallback	16	static
../Core/Src/main.c:667:5:main	160	static
../Core/Src/main.c:833:6:SystemClock_Config	88	static
../Core/Src/main.c:880:13:MX_LPUART1_UART_Init	8	static
../Core/Src/main.c:927:13:MX_USART1_UART_Init	8	static
../Core/Src/main.c:975:13:MX_USART2_UART_Init	8	static
../Core/Src/main.c:1023:13:MX_USART3_UART_Init	8	static
../Core/Src/main.c:1071:13:MX_TIM1_Init	104	static
../Core/Src/main.c:1147:13:MX_TIM3_Init	48	static
../Core/Src/main.c:1196:13:MX_TIM4_Init	48	static
../Core/Src/main.c:1245:13:MX_TIM8_Init	104	static
../Core/Src/main.c:1317:13:MX_TIM15_Init	104	static
../Core/Src/main.c:1383:13:MX_USB_PCD_Init	8	static
../Core/Src/main.c:1416:13:MX_GPIO_Init	48	static
../Core/Src/main.c:1494:6:Error_Handler	4	static,ignoring_inline_asm
