../Core/Src/main.c:109:13:DebugPrint	2
../Core/Src/main.c:121:13:DebugPrintFrame	3
../Core/Src/main.c:133:16:PelcoD_Checksum	1
../Core/Src/main.c:138:13:KirimResponsPelcoD	1
../Core/Src/main.c:155:16:LRF_Checksum	2
../Core/Src/main.c:169:16:LRF_BacaJarak	5
../Core/Src/main.c:205:16:LRF_Pointer	5
../Core/Src/main.c:237:13:ProsesFramePelcoD	10
../Core/Src/main.c:295:6:HAL_UART_RxCpltCallback	6
../Core/Src/main.c:321:6:HAL_UART_ErrorCallback	2
../Core/Src/main.c:336:5:main	3
../Core/Src/main.c:409:6:SystemClock_Config	3
../Core/Src/main.c:446:13:MX_USART1_UART_Init	2
../Core/Src/main.c:479:13:MX_USART2_UART_Init	2
../Core/Src/main.c:512:13:MX_USART3_UART_Init	2
../Core/Src/main.c:545:13:MX_GPIO_Init	1
../Core/Src/main.c:568:6:Error_Handler	1
