../Core/Src/main.c:109:13:DebugPrint	144	static
../Core/Src/main.c:121:13:DebugPrintFrame	96	static
../Core/Src/main.c:133:16:PelcoD_Checksum	16	static
../Core/Src/main.c:138:13:KirimResponsPelcoD	32	static
../Core/Src/main.c:155:16:LRF_Checksum	24	static
../Core/Src/main.c:169:16:LRF_BacaJarak	64	static
../Core/Src/main.c:205:16:LRF_Pointer	32	static
../Core/Src/main.c:237:13:ProsesFramePelcoD	56	static
../Core/Src/main.c:295:6:HAL_UART_RxCpltCallback	16	static
../Core/Src/main.c:321:6:HAL_UART_ErrorCallback	24	static
../Core/Src/main.c:336:5:main	16	static
../Core/Src/main.c:409:6:SystemClock_Config	72	static
../Core/Src/main.c:446:13:MX_USART1_UART_Init	8	static
../Core/Src/main.c:479:13:MX_USART2_UART_Init	8	static
../Core/Src/main.c:512:13:MX_USART3_UART_Init	8	static
../Core/Src/main.c:545:13:MX_GPIO_Init	16	static
../Core/Src/main.c:568:6:Error_Handler	4	static,ignoring_inline_asm
