../Core/Src/main.c:127:13:DebugPrint	2
../Core/Src/main.c:139:13:DebugPrintFrame	3
../Core/Src/main.c:151:16:PelcoD_Checksum	1
../Core/Src/main.c:156:13:KirimResponsPelcoD	1
../Core/Src/main.c:173:16:LRF_Checksum	2
../Core/Src/main.c:192:13:LRF_FlushRx	2
../Core/Src/main.c:213:16:LRF_BacaJarak	12
../Core/Src/main.c:285:16:LRF_Pointer	7
../Core/Src/main.c:321:13:ProsesFramePelcoD	10
../Core/Src/main.c:382:6:HAL_UARTEx_RxEventCallback	5
../Core/Src/main.c:403:6:HAL_UART_ErrorCallback	2
../Core/Src/main.c:416:5:main	4
../Core/Src/main.c:504:6:SystemClock_Config	3
../Core/Src/main.c:551:13:MX_USART1_UART_Init	5
../Core/Src/main.c:599:13:MX_USART2_UART_Init	5
../Core/Src/main.c:647:13:MX_GPIO_Init	1
../Core/Src/main.c:706:6:Error_Handler	1
