../Core/Src/main.c:127:13:DebugPrint	144	static
../Core/Src/main.c:139:13:DebugPrintFrame	96	static
../Core/Src/main.c:151:16:PelcoD_Checksum	16	static
../Core/Src/main.c:156:13:KirimResponsPelcoD	40	static
../Core/Src/main.c:173:16:LRF_Checksum	24	static
../Core/Src/main.c:192:13:LRF_FlushRx	4	static
../Core/Src/main.c:213:16:LRF_BacaJarak	64	static
../Core/Src/main.c:285:16:LRF_Pointer	32	static
../Core/Src/main.c:321:13:ProsesFramePelcoD	56	static
../Core/Src/main.c:382:6:HAL_UARTEx_RxEventCallback	16	static
../Core/Src/main.c:403:6:HAL_UART_ErrorCallback	16	static
../Core/Src/main.c:416:5:main	16	static
../Core/Src/main.c:504:6:SystemClock_Config	88	static
../Core/Src/main.c:551:13:MX_USART1_UART_Init	8	static
../Core/Src/main.c:599:13:MX_USART2_UART_Init	8	static
../Core/Src/main.c:647:13:MX_GPIO_Init	40	static
../Core/Src/main.c:706:6:Error_Handler	4	static,ignoring_inline_asm
