../Core/Src/main.c:118:13:DebugPrint	2
../Core/Src/main.c:130:13:DebugPrintFrame	3
../Core/Src/main.c:142:16:PelcoD_Checksum	1
../Core/Src/main.c:147:13:KirimResponsPelcoD	1
../Core/Src/main.c:164:16:LRF_Checksum	2
../Core/Src/main.c:183:13:LRF_FlushRx	2
../Core/Src/main.c:200:16:LRF_BacaJarak	10
../Core/Src/main.c:262:16:LRF_Pointer	7
../Core/Src/main.c:298:13:ProsesFramePelcoD	10
../Core/Src/main.c:357:6:HAL_UARTEx_RxEventCallback	5
../Core/Src/main.c:378:6:HAL_UART_ErrorCallback	2
../Core/Src/main.c:391:5:main	4
../Core/Src/main.c:479:6:SystemClock_Config	3
../Core/Src/main.c:526:13:MX_USART1_UART_Init	5
../Core/Src/main.c:574:13:MX_USART2_UART_Init	5
../Core/Src/main.c:622:13:MX_GPIO_Init	1
../Core/Src/main.c:681:6:Error_Handler	1
