[2.718s] DEBUG:colcon:Command line arguments: ['/usr/bin/colcon', 'build', '--symlink-install', '--packages-select', 'ugv-robot']
[2.718s] DEBUG:colcon:Parsed command line arguments: Namespace(ament_cmake_args=None, base_paths=['.'], build_base='build', catkin_cmake_args=None, catkin_skip_building_tests=False, cmake_args=None, cmake_clean_cache=False, cmake_clean_first=False, cmake_force_configure=False, cmake_target=None, cmake_target_skip_unavailable=False, continue_on_error=False, event_handlers=None, executor='parallel', ignore_user_meta=False, install_base='install', log_base=None, log_level=None, main=<bound method BuildVerb.main of <colcon_core.verb.build.BuildVerb object at 0x7fad289a90>>, merge_install=False, metas=['./colcon.meta'], packages_above=None, packages_above_and_dependencies=None, packages_above_depth=None, packages_end=None, packages_ignore=None, packages_ignore_regex=None, packages_select=['ugv-robot'], packages_select_build_failed=False, packages_select_by_dep=None, packages_select_regex=None, packages_select_test_failures=False, packages_skip=None, packages_skip_build_finished=False, packages_skip_by_dep=None, packages_skip_regex=None, packages_skip_test_passed=False, packages_skip_up_to=None, packages_start=None, packages_up_to=None, packages_up_to_regex=None, parallel_workers=4, paths=None, symlink_install=True, test_result_base=None, verb_extension=<colcon_core.verb.build.BuildVerb object at 0x7fad289a90>, verb_name='build', verb_parser=<colcon_defaults.argument_parser.defaults.DefaultArgumentsDecorator object at 0x7fad1594e0>)
[2.910s] Level 1:colcon.colcon_core.package_discovery:discover_packages(colcon_meta) check parameters
[2.911s] Level 1:colcon.colcon_core.package_discovery:discover_packages(recursive) check parameters
[2.911s] Level 1:colcon.colcon_core.package_discovery:discover_packages(ignore) check parameters
[2.911s] Level 1:colcon.colcon_core.package_discovery:discover_packages(path) check parameters
[2.911s] Level 1:colcon.colcon_core.package_discovery:discover_packages(colcon_meta) discover
[2.913s] Level 1:colcon.colcon_core.package_discovery:discover_packages(recursive) discover
[2.913s] INFO:colcon.colcon_core.package_discovery:Crawling recursively for packages in '/workspace'
[2.914s] Level 1:colcon.colcon_core.package_identification:_identify(.) by extensions ['ignore', 'ignore_ament_install']
[2.914s] Level 1:colcon.colcon_core.package_identification:_identify(.) by extension 'ignore'
[2.915s] Level 1:colcon.colcon_core.package_identification:_identify(.) by extension 'ignore_ament_install'
[2.915s] Level 1:colcon.colcon_core.package_identification:_identify(.) by extensions ['colcon_pkg']
[2.915s] Level 1:colcon.colcon_core.package_identification:_identify(.) by extension 'colcon_pkg'
[2.915s] Level 1:colcon.colcon_core.package_identification:_identify(.) by extensions ['colcon_meta']
[2.916s] Level 1:colcon.colcon_core.package_identification:_identify(.) by extension 'colcon_meta'
[2.916s] Level 1:colcon.colcon_core.package_identification:_identify(.) by extensions ['ros']
[2.916s] Level 1:colcon.colcon_core.package_identification:_identify(.) by extension 'ros'
[3.188s] Level 1:colcon.colcon_core.package_identification:_identify(.) by extensions ['cmake', 'python']
[3.188s] Level 1:colcon.colcon_core.package_identification:_identify(.) by extension 'cmake'
[3.188s] Level 1:colcon.colcon_core.package_identification:_identify(.) by extension 'python'
[3.189s] Level 1:colcon.colcon_core.package_identification:_identify(.) by extensions ['python_setup_py']
[3.189s] Level 1:colcon.colcon_core.package_identification:_identify(.) by extension 'python_setup_py'
[3.189s] Level 1:colcon.colcon_core.package_identification:_identify(build) by extensions ['ignore', 'ignore_ament_install']
[3.190s] Level 1:colcon.colcon_core.package_identification:_identify(build) by extension 'ignore'
[3.190s] Level 1:colcon.colcon_core.package_identification:_identify(build) ignored
[3.192s] Level 1:colcon.colcon_core.package_identification:_identify(install) by extensions ['ignore', 'ignore_ament_install']
[3.192s] Level 1:colcon.colcon_core.package_identification:_identify(install) by extension 'ignore'
[3.193s] Level 1:colcon.colcon_core.package_identification:_identify(install) ignored
[3.194s] Level 1:colcon.colcon_core.package_identification:_identify(log) by extensions ['ignore', 'ignore_ament_install']
[3.194s] Level 1:colcon.colcon_core.package_identification:_identify(log) by extension 'ignore'
[3.194s] Level 1:colcon.colcon_core.package_identification:_identify(log) ignored
[3.195s] Level 1:colcon.colcon_core.package_identification:_identify(models) by extensions ['ignore', 'ignore_ament_install']
[3.195s] Level 1:colcon.colcon_core.package_identification:_identify(models) by extension 'ignore'
[3.195s] Level 1:colcon.colcon_core.package_identification:_identify(models) by extension 'ignore_ament_install'
[3.196s] Level 1:colcon.colcon_core.package_identification:_identify(models) by extensions ['colcon_pkg']
[3.196s] Level 1:colcon.colcon_core.package_identification:_identify(models) by extension 'colcon_pkg'
[3.196s] Level 1:colcon.colcon_core.package_identification:_identify(models) by extensions ['colcon_meta']
[3.196s] Level 1:colcon.colcon_core.package_identification:_identify(models) by extension 'colcon_meta'
[3.197s] Level 1:colcon.colcon_core.package_identification:_identify(models) by extensions ['ros']
[3.197s] Level 1:colcon.colcon_core.package_identification:_identify(models) by extension 'ros'
[3.197s] Level 1:colcon.colcon_core.package_identification:_identify(models) by extensions ['cmake', 'python']
[3.198s] Level 1:colcon.colcon_core.package_identification:_identify(models) by extension 'cmake'
[3.198s] Level 1:colcon.colcon_core.package_identification:_identify(models) by extension 'python'
[3.198s] Level 1:colcon.colcon_core.package_identification:_identify(models) by extensions ['python_setup_py']
[3.198s] Level 1:colcon.colcon_core.package_identification:_identify(models) by extension 'python_setup_py'
[3.199s] Level 1:colcon.colcon_core.package_identification:_identify(src) by extensions ['ignore', 'ignore_ament_install']
[3.199s] Level 1:colcon.colcon_core.package_identification:_identify(src) by extension 'ignore'
[3.199s] Level 1:colcon.colcon_core.package_identification:_identify(src) by extension 'ignore_ament_install'
[3.200s] Level 1:colcon.colcon_core.package_identification:_identify(src) by extensions ['colcon_pkg']
[3.200s] Level 1:colcon.colcon_core.package_identification:_identify(src) by extension 'colcon_pkg'
[3.200s] Level 1:colcon.colcon_core.package_identification:_identify(src) by extensions ['colcon_meta']
[3.200s] Level 1:colcon.colcon_core.package_identification:_identify(src) by extension 'colcon_meta'
[3.201s] Level 1:colcon.colcon_core.package_identification:_identify(src) by extensions ['ros']
[3.201s] Level 1:colcon.colcon_core.package_identification:_identify(src) by extension 'ros'
[3.201s] Level 1:colcon.colcon_core.package_identification:_identify(src) by extensions ['cmake', 'python']
[3.202s] Level 1:colcon.colcon_core.package_identification:_identify(src) by extension 'cmake'
[3.202s] Level 1:colcon.colcon_core.package_identification:_identify(src) by extension 'python'
[3.202s] Level 1:colcon.colcon_core.package_identification:_identify(src) by extensions ['python_setup_py']
[3.202s] Level 1:colcon.colcon_core.package_identification:_identify(src) by extension 'python_setup_py'
[3.203s] Level 1:colcon.colcon_core.package_identification:_identify(src/ugv_robot) by extensions ['ignore', 'ignore_ament_install']
[3.203s] Level 1:colcon.colcon_core.package_identification:_identify(src/ugv_robot) by extension 'ignore'
[3.204s] Level 1:colcon.colcon_core.package_identification:_identify(src/ugv_robot) by extension 'ignore_ament_install'
[3.204s] Level 1:colcon.colcon_core.package_identification:_identify(src/ugv_robot) by extensions ['colcon_pkg']
[3.204s] Level 1:colcon.colcon_core.package_identification:_identify(src/ugv_robot) by extension 'colcon_pkg'
[3.204s] Level 1:colcon.colcon_core.package_identification:_identify(src/ugv_robot) by extensions ['colcon_meta']
[3.204s] Level 1:colcon.colcon_core.package_identification:_identify(src/ugv_robot) by extension 'colcon_meta'
[3.205s] Level 1:colcon.colcon_core.package_identification:_identify(src/ugv_robot) by extensions ['ros']
[3.205s] Level 1:colcon.colcon_core.package_identification:_identify(src/ugv_robot) by extension 'ros'
[3.224s] DEBUG:colcon.colcon_core.package_identification:Package 'src/ugv_robot' with type 'ros.ament_python' and name 'ugv_robot'
[3.225s] Level 1:colcon.colcon_core.package_identification:_identify(src/ugv_robot_msgs) by extensions ['ignore', 'ignore_ament_install']
[3.226s] Level 1:colcon.colcon_core.package_identification:_identify(src/ugv_robot_msgs) by extension 'ignore'
[3.226s] Level 1:colcon.colcon_core.package_identification:_identify(src/ugv_robot_msgs) by extension 'ignore_ament_install'
[3.227s] Level 1:colcon.colcon_core.package_identification:_identify(src/ugv_robot_msgs) by extensions ['colcon_pkg']
[3.227s] Level 1:colcon.colcon_core.package_identification:_identify(src/ugv_robot_msgs) by extension 'colcon_pkg'
[3.228s] Level 1:colcon.colcon_core.package_identification:_identify(src/ugv_robot_msgs) by extensions ['colcon_meta']
[3.228s] Level 1:colcon.colcon_core.package_identification:_identify(src/ugv_robot_msgs) by extension 'colcon_meta'
[3.228s] Level 1:colcon.colcon_core.package_identification:_identify(src/ugv_robot_msgs) by extensions ['ros']
[3.229s] Level 1:colcon.colcon_core.package_identification:_identify(src/ugv_robot_msgs) by extension 'ros'
[3.234s] DEBUG:colcon.colcon_core.package_identification:Package 'src/ugv_robot_msgs' with type 'ros.ament_cmake' and name 'ugv_robot_msgs'
[3.234s] Level 1:colcon.colcon_core.package_discovery:discover_packages(recursive) using defaults
[3.236s] Level 1:colcon.colcon_core.package_discovery:discover_packages(ignore) discover
[3.237s] Level 1:colcon.colcon_core.package_discovery:discover_packages(ignore) using defaults
[3.237s] Level 1:colcon.colcon_core.package_discovery:discover_packages(path) discover
[3.237s] Level 1:colcon.colcon_core.package_discovery:discover_packages(path) using defaults
[3.240s] WARNING:colcon.colcon_core.package_selection:ignoring unknown package 'ugv-robot' in --packages-select
[3.393s] INFO:colcon.colcon_core.package_selection:Skipping not selected package 'ugv_robot_msgs' in 'src/ugv_robot_msgs'
[3.393s] INFO:colcon.colcon_core.package_selection:Skipping not selected package 'ugv_robot' in 'src/ugv_robot'
[3.394s] INFO:colcon.colcon_core.executor:Executing jobs using 'parallel' executor
[3.399s] DEBUG:colcon.colcon_parallel_executor.executor.parallel:run_until_complete
[3.401s] DEBUG:colcon.colcon_parallel_executor.executor.parallel:closing loop
[3.401s] DEBUG:colcon.colcon_parallel_executor.executor.parallel:loop closed
[3.402s] DEBUG:colcon.colcon_parallel_executor.executor.parallel:run_until_complete finished with '0'
[3.402s] DEBUG:colcon.colcon_core.event_reactor:joining thread
[3.453s] INFO:colcon.colcon_core.plugin_system:Skipping extension 'colcon_notification.desktop_notification.notify_send': Could not find 'notify-send'
[3.454s] INFO:colcon.colcon_core.plugin_system:Skipping extension 'colcon_notification.desktop_notification.terminal_notifier': Not used on non-Darwin systems
[3.455s] INFO:colcon.colcon_core.plugin_system:Skipping extension 'colcon_notification.desktop_notification.win32': Not used on non-Windows systems
[3.455s] INFO:colcon.colcon_notification.desktop_notification:Sending desktop notification using 'notify2'
[3.456s] DEBUG:colcon.colcon_notification.desktop_notification.notify2:Failed to initialize notify2: org.freedesktop.DBus.Error.NotSupported: Unable to autolaunch a dbus-daemon without a $DISPLAY for X11
[3.457s] DEBUG:colcon.colcon_core.event_reactor:joined thread
[3.479s] INFO:colcon.colcon_core.plugin_system:Skipping extension 'colcon_core.shell.bat': Not used on non-Windows systems
[3.481s] INFO:colcon.colcon_core.shell:Creating prefix script '/workspace/install/local_setup.ps1'
[3.488s] INFO:colcon.colcon_core.shell:Creating prefix util module '/workspace/install/_local_setup_util_ps1.py'
[3.501s] INFO:colcon.colcon_core.shell:Creating prefix chain script '/workspace/install/setup.ps1'
[3.515s] INFO:colcon.colcon_core.shell:Creating prefix script '/workspace/install/local_setup.sh'
[3.521s] INFO:colcon.colcon_core.shell:Creating prefix util module '/workspace/install/_local_setup_util_sh.py'
[3.524s] INFO:colcon.colcon_core.shell:Creating prefix chain script '/workspace/install/setup.sh'
[3.534s] INFO:colcon.colcon_core.shell:Creating prefix script '/workspace/install/local_setup.bash'
[3.540s] INFO:colcon.colcon_core.shell:Creating prefix chain script '/workspace/install/setup.bash'
[3.550s] INFO:colcon.colcon_core.shell:Creating prefix script '/workspace/install/local_setup.zsh'
[3.555s] INFO:colcon.colcon_core.shell:Creating prefix chain script '/workspace/install/setup.zsh'
