-- The C compiler identification is GNU 7.5.0
-- The CXX compiler identification is GNU 7.5.0
-- Detecting C compiler ABI info
-- Detecting C compiler ABI info - done
-- Check for working C compiler: /usr/bin/cc - skipped
-- Detecting C compile features
-- Detecting C compile features - done
-- Detecting CXX compiler ABI info
-- Detecting CXX compiler ABI info - done
-- Check for working CXX compiler: /usr/bin/c++ - skipped
-- Detecting CXX compile features
-- Detecting CXX compile features - done
-- Found ament_cmake: 0.9.12 (/opt/ros/foxy/install/share/ament_cmake/cmake)
[33mCMake Warning (dev) at /opt/ros/foxy/install/share/ament_cmake_core/cmake/core/python.cmake:22 (find_package):
  Policy CMP0148 is not set: The FindPythonInterp and FindPythonLibs modules
  are removed.  Run "cmake --help-policy CMP0148" for policy details.  Use
  the cmake_policy command to set the policy and suppress this warning.

Call Stack (most recent call first):
  /opt/ros/foxy/install/share/ament_cmake_core/cmake/core/all.cmake:53 (include)
  /opt/ros/foxy/install/share/ament_cmake_core/cmake/ament_cmake_core-extras.cmake:17 (include)
  /opt/ros/foxy/install/share/ament_cmake_core/cmake/ament_cmake_coreConfig.cmake:41 (include)
  /opt/ros/foxy/install/share/ament_cmake/cmake/ament_cmake_export_dependencies-extras.cmake:15 (find_package)
  /opt/ros/foxy/install/share/ament_cmake/cmake/ament_cmakeConfig.cmake:41 (include)
  CMakeLists.txt:4 (find_package)
This warning is for project developers.  Use -Wno-dev to suppress it.
[0m
-- Found PythonInterp: /usr/bin/python3 (found suitable version "3.6.9", minimum required is "3") 
-- Using PYTHON_EXECUTABLE: /usr/bin/python3
-- Override CMake install command with custom implementation using symlinks instead of copying resources
-- Found rosidl_default_generators: 1.0.1 (/opt/ros/foxy/install/share/rosidl_default_generators/cmake)
-- Using all available rosidl_typesupport_c: rosidl_typesupport_fastrtps_c;rosidl_typesupport_introspection_c
-- Found rosidl_adapter: 1.3.1 (/opt/ros/foxy/install/share/rosidl_adapter/cmake)
-- Found OpenSSL: /usr/lib/aarch64-linux-gnu/libcrypto.so (found version "1.1.1")  
-- Found FastRTPS: /opt/ros/foxy/install/include  
-- Using all available rosidl_typesupport_cpp: rosidl_typesupport_fastrtps_cpp;rosidl_typesupport_introspection_cpp
[33mCMake Warning (dev) at /opt/ros/foxy/install/share/rosidl_adapter/cmake/rosidl_adapt_interfaces.cmake:40 (find_package):
  Policy CMP0148 is not set: The FindPythonInterp and FindPythonLibs modules
  are removed.  Run "cmake --help-policy CMP0148" for policy details.  Use
  the cmake_policy command to set the policy and suppress this warning.

Call Stack (most recent call first):
  /opt/ros/foxy/install/share/rosidl_cmake/cmake/rosidl_generate_interfaces.cmake:130 (rosidl_adapt_interfaces)
  CMakeLists.txt:7 (rosidl_generate_interfaces)
This warning is for project developers.  Use -Wno-dev to suppress it.
[0m
-- Found PythonInterp: /usr/bin/python3 (found version "3.6.9") 
-- Found ament_cmake_ros: 0.9.2 (/opt/ros/foxy/install/share/ament_cmake_ros/cmake)
-- Using all available rosidl_typesupport_c: rosidl_typesupport_fastrtps_c;rosidl_typesupport_introspection_c
-- Using all available rosidl_typesupport_cpp: rosidl_typesupport_fastrtps_cpp;rosidl_typesupport_introspection_cpp
[33mCMake Warning (dev) at /opt/ros/foxy/install/share/rosidl_generator_py/cmake/rosidl_generator_py_generate_interfaces.cmake:20 (find_package):
  Policy CMP0148 is not set: The FindPythonInterp and FindPythonLibs modules
  are removed.  Run "cmake --help-policy CMP0148" for policy details.  Use
  the cmake_policy command to set the policy and suppress this warning.

Call Stack (most recent call first):
  /opt/ros/foxy/install/share/ament_cmake_core/cmake/core/ament_execute_extensions.cmake:48 (include)
  /opt/ros/foxy/install/share/rosidl_cmake/cmake/rosidl_generate_interfaces.cmake:286 (ament_execute_extensions)
  CMakeLists.txt:7 (rosidl_generate_interfaces)
This warning is for project developers.  Use -Wno-dev to suppress it.
[0m
-- Found PythonInterp: /usr/bin/python3 (found suitable version "3.6.9", minimum required is "3.5") 
-- Found python_cmake_module: 0.8.1 (/opt/ros/foxy/install/share/python_cmake_module/cmake)
[33mCMake Warning (dev) at /opt/ros/foxy/install/share/python_cmake_module/cmake/Modules/FindPythonExtra.cmake:45 (find_package):
  Policy CMP0148 is not set: The FindPythonInterp and FindPythonLibs modules
  are removed.  Run "cmake --help-policy CMP0148" for policy details.  Use
  the cmake_policy command to set the policy and suppress this warning.

Call Stack (most recent call first):
  /opt/ros/foxy/install/share/rosidl_generator_py/cmake/rosidl_generator_py_generate_interfaces.cmake:23 (find_package)
  /opt/ros/foxy/install/share/ament_cmake_core/cmake/core/ament_execute_extensions.cmake:48 (include)
  /opt/ros/foxy/install/share/rosidl_cmake/cmake/rosidl_generate_interfaces.cmake:286 (ament_execute_extensions)
  CMakeLists.txt:7 (rosidl_generate_interfaces)
This warning is for project developers.  Use -Wno-dev to suppress it.
[0m
[33mCMake Warning (dev) at /opt/ros/foxy/install/share/python_cmake_module/cmake/Modules/FindPythonExtra.cmake:133 (find_package):
  Policy CMP0148 is not set: The FindPythonInterp and FindPythonLibs modules
  are removed.  Run "cmake --help-policy CMP0148" for policy details.  Use
  the cmake_policy command to set the policy and suppress this warning.

Call Stack (most recent call first):
  /opt/ros/foxy/install/share/rosidl_generator_py/cmake/rosidl_generator_py_generate_interfaces.cmake:23 (find_package)
  /opt/ros/foxy/install/share/ament_cmake_core/cmake/core/ament_execute_extensions.cmake:48 (include)
  /opt/ros/foxy/install/share/rosidl_cmake/cmake/rosidl_generate_interfaces.cmake:286 (ament_execute_extensions)
  CMakeLists.txt:7 (rosidl_generate_interfaces)
This warning is for project developers.  Use -Wno-dev to suppress it.
[0m
-- Found PythonLibs: /usr/lib/aarch64-linux-gnu/libpython3.6m.so (found suitable version "3.6.9", minimum required is "3.5") 
-- Using PYTHON_EXECUTABLE: /usr/bin/python3
-- Using PYTHON_INCLUDE_DIRS: /usr/include/python3.6m
-- Using PYTHON_LIBRARIES: /usr/lib/aarch64-linux-gnu/libpython3.6m.so
-- Found PythonExtra: .so  
-- Using numpy include directory: /usr/local/lib/python3.6/dist-packages/numpy/core/include
-- Configuring done (6.1s)
-- Generating done (0.1s)
-- Build files have been written to: /workspace/build/ugv_robot_msgs
[  1%] [34m[1mGenerating C code for ROS interfaces[0m
[  3%] [34m[1mGenerating C++ code for ROS interfaces[0m
[  3%] Built target ugv_robot_msgs__cpp
[  5%] [34m[1mGenerating C++ type support dispatch for ROS interfaces[0m
[  7%] [34m[1mGenerating C++ type support for eProsima Fast-RTPS[0m
[  9%] [34m[1mGenerating C++ introspection for ROS interfaces[0m
[ 10%] [32mBuilding C object CMakeFiles/ugv_robot_msgs__rosidl_generator_c.dir/rosidl_generator_c/ugv_robot_msgs/msg/detail/stm_command__functions.c.o[0m
[ 12%] [32mBuilding C object CMakeFiles/ugv_robot_msgs__rosidl_generator_c.dir/rosidl_generator_c/ugv_robot_msgs/msg/detail/gcs_relay__functions.c.o[0m
[ 14%] [32mBuilding C object CMakeFiles/ugv_robot_msgs__rosidl_generator_c.dir/rosidl_generator_c/ugv_robot_msgs/msg/detail/lrf_status__functions.c.o[0m
[ 16%] [32mBuilding C object CMakeFiles/ugv_robot_msgs__rosidl_generator_c.dir/rosidl_generator_c/ugv_robot_msgs/msg/detail/health__functions.c.o[0m
[ 18%] [32m[1mLinking C shared library libugv_robot_msgs__rosidl_generator_c.so[0m
[ 18%] Built target ugv_robot_msgs__rosidl_generator_c
[ 20%] [34m[1mGenerating C introspection for ROS interfaces[0m
[ 21%] [32mBuilding CXX object CMakeFiles/ugv_robot_msgs__rosidl_typesupport_cpp.dir/rosidl_typesupport_cpp/ugv_robot_msgs/msg/stm_command__type_support.cpp.o[0m
[ 23%] [32mBuilding CXX object CMakeFiles/ugv_robot_msgs__rosidl_typesupport_introspection_cpp.dir/rosidl_typesupport_introspection_cpp/ugv_robot_msgs/msg/detail/stm_command__type_support.cpp.o[0m
[ 25%] [32mBuilding CXX object CMakeFiles/ugv_robot_msgs__rosidl_typesupport_fastrtps_cpp.dir/rosidl_typesupport_fastrtps_cpp/ugv_robot_msgs/msg/detail/dds_fastrtps/stm_command__type_support.cpp.o[0m
[ 27%] [32mBuilding CXX object CMakeFiles/ugv_robot_msgs__rosidl_typesupport_cpp.dir/rosidl_typesupport_cpp/ugv_robot_msgs/msg/gcs_relay__type_support.cpp.o[0m
[ 29%] [32mBuilding CXX object CMakeFiles/ugv_robot_msgs__rosidl_typesupport_introspection_cpp.dir/rosidl_typesupport_introspection_cpp/ugv_robot_msgs/msg/detail/gcs_relay__type_support.cpp.o[0m
[ 30%] [32mBuilding C object CMakeFiles/ugv_robot_msgs__rosidl_typesupport_introspection_c.dir/rosidl_typesupport_introspection_c/ugv_robot_msgs/msg/detail/stm_command__type_support.c.o[0m
[ 32%] [32mBuilding CXX object CMakeFiles/ugv_robot_msgs__rosidl_typesupport_cpp.dir/rosidl_typesupport_cpp/ugv_robot_msgs/msg/lrf_status__type_support.cpp.o[0m
[ 34%] [32mBuilding CXX object CMakeFiles/ugv_robot_msgs__rosidl_typesupport_fastrtps_cpp.dir/rosidl_typesupport_fastrtps_cpp/ugv_robot_msgs/msg/detail/dds_fastrtps/gcs_relay__type_support.cpp.o[0m
[ 36%] [32mBuilding C object CMakeFiles/ugv_robot_msgs__rosidl_typesupport_introspection_c.dir/rosidl_typesupport_introspection_c/ugv_robot_msgs/msg/detail/gcs_relay__type_support.c.o[0m
[ 38%] [32mBuilding C object CMakeFiles/ugv_robot_msgs__rosidl_typesupport_introspection_c.dir/rosidl_typesupport_introspection_c/ugv_robot_msgs/msg/detail/lrf_status__type_support.c.o[0m
[ 40%] [32mBuilding CXX object CMakeFiles/ugv_robot_msgs__rosidl_typesupport_introspection_cpp.dir/rosidl_typesupport_introspection_cpp/ugv_robot_msgs/msg/detail/lrf_status__type_support.cpp.o[0m
[ 41%] [32mBuilding C object CMakeFiles/ugv_robot_msgs__rosidl_typesupport_introspection_c.dir/rosidl_typesupport_introspection_c/ugv_robot_msgs/msg/detail/health__type_support.c.o[0m
[ 43%] [32m[1mLinking C shared library libugv_robot_msgs__rosidl_typesupport_introspection_c.so[0m
[ 43%] Built target ugv_robot_msgs__rosidl_typesupport_introspection_c
[ 45%] [32mBuilding CXX object CMakeFiles/ugv_robot_msgs__rosidl_typesupport_introspection_cpp.dir/rosidl_typesupport_introspection_cpp/ugv_robot_msgs/msg/detail/health__type_support.cpp.o[0m
[ 47%] [32mBuilding CXX object CMakeFiles/ugv_robot_msgs__rosidl_typesupport_cpp.dir/rosidl_typesupport_cpp/ugv_robot_msgs/msg/health__type_support.cpp.o[0m
[ 49%] [32mBuilding CXX object CMakeFiles/ugv_robot_msgs__rosidl_typesupport_fastrtps_cpp.dir/rosidl_typesupport_fastrtps_cpp/ugv_robot_msgs/msg/detail/dds_fastrtps/lrf_status__type_support.cpp.o[0m
[ 50%] [32mBuilding CXX object CMakeFiles/ugv_robot_msgs__rosidl_typesupport_fastrtps_cpp.dir/rosidl_typesupport_fastrtps_cpp/ugv_robot_msgs/msg/detail/dds_fastrtps/health__type_support.cpp.o[0m
[ 52%] [32m[1mLinking CXX shared library libugv_robot_msgs__rosidl_typesupport_introspection_cpp.so[0m
[ 52%] Built target ugv_robot_msgs__rosidl_typesupport_introspection_cpp
[ 54%] [34m[1mGenerating C type support dispatch for ROS interfaces[0m
[ 56%] [32m[1mLinking CXX shared library libugv_robot_msgs__rosidl_typesupport_cpp.so[0m
[ 56%] Built target ugv_robot_msgs__rosidl_typesupport_cpp
[ 58%] [32m[1mLinking CXX shared library libugv_robot_msgs__rosidl_typesupport_fastrtps_cpp.so[0m
[ 58%] Built target ugv_robot_msgs__rosidl_typesupport_fastrtps_cpp
[ 60%] [34m[1mGenerating C type support for eProsima Fast-RTPS[0m
[ 63%] [32mBuilding CXX object CMakeFiles/ugv_robot_msgs__rosidl_typesupport_c.dir/rosidl_typesupport_c/ugv_robot_msgs/msg/gcs_relay__type_support.cpp.o[0m
[ 63%] [32mBuilding CXX object CMakeFiles/ugv_robot_msgs__rosidl_typesupport_c.dir/rosidl_typesupport_c/ugv_robot_msgs/msg/lrf_status__type_support.cpp.o[0m
[ 65%] [32mBuilding CXX object CMakeFiles/ugv_robot_msgs__rosidl_typesupport_c.dir/rosidl_typesupport_c/ugv_robot_msgs/msg/stm_command__type_support.cpp.o[0m
[ 67%] [32mBuilding CXX object CMakeFiles/ugv_robot_msgs__rosidl_typesupport_c.dir/rosidl_typesupport_c/ugv_robot_msgs/msg/health__type_support.cpp.o[0m
[ 69%] [32m[1mLinking CXX shared library libugv_robot_msgs__rosidl_typesupport_c.so[0m
[ 69%] Built target ugv_robot_msgs__rosidl_typesupport_c
[ 72%] [32mBuilding CXX object CMakeFiles/ugv_robot_msgs__rosidl_typesupport_fastrtps_c.dir/rosidl_typesupport_fastrtps_c/ugv_robot_msgs/msg/detail/stm_command__type_support_c.cpp.o[0m
[ 76%] [32mBuilding CXX object CMakeFiles/ugv_robot_msgs__rosidl_typesupport_fastrtps_c.dir/rosidl_typesupport_fastrtps_c/ugv_robot_msgs/msg/detail/lrf_status__type_support_c.cpp.o[0m
[ 76%] [32mBuilding CXX object CMakeFiles/ugv_robot_msgs__rosidl_typesupport_fastrtps_c.dir/rosidl_typesupport_fastrtps_c/ugv_robot_msgs/msg/detail/health__type_support_c.cpp.o[0m
[ 72%] [32mBuilding CXX object CMakeFiles/ugv_robot_msgs__rosidl_typesupport_fastrtps_c.dir/rosidl_typesupport_fastrtps_c/ugv_robot_msgs/msg/detail/gcs_relay__type_support_c.cpp.o[0m
[ 78%] [32m[1mLinking CXX shared library libugv_robot_msgs__rosidl_typesupport_fastrtps_c.so[0m
[ 78%] Built target ugv_robot_msgs__rosidl_typesupport_fastrtps_c
[ 78%] Built target ugv_robot_msgs
[ 80%] [34m[1mGenerating Python code for ROS interfaces[0m
[ 80%] Built target ugv_robot_msgs__py
[ 81%] [32mBuilding C object CMakeFiles/ugv_robot_msgs__python.dir/rosidl_generator_py/ugv_robot_msgs/msg/_stm_command_s.c.o[0m
[ 83%] [32mBuilding C object CMakeFiles/ugv_robot_msgs__python.dir/rosidl_generator_py/ugv_robot_msgs/msg/_gcs_relay_s.c.o[0m
[ 85%] [32mBuilding C object CMakeFiles/ugv_robot_msgs__python.dir/rosidl_generator_py/ugv_robot_msgs/msg/_lrf_status_s.c.o[0m
[ 87%] [32mBuilding C object CMakeFiles/ugv_robot_msgs__python.dir/rosidl_generator_py/ugv_robot_msgs/msg/_health_s.c.o[0m
[ 89%] [32m[1mLinking C shared library rosidl_generator_py/ugv_robot_msgs/libugv_robot_msgs__python.so[0m
[ 89%] Built target ugv_robot_msgs__python
[ 94%] [32mBuilding C object CMakeFiles/ugv_robot_msgs__rosidl_typesupport_fastrtps_c__pyext.dir/rosidl_generator_py/ugv_robot_msgs/_ugv_robot_msgs_s.ep.rosidl_typesupport_fastrtps_c.c.o[0m
[ 94%] [32mBuilding C object CMakeFiles/ugv_robot_msgs__rosidl_typesupport_c__pyext.dir/rosidl_generator_py/ugv_robot_msgs/_ugv_robot_msgs_s.ep.rosidl_typesupport_c.c.o[0m
[ 94%] [32mBuilding C object CMakeFiles/ugv_robot_msgs__rosidl_typesupport_introspection_c__pyext.dir/rosidl_generator_py/ugv_robot_msgs/_ugv_robot_msgs_s.ep.rosidl_typesupport_introspection_c.c.o[0m
[ 96%] [32m[1mLinking C shared library rosidl_generator_py/ugv_robot_msgs/ugv_robot_msgs_s__rosidl_typesupport_introspection_c.cpython-36m-aarch64-linux-gnu.so[0m
[ 98%] [32m[1mLinking C shared library rosidl_generator_py/ugv_robot_msgs/ugv_robot_msgs_s__rosidl_typesupport_c.cpython-36m-aarch64-linux-gnu.so[0m
[100%] [32m[1mLinking CXX shared library rosidl_generator_py/ugv_robot_msgs/ugv_robot_msgs_s__rosidl_typesupport_fastrtps_c.cpython-36m-aarch64-linux-gnu.so[0m
[100%] Built target ugv_robot_msgs__rosidl_typesupport_introspection_c__pyext
[100%] Built target ugv_robot_msgs__rosidl_typesupport_c__pyext
[100%] Built target ugv_robot_msgs__rosidl_typesupport_fastrtps_c__pyext
-- Install configuration: ""
-- Execute custom install script
-- Symlinking: /workspace/install/ugv_robot_msgs/share/ament_index/resource_index/rosidl_interfaces/ugv_robot_msgs
-- Symlinking: /workspace/install/ugv_robot_msgs/include/ugv_robot_msgs/msg/detail/gcs_relay__functions.h
-- Symlinking: /workspace/install/ugv_robot_msgs/include/ugv_robot_msgs/msg/detail/gcs_relay__struct.h
-- Symlinking: /workspace/install/ugv_robot_msgs/include/ugv_robot_msgs/msg/detail/gcs_relay__type_support.h
-- Symlinking: /workspace/install/ugv_robot_msgs/include/ugv_robot_msgs/msg/detail/health__functions.h
-- Symlinking: /workspace/install/ugv_robot_msgs/include/ugv_robot_msgs/msg/detail/health__struct.h
-- Symlinking: /workspace/install/ugv_robot_msgs/include/ugv_robot_msgs/msg/detail/health__type_support.h
-- Symlinking: /workspace/install/ugv_robot_msgs/include/ugv_robot_msgs/msg/detail/lrf_status__functions.h
-- Symlinking: /workspace/install/ugv_robot_msgs/include/ugv_robot_msgs/msg/detail/lrf_status__struct.h
-- Symlinking: /workspace/install/ugv_robot_msgs/include/ugv_robot_msgs/msg/detail/lrf_status__type_support.h
-- Symlinking: /workspace/install/ugv_robot_msgs/include/ugv_robot_msgs/msg/detail/stm_command__functions.h
-- Symlinking: /workspace/install/ugv_robot_msgs/include/ugv_robot_msgs/msg/detail/stm_command__struct.h
-- Symlinking: /workspace/install/ugv_robot_msgs/include/ugv_robot_msgs/msg/detail/stm_command__type_support.h
-- Symlinking: /workspace/install/ugv_robot_msgs/include/ugv_robot_msgs/msg/gcs_relay.h
-- Symlinking: /workspace/install/ugv_robot_msgs/include/ugv_robot_msgs/msg/health.h
-- Symlinking: /workspace/install/ugv_robot_msgs/include/ugv_robot_msgs/msg/lrf_status.h
-- Symlinking: /workspace/install/ugv_robot_msgs/include/ugv_robot_msgs/msg/rosidl_generator_c__visibility_control.h
-- Symlinking: /workspace/install/ugv_robot_msgs/include/ugv_robot_msgs/msg/stm_command.h
-- Symlinking: /workspace/install/ugv_robot_msgs/share/ugv_robot_msgs/environment/library_path.sh
-- Symlinking: /workspace/install/ugv_robot_msgs/share/ugv_robot_msgs/environment/library_path.dsv
-- Symlinking: /workspace/install/ugv_robot_msgs/include/ugv_robot_msgs/msg/detail/gcs_relay__rosidl_typesupport_fastrtps_c.h
-- Symlinking: /workspace/install/ugv_robot_msgs/include/ugv_robot_msgs/msg/detail/health__rosidl_typesupport_fastrtps_c.h
-- Symlinking: /workspace/install/ugv_robot_msgs/include/ugv_robot_msgs/msg/detail/lrf_status__rosidl_typesupport_fastrtps_c.h
-- Symlinking: /workspace/install/ugv_robot_msgs/include/ugv_robot_msgs/msg/detail/stm_command__rosidl_typesupport_fastrtps_c.h
-- Symlinking: /workspace/install/ugv_robot_msgs/include/ugv_robot_msgs/msg/rosidl_typesupport_fastrtps_c__visibility_control.h
-- Symlinking: /workspace/install/ugv_robot_msgs/lib/libugv_robot_msgs__rosidl_typesupport_fastrtps_c.so
-- Symlinking: /workspace/install/ugv_robot_msgs/include/ugv_robot_msgs/msg/detail/gcs_relay__rosidl_typesupport_fastrtps_cpp.hpp
-- Symlinking: /workspace/install/ugv_robot_msgs/include/ugv_robot_msgs/msg/detail/health__rosidl_typesupport_fastrtps_cpp.hpp
-- Symlinking: /workspace/install/ugv_robot_msgs/include/ugv_robot_msgs/msg/detail/lrf_status__rosidl_typesupport_fastrtps_cpp.hpp
-- Symlinking: /workspace/install/ugv_robot_msgs/include/ugv_robot_msgs/msg/detail/stm_command__rosidl_typesupport_fastrtps_cpp.hpp
-- Symlinking: /workspace/install/ugv_robot_msgs/include/ugv_robot_msgs/msg/rosidl_typesupport_fastrtps_cpp__visibility_control.h
-- Symlinking: /workspace/install/ugv_robot_msgs/lib/libugv_robot_msgs__rosidl_typesupport_fastrtps_cpp.so
-- Symlinking: /workspace/install/ugv_robot_msgs/include/ugv_robot_msgs/msg/detail/gcs_relay__rosidl_typesupport_introspection_c.h
-- Symlinking: /workspace/install/ugv_robot_msgs/include/ugv_robot_msgs/msg/detail/health__rosidl_typesupport_introspection_c.h
-- Symlinking: /workspace/install/ugv_robot_msgs/include/ugv_robot_msgs/msg/detail/lrf_status__rosidl_typesupport_introspection_c.h
-- Symlinking: /workspace/install/ugv_robot_msgs/include/ugv_robot_msgs/msg/detail/stm_command__rosidl_typesupport_introspection_c.h
-- Symlinking: /workspace/install/ugv_robot_msgs/include/ugv_robot_msgs/msg/rosidl_typesupport_introspection_c__visibility_control.h
-- Symlinking: /workspace/install/ugv_robot_msgs/include/ugv_robot_msgs/msg/detail/gcs_relay__builder.hpp
-- Symlinking: /workspace/install/ugv_robot_msgs/include/ugv_robot_msgs/msg/detail/gcs_relay__struct.hpp
-- Symlinking: /workspace/install/ugv_robot_msgs/include/ugv_robot_msgs/msg/detail/gcs_relay__traits.hpp
-- Symlinking: /workspace/install/ugv_robot_msgs/include/ugv_robot_msgs/msg/detail/gcs_relay__type_support.hpp
-- Symlinking: /workspace/install/ugv_robot_msgs/include/ugv_robot_msgs/msg/detail/health__builder.hpp
-- Symlinking: /workspace/install/ugv_robot_msgs/include/ugv_robot_msgs/msg/detail/health__struct.hpp
-- Symlinking: /workspace/install/ugv_robot_msgs/include/ugv_robot_msgs/msg/detail/health__traits.hpp
-- Symlinking: /workspace/install/ugv_robot_msgs/include/ugv_robot_msgs/msg/detail/health__type_support.hpp
-- Symlinking: /workspace/install/ugv_robot_msgs/include/ugv_robot_msgs/msg/detail/lrf_status__builder.hpp
-- Symlinking: /workspace/install/ugv_robot_msgs/include/ugv_robot_msgs/msg/detail/lrf_status__struct.hpp
-- Symlinking: /workspace/install/ugv_robot_msgs/include/ugv_robot_msgs/msg/detail/lrf_status__traits.hpp
-- Symlinking: /workspace/install/ugv_robot_msgs/include/ugv_robot_msgs/msg/detail/lrf_status__type_support.hpp
-- Symlinking: /workspace/install/ugv_robot_msgs/include/ugv_robot_msgs/msg/detail/stm_command__builder.hpp
-- Symlinking: /workspace/install/ugv_robot_msgs/include/ugv_robot_msgs/msg/detail/stm_command__struct.hpp
-- Symlinking: /workspace/install/ugv_robot_msgs/include/ugv_robot_msgs/msg/detail/stm_command__traits.hpp
-- Symlinking: /workspace/install/ugv_robot_msgs/include/ugv_robot_msgs/msg/detail/stm_command__type_support.hpp
-- Symlinking: /workspace/install/ugv_robot_msgs/include/ugv_robot_msgs/msg/gcs_relay.hpp
-- Symlinking: /workspace/install/ugv_robot_msgs/include/ugv_robot_msgs/msg/health.hpp
-- Symlinking: /workspace/install/ugv_robot_msgs/include/ugv_robot_msgs/msg/lrf_status.hpp
-- Symlinking: /workspace/install/ugv_robot_msgs/include/ugv_robot_msgs/msg/rosidl_generator_cpp__visibility_control.hpp
-- Symlinking: /workspace/install/ugv_robot_msgs/include/ugv_robot_msgs/msg/stm_command.hpp
-- Symlinking: /workspace/install/ugv_robot_msgs/include/ugv_robot_msgs/msg/detail/gcs_relay__rosidl_typesupport_introspection_cpp.hpp
-- Symlinking: /workspace/install/ugv_robot_msgs/include/ugv_robot_msgs/msg/detail/health__rosidl_typesupport_introspection_cpp.hpp
-- Symlinking: /workspace/install/ugv_robot_msgs/include/ugv_robot_msgs/msg/detail/lrf_status__rosidl_typesupport_introspection_cpp.hpp
-- Symlinking: /workspace/install/ugv_robot_msgs/include/ugv_robot_msgs/msg/detail/stm_command__rosidl_typesupport_introspection_cpp.hpp
-- Symlinking: /workspace/install/ugv_robot_msgs/share/ugv_robot_msgs/environment/pythonpath.sh
-- Symlinking: /workspace/install/ugv_robot_msgs/share/ugv_robot_msgs/environment/pythonpath.dsv
-- Symlinking: /workspace/install/ugv_robot_msgs/lib/python3.6/site-packages/ugv_robot_msgs/__init__.py
-- Symlinking: /workspace/install/ugv_robot_msgs/lib/python3.6/site-packages/ugv_robot_msgs/msg/__init__.py
-- Symlinking: /workspace/install/ugv_robot_msgs/lib/python3.6/site-packages/ugv_robot_msgs/msg/_gcs_relay.py
-- Symlinking: /workspace/install/ugv_robot_msgs/lib/python3.6/site-packages/ugv_robot_msgs/msg/_health.py
-- Symlinking: /workspace/install/ugv_robot_msgs/lib/python3.6/site-packages/ugv_robot_msgs/msg/_lrf_status.py
-- Symlinking: /workspace/install/ugv_robot_msgs/lib/python3.6/site-packages/ugv_robot_msgs/msg/_stm_command.py
-- Symlinking: /workspace/install/ugv_robot_msgs/lib/python3.6/site-packages/ugv_robot_msgs/ugv_robot_msgs_s__rosidl_typesupport_fastrtps_c.cpython-36m-aarch64-linux-gnu.so
-- Symlinking: /workspace/install/ugv_robot_msgs/lib/python3.6/site-packages/ugv_robot_msgs/ugv_robot_msgs_s__rosidl_typesupport_introspection_c.cpython-36m-aarch64-linux-gnu.so
-- Symlinking: /workspace/install/ugv_robot_msgs/lib/python3.6/site-packages/ugv_robot_msgs/ugv_robot_msgs_s__rosidl_typesupport_c.cpython-36m-aarch64-linux-gnu.so
-- Symlinking: /workspace/install/ugv_robot_msgs/lib/libugv_robot_msgs__python.so
-- Symlinking: /workspace/install/ugv_robot_msgs/share/ugv_robot_msgs/msg/StmCommand.idl
-- Symlinking: /workspace/install/ugv_robot_msgs/share/ugv_robot_msgs/msg/GcsRelay.idl
-- Symlinking: /workspace/install/ugv_robot_msgs/share/ugv_robot_msgs/msg/LrfStatus.idl
-- Symlinking: /workspace/install/ugv_robot_msgs/share/ugv_robot_msgs/msg/Health.idl
-- Symlinking: /workspace/install/ugv_robot_msgs/share/ugv_robot_msgs/msg/StmCommand.msg
-- Symlinking: /workspace/install/ugv_robot_msgs/share/ugv_robot_msgs/msg/GcsRelay.msg
-- Symlinking: /workspace/install/ugv_robot_msgs/share/ugv_robot_msgs/msg/LrfStatus.msg
-- Symlinking: /workspace/install/ugv_robot_msgs/share/ugv_robot_msgs/msg/Health.msg
-- Symlinking: /workspace/install/ugv_robot_msgs/share/ament_index/resource_index/package_run_dependencies/ugv_robot_msgs
-- Symlinking: /workspace/install/ugv_robot_msgs/share/ament_index/resource_index/parent_prefix_path/ugv_robot_msgs
-- Symlinking: /workspace/install/ugv_robot_msgs/share/ugv_robot_msgs/environment/ament_prefix_path.sh
-- Symlinking: /workspace/install/ugv_robot_msgs/share/ugv_robot_msgs/environment/ament_prefix_path.dsv
-- Symlinking: /workspace/install/ugv_robot_msgs/share/ugv_robot_msgs/environment/path.sh
-- Symlinking: /workspace/install/ugv_robot_msgs/share/ugv_robot_msgs/environment/path.dsv
-- Symlinking: /workspace/install/ugv_robot_msgs/share/ugv_robot_msgs/local_setup.bash
-- Symlinking: /workspace/install/ugv_robot_msgs/share/ugv_robot_msgs/local_setup.sh
-- Symlinking: /workspace/install/ugv_robot_msgs/share/ugv_robot_msgs/local_setup.zsh
-- Symlinking: /workspace/install/ugv_robot_msgs/share/ugv_robot_msgs/local_setup.dsv
-- Symlinking: /workspace/install/ugv_robot_msgs/share/ugv_robot_msgs/package.dsv
-- Symlinking: /workspace/install/ugv_robot_msgs/share/ament_index/resource_index/packages/ugv_robot_msgs
-- Symlinking: /workspace/install/ugv_robot_msgs/share/ugv_robot_msgs/cmake/rosidl_cmake-extras.cmake
-- Symlinking: /workspace/install/ugv_robot_msgs/share/ugv_robot_msgs/cmake/ament_cmake_export_dependencies-extras.cmake
-- Symlinking: /workspace/install/ugv_robot_msgs/share/ugv_robot_msgs/cmake/ament_cmake_export_libraries-extras.cmake
-- Symlinking: /workspace/install/ugv_robot_msgs/share/ugv_robot_msgs/cmake/ament_cmake_export_targets-extras.cmake
-- Symlinking: /workspace/install/ugv_robot_msgs/share/ugv_robot_msgs/cmake/ament_cmake_export_include_directories-extras.cmake
-- Symlinking: /workspace/install/ugv_robot_msgs/share/ugv_robot_msgs/cmake/rosidl_cmake_export_typesupport_libraries-extras.cmake
-- Symlinking: /workspace/install/ugv_robot_msgs/share/ugv_robot_msgs/cmake/rosidl_cmake_export_typesupport_targets-extras.cmake
-- Symlinking: /workspace/install/ugv_robot_msgs/share/ugv_robot_msgs/cmake/ugv_robot_msgsConfig.cmake
-- Symlinking: /workspace/install/ugv_robot_msgs/share/ugv_robot_msgs/cmake/ugv_robot_msgsConfig-version.cmake
-- Symlinking: /workspace/install/ugv_robot_msgs/share/ugv_robot_msgs/package.xml
-- Installing: /workspace/install/ugv_robot_msgs/lib/libugv_robot_msgs__rosidl_generator_c.so
-- Set runtime path of "/workspace/install/ugv_robot_msgs/lib/libugv_robot_msgs__rosidl_generator_c.so" to ""
-- Installing: /workspace/install/ugv_robot_msgs/lib/libugv_robot_msgs__rosidl_typesupport_introspection_c.so
-- Set runtime path of "/workspace/install/ugv_robot_msgs/lib/libugv_robot_msgs__rosidl_typesupport_introspection_c.so" to ""
-- Installing: /workspace/install/ugv_robot_msgs/lib/libugv_robot_msgs__rosidl_typesupport_c.so
-- Set runtime path of "/workspace/install/ugv_robot_msgs/lib/libugv_robot_msgs__rosidl_typesupport_c.so" to ""
-- Installing: /workspace/install/ugv_robot_msgs/lib/libugv_robot_msgs__rosidl_typesupport_introspection_cpp.so
-- Set runtime path of "/workspace/install/ugv_robot_msgs/lib/libugv_robot_msgs__rosidl_typesupport_introspection_cpp.so" to ""
-- Installing: /workspace/install/ugv_robot_msgs/lib/libugv_robot_msgs__rosidl_typesupport_cpp.so
-- Set runtime path of "/workspace/install/ugv_robot_msgs/lib/libugv_robot_msgs__rosidl_typesupport_cpp.so" to ""
Compiling '/workspace/install/ugv_robot_msgs/lib/python3.6/site-packages/ugv_robot_msgs/__init__.py'...
-- Installing: /workspace/install/ugv_robot_msgs/share/ugv_robot_msgs/cmake/ugv_robot_msgs__rosidl_generator_cExport.cmake
-- Installing: /workspace/install/ugv_robot_msgs/share/ugv_robot_msgs/cmake/ugv_robot_msgs__rosidl_generator_cExport-noconfig.cmake
-- Installing: /workspace/install/ugv_robot_msgs/share/ugv_robot_msgs/cmake/ugv_robot_msgs__rosidl_typesupport_introspection_cExport.cmake
-- Installing: /workspace/install/ugv_robot_msgs/share/ugv_robot_msgs/cmake/ugv_robot_msgs__rosidl_typesupport_introspection_cExport-noconfig.cmake
-- Installing: /workspace/install/ugv_robot_msgs/share/ugv_robot_msgs/cmake/ugv_robot_msgs__rosidl_typesupport_cExport.cmake
-- Installing: /workspace/install/ugv_robot_msgs/share/ugv_robot_msgs/cmake/ugv_robot_msgs__rosidl_typesupport_cExport-noconfig.cmake
-- Installing: /workspace/install/ugv_robot_msgs/share/ugv_robot_msgs/cmake/ugv_robot_msgs__rosidl_generator_cppExport.cmake
-- Installing: /workspace/install/ugv_robot_msgs/share/ugv_robot_msgs/cmake/ugv_robot_msgs__rosidl_typesupport_introspection_cppExport.cmake
-- Installing: /workspace/install/ugv_robot_msgs/share/ugv_robot_msgs/cmake/ugv_robot_msgs__rosidl_typesupport_introspection_cppExport-noconfig.cmake
-- Installing: /workspace/install/ugv_robot_msgs/share/ugv_robot_msgs/cmake/ugv_robot_msgs__rosidl_typesupport_cppExport.cmake
-- Installing: /workspace/install/ugv_robot_msgs/share/ugv_robot_msgs/cmake/ugv_robot_msgs__rosidl_typesupport_cppExport-noconfig.cmake
