../Core/Src/main.c:245:13:SetActuator	32	static
../Core/Src/main.c:266:13:setPulseFreq	40	static
../Core/Src/main.c:286:13:Lamp_SetBrightness	32	static
../Core/Src/main.c:296:13:StopSemuaActuator	16	static
../Core/Src/main.c:302:13:setMotor	24	static
../Core/Src/main.c:329:13:stopSemuaMotor	16	static
../Core/Src/main.c:335:13:setLampuBelakang	16	static
../Core/Src/main.c:354:13:DebugPrint	144	static
../Core/Src/main.c:368:13:RS485_KirimFrame	16	static
../Core/Src/main.c:377:16:Pantilt_Checksum	24	static
../Core/Src/main.c:385:13:Pantilt_Kirim	24	static
../Core/Src/main.c:393:16:Pantilt_BacaRespons	32	static
../Core/Src/main.c:409:13:Pantilt_Gerak	16	static
../Core/Src/main.c:413:13:Pantilt_PowerSlipRing	24	static
../Core/Src/main.c:421:16:Pelco_Checksum	16	static
../Core/Src/main.c:425:13:Pelco_Kirim	40	static
../Core/Src/main.c:437:13:Kamera_ZoomIn	16	static
../Core/Src/main.c:438:13:Kamera_ZoomOut	16	static
../Core/Src/main.c:439:13:Kamera_ZoomStop	16	static
../Core/Src/main.c:441:13:BridgeLrf_Kirim	24	static
../Core/Src/main.c:445:16:BridgeLrf_BacaRespons	48	static
../Core/Src/main.c:455:16:BridgeLrf_BacaJarak	24	static
../Core/Src/main.c:463:16:BridgeLrf_Pointer	24	static
../Core/Src/main.c:475:13:GcsParseFrame	16	static
../Core/Src/main.c:500:13:JetsonParseFrame	24	static
../Core/Src/main.c:518:13:JetsonApplyCommand	24	static
../Core/Src/main.c:564:13:JetsonBangunUpFrame	24	static
../Core/Src/main.c:582:6:HAL_UARTEx_RxEventCallback	24	static
../Core/Src/main.c:604:6:HAL_UART_ErrorCallback	16	static
../Core/Src/main.c:618:5:main	152	static
../Core/Src/main.c:748:6:SystemClock_Config	88	static
../Core/Src/main.c:795:13:MX_LPUART1_UART_Init	8	static
../Core/Src/main.c:842:13:MX_USART1_UART_Init	8	static
../Core/Src/main.c:890:13:MX_USART2_UART_Init	8	static
../Core/Src/main.c:938:13:MX_USART3_UART_Init	8	static
../Core/Src/main.c:986:13:MX_TIM1_Init	104	static
../Core/Src/main.c:1062:13:MX_TIM3_Init	48	static
../Core/Src/main.c:1111:13:MX_TIM4_Init	48	static
../Core/Src/main.c:1160:13:MX_TIM8_Init	104	static
../Core/Src/main.c:1232:13:MX_TIM15_Init	104	static
../Core/Src/main.c:1298:13:MX_USB_PCD_Init	8	static
../Core/Src/main.c:1331:13:MX_GPIO_Init	48	static
../Core/Src/main.c:1423:6:Error_Handler	4	static,ignoring_inline_asm
