../Core/Src/main.c:245:13:SetActuator	5
../Core/Src/main.c:266:13:setPulseFreq	5
../Core/Src/main.c:286:13:Lamp_SetBrightness	7
../Core/Src/main.c:296:13:StopSemuaActuator	2
../Core/Src/main.c:302:13:setMotor	8
../Core/Src/main.c:329:13:stopSemuaMotor	2
../Core/Src/main.c:335:13:setLampuBelakang	5
../Core/Src/main.c:354:13:DebugPrint	1
../Core/Src/main.c:368:13:RS485_KirimFrame	1
../Core/Src/main.c:377:16:Pantilt_Checksum	3
../Core/Src/main.c:385:13:Pantilt_Kirim	2
../Core/Src/main.c:393:16:Pantilt_BacaRespons	4
../Core/Src/main.c:409:13:Pantilt_Gerak	1
../Core/Src/main.c:413:13:Pantilt_PowerSlipRing	2
../Core/Src/main.c:421:16:Pelco_Checksum	1
../Core/Src/main.c:425:13:Pelco_Kirim	1
../Core/Src/main.c:437:13:Kamera_ZoomIn	1
../Core/Src/main.c:438:13:Kamera_ZoomOut	1
../Core/Src/main.c:439:13:Kamera_ZoomStop	1
../Core/Src/main.c:441:13:BridgeLrf_Kirim	1
../Core/Src/main.c:445:16:BridgeLrf_BacaRespons	3
../Core/Src/main.c:455:16:BridgeLrf_BacaJarak	2
../Core/Src/main.c:463:16:BridgeLrf_Pointer	2
../Core/Src/main.c:475:13:GcsParseFrame	1
../Core/Src/main.c:500:13:JetsonParseFrame	2
../Core/Src/main.c:518:13:JetsonApplyCommand	10
../Core/Src/main.c:564:13:JetsonBangunUpFrame	1
../Core/Src/main.c:582:6:HAL_UARTEx_RxEventCallback	7
../Core/Src/main.c:604:6:HAL_UART_ErrorCallback	3
../Core/Src/main.c:618:5:main	7
../Core/Src/main.c:748:6:SystemClock_Config	3
../Core/Src/main.c:795:13:MX_LPUART1_UART_Init	5
../Core/Src/main.c:842:13:MX_USART1_UART_Init	5
../Core/Src/main.c:890:13:MX_USART2_UART_Init	5
../Core/Src/main.c:938:13:MX_USART3_UART_Init	5
../Core/Src/main.c:986:13:MX_TIM1_Init	6
../Core/Src/main.c:1062:13:MX_TIM3_Init	4
../Core/Src/main.c:1111:13:MX_TIM4_Init	4
../Core/Src/main.c:1160:13:MX_TIM8_Init	5
../Core/Src/main.c:1232:13:MX_TIM15_Init	5
../Core/Src/main.c:1298:13:MX_USB_PCD_Init	2
../Core/Src/main.c:1331:13:MX_GPIO_Init	1
../Core/Src/main.c:1423:6:Error_Handler	1
