[3.815s] Invoking command in '/workspace/build/ugv_robot': AMENT_PREFIX_PATH=/workspace/install/ugv_robot_msgs:${AMENT_PREFIX_PATH} CMAKE_PREFIX_PATH=/workspace/install/ugv_robot_msgs:${CMAKE_PREFIX_PATH} LD_LIBRARY_PATH=/workspace/install/ugv_robot_msgs/lib:/opt/ros/foxy/install/opt/yaml_cpp_vendor/lib:/opt/ros/foxy/install/lib:/usr/local/cuda-10.2/targets/aarch64-linux/lib PYTHONPATH=/workspace/build/ugv_robot/prefix_override:/workspace/install/ugv_robot/lib/python3.6/site-packages:/workspace/install/ugv_robot_msgs/lib/python3.6/site-packages:${PYTHONPATH} /usr/bin/python3 setup.py develop --editable --build-directory /workspace/build/ugv_robot/build --no-deps install_data
[4.943s] /usr/local/lib/python3.6/dist-packages/setuptools/dist.py:726: UserWarning: Usage of dash-separated 'script-dir' will not be supported in future versions. Please use the underscore name 'script_dir' instead
[4.944s]   % (opt, underscore_opt)
[5.195s] running develop
[5.199s] /usr/local/lib/python3.6/dist-packages/setuptools/command/easy_install.py:159: EasyInstallDeprecationWarning: easy_install command is deprecated. Use build and pip and other standards-based tools.
[5.199s]   EasyInstallDeprecationWarning,
[5.205s] /usr/local/lib/python3.6/dist-packages/setuptools/command/install.py:37: SetuptoolsDeprecationWarning: setup.py install is deprecated. Use build and pip and other standards-based tools.
[5.205s]   setuptools.SetuptoolsDeprecationWarning,
[5.726s] running egg_info
[5.726s] writing ugv_robot.egg-info/PKG-INFO
[5.727s] writing dependency_links to ugv_robot.egg-info/dependency_links.txt
[5.728s] writing entry points to ugv_robot.egg-info/entry_points.txt
[5.729s] writing requirements to ugv_robot.egg-info/requires.txt
[5.730s] writing top-level names to ugv_robot.egg-info/top_level.txt
[5.746s] reading manifest file 'ugv_robot.egg-info/SOURCES.txt'
[5.752s] writing manifest file 'ugv_robot.egg-info/SOURCES.txt'
[5.971s] running build_ext
[5.971s] Creating /workspace/install/ugv_robot/lib/python3.6/site-packages/ugv-robot.egg-link (link to .)
[5.977s] Installing core_node script to /workspace/install/ugv_robot/lib/ugv_robot
[5.978s] Installing stm32_interface_node script to /workspace/install/ugv_robot/lib/ugv_robot
[5.979s] 
[5.980s] Installed /workspace/build/ugv_robot
[5.980s] running install_data
[6.117s] Invoked command in '/workspace/build/ugv_robot' returned '0': AMENT_PREFIX_PATH=/workspace/install/ugv_robot_msgs:${AMENT_PREFIX_PATH} CMAKE_PREFIX_PATH=/workspace/install/ugv_robot_msgs:${CMAKE_PREFIX_PATH} LD_LIBRARY_PATH=/workspace/install/ugv_robot_msgs/lib:/opt/ros/foxy/install/opt/yaml_cpp_vendor/lib:/opt/ros/foxy/install/lib:/usr/local/cuda-10.2/targets/aarch64-linux/lib PYTHONPATH=/workspace/build/ugv_robot/prefix_override:/workspace/install/ugv_robot/lib/python3.6/site-packages:/workspace/install/ugv_robot_msgs/lib/python3.6/site-packages:${PYTHONPATH} /usr/bin/python3 setup.py develop --editable --build-directory /workspace/build/ugv_robot/build --no-deps install_data
