../Core/Src/main.c:297:13:SetActuator	32	static
../Core/Src/main.c:318:13:setPulseFreq	40	static
../Core/Src/main.c:338:13:Lamp_SetBrightness	32	static
../Core/Src/main.c:346:13:StopSemuaActuator	16	static
../Core/Src/main.c:352:13:setMotor	24	static
../Core/Src/main.c:379:13:stopSemuaMotor	16	static
../Core/Src/main.c:385:13:setLampuBelakang	16	static
../Core/Src/main.c:401:13:DebugPrint	144	static
../Core/Src/main.c:413:13:RS485_KirimFrame	16	static
../Core/Src/main.c:419:16:Pantilt_Checksum	24	static
../Core/Src/main.c:427:13:Pantilt_Kirim	24	static
../Core/Src/main.c:438:13:Pantilt_Gerak	24	static
../Core/Src/main.c:463:13:Pantilt_PowerSlipRing	24	static
../Core/Src/main.c:482:16:Pelco_Checksum	16	static
../Core/Src/main.c:486:13:Pelco_Kirim	40	static
../Core/Src/main.c:498:13:Kamera_ZoomIn	16	static
../Core/Src/main.c:499:13:Kamera_ZoomOut	16	static
../Core/Src/main.c:500:13:Kamera_ZoomStop	16	static
../Core/Src/main.c:502:13:BridgeLrf_Kirim	24	static
../Core/Src/main.c:511:16:BridgeLrf_BacaRespons	64	static
../Core/Src/main.c:535:16:BridgeLrf_BacaJarak	24	static
../Core/Src/main.c:544:16:BridgeLrf_Pointer	24	static
../Core/Src/main.c:557:13:GcsParseFrame	16	static
../Core/Src/main.c:581:13:JetsonParseFrame	24	static
../Core/Src/main.c:605:13:JetsonApplyCommand	24	static
../Core/Src/main.c:709:13:JetsonBangunUpFrame	16	static
../Core/Src/main.c:725:6:HAL_UARTEx_RxEventCallback	24	static
../Core/Src/main.c:740:6:HAL_UART_RxCpltCallback	24	static
../Core/Src/main.c:756:6:HAL_UART_ErrorCallback	16	static
../Core/Src/main.c:771:13:CekResyncJetson	8	static
../Core/Src/main.c:784:5:main	176	static
../Core/Src/main.c:990:6:SystemClock_Config	88	static
../Core/Src/main.c:1037:13:MX_LPUART1_UART_Init	8	static
../Core/Src/main.c:1084:13:MX_USART1_UART_Init	8	static
../Core/Src/main.c:1132:13:MX_USART2_UART_Init	8	static
../Core/Src/main.c:1180:13:MX_USART3_UART_Init	8	static
../Core/Src/main.c:1228:13:MX_TIM1_Init	104	static
../Core/Src/main.c:1304:13:MX_TIM3_Init	48	static
../Core/Src/main.c:1353:13:MX_TIM4_Init	48	static
../Core/Src/main.c:1402:13:MX_TIM8_Init	104	static
../Core/Src/main.c:1474:13:MX_TIM15_Init	104	static
../Core/Src/main.c:1540:13:MX_USB_PCD_Init	8	static
../Core/Src/main.c:1573:13:MX_GPIO_Init	48	static
../Core/Src/main.c:1651:6:Error_Handler	4	static,ignoring_inline_asm
