../Core/Src/main.c:237:13:SetActuator	32	static
../Core/Src/main.c:258:13:setPulseFreq	40	static
../Core/Src/main.c:278:13:Lamp_SetBrightness	32	static
../Core/Src/main.c:286:13:StopSemuaActuator	16	static
../Core/Src/main.c:292:13:setMotor	24	static
../Core/Src/main.c:319:13:stopSemuaMotor	16	static
../Core/Src/main.c:325:13:setLampuBelakang	16	static
../Core/Src/main.c:341:13:DebugPrint	144	static
../Core/Src/main.c:353:13:RS485_KirimFrame	16	static
../Core/Src/main.c:359:16:Pantilt_Checksum	24	static
../Core/Src/main.c:367:13:Pantilt_Kirim	24	static
../Core/Src/main.c:378:13:Pantilt_Gerak	24	static
../Core/Src/main.c:403:13:Pantilt_PowerSlipRing	24	static
../Core/Src/main.c:422:16:Pelco_Checksum	16	static
../Core/Src/main.c:426:13:Pelco_Kirim	40	static
../Core/Src/main.c:438:13:Kamera_ZoomIn	16	static
../Core/Src/main.c:439:13:Kamera_ZoomOut	16	static
../Core/Src/main.c:440:13:Kamera_ZoomStop	16	static
../Core/Src/main.c:442:13:BridgeLrf_Kirim	24	static
../Core/Src/main.c:446:16:BridgeLrf_BacaRespons	48	static
../Core/Src/main.c:456:16:BridgeLrf_BacaJarak	24	static
../Core/Src/main.c:464:16:BridgeLrf_Pointer	24	static
../Core/Src/main.c:477:13:GcsParseFrame	16	static
../Core/Src/main.c:500:13:JetsonParseFrame	24	static
../Core/Src/main.c:519:13:JetsonApplyCommand	24	static
../Core/Src/main.c:586:13:JetsonBangunUpFrame	16	static
../Core/Src/main.c:601:6:HAL_UARTEx_RxEventCallback	24	static
../Core/Src/main.c:623:6:HAL_UART_ErrorCallback	16	static
../Core/Src/main.c:637:5:main	160	static
../Core/Src/main.c:799:6:SystemClock_Config	88	static
../Core/Src/main.c:846:13:MX_LPUART1_UART_Init	8	static
../Core/Src/main.c:893:13:MX_USART1_UART_Init	8	static
../Core/Src/main.c:941:13:MX_USART2_UART_Init	8	static
../Core/Src/main.c:989:13:MX_USART3_UART_Init	8	static
../Core/Src/main.c:1037:13:MX_TIM1_Init	104	static
../Core/Src/main.c:1113:13:MX_TIM3_Init	48	static
../Core/Src/main.c:1162:13:MX_TIM4_Init	48	static
../Core/Src/main.c:1211:13:MX_TIM8_Init	104	static
../Core/Src/main.c:1283:13:MX_TIM15_Init	104	static
../Core/Src/main.c:1349:13:MX_USB_PCD_Init	8	static
../Core/Src/main.c:1382:13:MX_GPIO_Init	48	static
../Core/Src/main.c:1460:6:Error_Handler	4	static,ignoring_inline_asm
