../Core/Src/main.c:310:13:SetActuator	32	static
../Core/Src/main.c:331:13:setPulseFreq	40	static
../Core/Src/main.c:351:13:Lamp_SetBrightness	32	static
../Core/Src/main.c:359:13:StopSemuaActuator	16	static
../Core/Src/main.c:365:13:setMotor	24	static
../Core/Src/main.c:392:13:stopSemuaMotor	16	static
../Core/Src/main.c:398:13:setLampuBelakang	16	static
../Core/Src/main.c:414:13:DebugPrint	144	static
../Core/Src/main.c:426:13:RS485_KirimFrame	16	static
../Core/Src/main.c:432:16:Pantilt_Checksum	24	static
../Core/Src/main.c:440:13:Pantilt_Kirim	24	static
../Core/Src/main.c:451:13:Pantilt_Gerak	24	static
../Core/Src/main.c:476:13:Pantilt_PowerSlipRing	24	static
../Core/Src/main.c:495:16:Pelco_Checksum	16	static
../Core/Src/main.c:499:13:Pelco_Kirim	40	static
../Core/Src/main.c:511:13:Kamera_ZoomIn	16	static
../Core/Src/main.c:512:13:Kamera_ZoomOut	16	static
../Core/Src/main.c:513:13:Kamera_ZoomStop	16	static
../Core/Src/main.c:515:13:BridgeLrf_Kirim	24	static
../Core/Src/main.c:524:16:BridgeLrf_BacaRespons	64	static
../Core/Src/main.c:548:16:BridgeLrf_BacaJarak	24	static
../Core/Src/main.c:557:16:BridgeLrf_Pointer	24	static
../Core/Src/main.c:570:13:GcsParseFrame	16	static
../Core/Src/main.c:599:16:JetsonChecksum	24	static
../Core/Src/main.c:607:13:JetsonParseFrame	24	static
../Core/Src/main.c:631:13:JetsonApplyCommand	24	static
../Core/Src/main.c:735:13:JetsonBangunUpFrame	24	static
../Core/Src/main.c:753:6:HAL_UARTEx_RxEventCallback	24	static
../Core/Src/main.c:768:6:HAL_UART_RxCpltCallback	24	static
../Core/Src/main.c:784:6:HAL_UART_ErrorCallback	16	static
../Core/Src/main.c:799:13:CekResyncJetson	8	static
../Core/Src/main.c:812:5:main	176	static
../Core/Src/main.c:1040:6:SystemClock_Config	88	static
../Core/Src/main.c:1087:13:MX_LPUART1_UART_Init	8	static
../Core/Src/main.c:1134:13:MX_USART1_UART_Init	8	static
../Core/Src/main.c:1182:13:MX_USART2_UART_Init	8	static
../Core/Src/main.c:1230:13:MX_USART3_UART_Init	8	static
../Core/Src/main.c:1278:13:MX_TIM1_Init	104	static
../Core/Src/main.c:1354:13:MX_TIM3_Init	48	static
../Core/Src/main.c:1403:13:MX_TIM4_Init	48	static
../Core/Src/main.c:1452:13:MX_TIM8_Init	104	static
../Core/Src/main.c:1524:13:MX_TIM15_Init	104	static
../Core/Src/main.c:1590:13:MX_USB_PCD_Init	8	static
../Core/Src/main.c:1623:13:MX_GPIO_Init	48	static
../Core/Src/main.c:1701:6:Error_Handler	4	static,ignoring_inline_asm
