../Core/Src/main.c:243:13:SetActuator	32	static
../Core/Src/main.c:264:13:setPulseFreq	40	static
../Core/Src/main.c:284:13:Lamp_SetBrightness	32	static
../Core/Src/main.c:292:13:StopSemuaActuator	16	static
../Core/Src/main.c:298:13:setMotor	24	static
../Core/Src/main.c:325:13:stopSemuaMotor	16	static
../Core/Src/main.c:331:13:setLampuBelakang	16	static
../Core/Src/main.c:347:13:DebugPrint	144	static
../Core/Src/main.c:359:13:RS485_KirimFrame	16	static
../Core/Src/main.c:365:16:Pantilt_Checksum	24	static
../Core/Src/main.c:373:13:Pantilt_Kirim	24	static
../Core/Src/main.c:384:13:Pantilt_Gerak	24	static
../Core/Src/main.c:409:13:Pantilt_PowerSlipRing	24	static
../Core/Src/main.c:428:16:Pelco_Checksum	16	static
../Core/Src/main.c:432:13:Pelco_Kirim	40	static
../Core/Src/main.c:444:13:Kamera_ZoomIn	16	static
../Core/Src/main.c:445:13:Kamera_ZoomOut	16	static
../Core/Src/main.c:446:13:Kamera_ZoomStop	16	static
../Core/Src/main.c:448:13:BridgeLrf_Kirim	24	static
../Core/Src/main.c:452:16:BridgeLrf_BacaRespons	48	static
../Core/Src/main.c:462:16:BridgeLrf_BacaJarak	24	static
../Core/Src/main.c:470:16:BridgeLrf_Pointer	24	static
../Core/Src/main.c:483:13:GcsParseFrame	16	static
../Core/Src/main.c:507:13:JetsonParseFrame	24	static
../Core/Src/main.c:531:13:JetsonApplyCommand	24	static
../Core/Src/main.c:603:13:JetsonBangunUpFrame	16	static
../Core/Src/main.c:618:6:HAL_UARTEx_RxEventCallback	24	static
../Core/Src/main.c:640:6:HAL_UART_ErrorCallback	16	static
../Core/Src/main.c:654:5:main	176	static
../Core/Src/main.c:819:6:SystemClock_Config	88	static
../Core/Src/main.c:866:13:MX_LPUART1_UART_Init	8	static
../Core/Src/main.c:913:13:MX_USART1_UART_Init	8	static
../Core/Src/main.c:961:13:MX_USART2_UART_Init	8	static
../Core/Src/main.c:1009:13:MX_USART3_UART_Init	8	static
../Core/Src/main.c:1057:13:MX_TIM1_Init	104	static
../Core/Src/main.c:1133:13:MX_TIM3_Init	48	static
../Core/Src/main.c:1182:13:MX_TIM4_Init	48	static
../Core/Src/main.c:1231:13:MX_TIM8_Init	104	static
../Core/Src/main.c:1303:13:MX_TIM15_Init	104	static
../Core/Src/main.c:1369:13:MX_USB_PCD_Init	8	static
../Core/Src/main.c:1402:13:MX_GPIO_Init	48	static
../Core/Src/main.c:1480:6:Error_Handler	4	static,ignoring_inline_asm
