../Core/Src/main.c:337:13:SetActuator	5
../Core/Src/main.c:358:13:setPulseFreq	5
../Core/Src/main.c:378:13:Lamp_SetBrightness	7
../Core/Src/main.c:386:13:StopSemuaActuator	2
../Core/Src/main.c:392:13:setMotor	8
../Core/Src/main.c:419:13:stopSemuaMotor	2
../Core/Src/main.c:425:13:setLampuBelakang	5
../Core/Src/main.c:441:13:DebugPrint	1
../Core/Src/main.c:453:13:RS485_KirimFrame	1
../Core/Src/main.c:459:16:Pantilt_Checksum	3
../Core/Src/main.c:467:13:Pantilt_Kirim	2
../Core/Src/main.c:478:13:Pantilt_Gerak	5
../Core/Src/main.c:503:13:Pantilt_PowerSlipRing	2
../Core/Src/main.c:511:16:SlipRingMasihGrace	3
../Core/Src/main.c:529:16:Pelco_Checksum	1
../Core/Src/main.c:533:13:Pelco_Kirim	1
../Core/Src/main.c:545:13:Kamera_ZoomIn	1
../Core/Src/main.c:546:13:Kamera_ZoomOut	1
../Core/Src/main.c:547:13:Kamera_ZoomStop	1
../Core/Src/main.c:549:13:BridgeLrf_Kirim	1
../Core/Src/main.c:560:13:BridgeLrf_MulaiBacaJarak	2
../Core/Src/main.c:574:13:CekBalasanLrf	5
../Core/Src/main.c:609:13:BridgeLrf_Pointer	2
../Core/Src/main.c:620:13:GcsParseFrame	1
../Core/Src/main.c:649:16:JetsonChecksum	2
../Core/Src/main.c:657:13:JetsonParseFrame	2
../Core/Src/main.c:681:13:JetsonApplyCommand	22
../Core/Src/main.c:782:13:JetsonBangunUpFrame	1
../Core/Src/main.c:800:6:HAL_UARTEx_RxEventCallback	4
../Core/Src/main.c:816:6:HAL_UART_RxCpltCallback	5
../Core/Src/main.c:834:6:HAL_UART_ErrorCallback	4
../Core/Src/main.c:852:13:CekResyncJetson	3
../Core/Src/main.c:865:5:main	24
../Core/Src/main.c:1094:6:SystemClock_Config	3
../Core/Src/main.c:1141:13:MX_LPUART1_UART_Init	5
../Core/Src/main.c:1188:13:MX_USART1_UART_Init	5
../Core/Src/main.c:1236:13:MX_USART2_UART_Init	5
../Core/Src/main.c:1284:13:MX_USART3_UART_Init	5
../Core/Src/main.c:1332:13:MX_TIM1_Init	6
../Core/Src/main.c:1408:13:MX_TIM3_Init	4
../Core/Src/main.c:1457:13:MX_TIM4_Init	4
../Core/Src/main.c:1506:13:MX_TIM8_Init	5
../Core/Src/main.c:1578:13:MX_TIM15_Init	5
../Core/Src/main.c:1644:13:MX_USB_PCD_Init	2
../Core/Src/main.c:1677:13:MX_GPIO_Init	1
../Core/Src/main.c:1755:6:Error_Handler	1
