../Core/Src/main.c:238:13:SetActuator	5
../Core/Src/main.c:259:13:setPulseFreq	5
../Core/Src/main.c:279:13:Lamp_SetBrightness	7
../Core/Src/main.c:287:13:StopSemuaActuator	2
../Core/Src/main.c:293:13:setMotor	8
../Core/Src/main.c:320:13:stopSemuaMotor	2
../Core/Src/main.c:326:13:setLampuBelakang	5
../Core/Src/main.c:342:13:DebugPrint	1
../Core/Src/main.c:354:13:RS485_KirimFrame	1
../Core/Src/main.c:360:16:Pantilt_Checksum	3
../Core/Src/main.c:368:13:Pantilt_Kirim	2
../Core/Src/main.c:382:13:Pantilt_Gerak	5
../Core/Src/main.c:407:13:Pantilt_PowerSlipRing	2
../Core/Src/main.c:426:16:Pelco_Checksum	1
../Core/Src/main.c:430:13:Pelco_Kirim	1
../Core/Src/main.c:442:13:Kamera_ZoomIn	1
../Core/Src/main.c:443:13:Kamera_ZoomOut	1
../Core/Src/main.c:444:13:Kamera_ZoomStop	1
../Core/Src/main.c:446:13:BridgeLrf_Kirim	1
../Core/Src/main.c:450:16:BridgeLrf_BacaRespons	3
../Core/Src/main.c:460:16:BridgeLrf_BacaJarak	2
../Core/Src/main.c:468:16:BridgeLrf_Pointer	2
../Core/Src/main.c:484:13:GcsParseFrame	1
../Core/Src/main.c:507:13:JetsonParseFrame	2
../Core/Src/main.c:526:13:JetsonApplyCommand	15
../Core/Src/main.c:598:13:JetsonBangunUpFrame	1
../Core/Src/main.c:616:6:HAL_UARTEx_RxEventCallback	7
../Core/Src/main.c:638:6:HAL_UART_ErrorCallback	3
../Core/Src/main.c:652:5:main	13
../Core/Src/main.c:818:6:SystemClock_Config	3
../Core/Src/main.c:865:13:MX_LPUART1_UART_Init	5
../Core/Src/main.c:912:13:MX_USART1_UART_Init	5
../Core/Src/main.c:960:13:MX_USART2_UART_Init	5
../Core/Src/main.c:1008:13:MX_USART3_UART_Init	5
../Core/Src/main.c:1056:13:MX_TIM1_Init	6
../Core/Src/main.c:1132:13:MX_TIM3_Init	4
../Core/Src/main.c:1181:13:MX_TIM4_Init	4
../Core/Src/main.c:1230:13:MX_TIM8_Init	5
../Core/Src/main.c:1302:13:MX_TIM15_Init	5
../Core/Src/main.c:1368:13:MX_USB_PCD_Init	2
../Core/Src/main.c:1401:13:MX_GPIO_Init	1
../Core/Src/main.c:1479:6:Error_Handler	1
