../Core/Src/main.c:238:13:SetActuator	32	static
../Core/Src/main.c:259:13:setPulseFreq	40	static
../Core/Src/main.c:279:13:Lamp_SetBrightness	32	static
../Core/Src/main.c:287:13:StopSemuaActuator	16	static
../Core/Src/main.c:293:13:setMotor	24	static
../Core/Src/main.c:320:13:stopSemuaMotor	16	static
../Core/Src/main.c:326:13:setLampuBelakang	16	static
../Core/Src/main.c:342:13:DebugPrint	144	static
../Core/Src/main.c:354:13:RS485_KirimFrame	16	static
../Core/Src/main.c:360:16:Pantilt_Checksum	24	static
../Core/Src/main.c:368:13:Pantilt_Kirim	24	static
../Core/Src/main.c:382:13:Pantilt_Gerak	24	static
../Core/Src/main.c:407:13:Pantilt_PowerSlipRing	24	static
../Core/Src/main.c:426:16:Pelco_Checksum	16	static
../Core/Src/main.c:430:13:Pelco_Kirim	40	static
../Core/Src/main.c:442:13:Kamera_ZoomIn	16	static
../Core/Src/main.c:443:13:Kamera_ZoomOut	16	static
../Core/Src/main.c:444:13:Kamera_ZoomStop	16	static
../Core/Src/main.c:446:13:BridgeLrf_Kirim	24	static
../Core/Src/main.c:450:16:BridgeLrf_BacaRespons	48	static
../Core/Src/main.c:460:16:BridgeLrf_BacaJarak	24	static
../Core/Src/main.c:468:16:BridgeLrf_Pointer	24	static
../Core/Src/main.c:484:13:GcsParseFrame	16	static
../Core/Src/main.c:507:13:JetsonParseFrame	24	static
../Core/Src/main.c:526:13:JetsonApplyCommand	24	static
../Core/Src/main.c:598:13:JetsonBangunUpFrame	16	static
../Core/Src/main.c:616:6:HAL_UARTEx_RxEventCallback	24	static
../Core/Src/main.c:638:6:HAL_UART_ErrorCallback	16	static
../Core/Src/main.c:652:5:main	160	static
../Core/Src/main.c:818:6:SystemClock_Config	88	static
../Core/Src/main.c:865:13:MX_LPUART1_UART_Init	8	static
../Core/Src/main.c:912:13:MX_USART1_UART_Init	8	static
../Core/Src/main.c:960:13:MX_USART2_UART_Init	8	static
../Core/Src/main.c:1008:13:MX_USART3_UART_Init	8	static
../Core/Src/main.c:1056:13:MX_TIM1_Init	104	static
../Core/Src/main.c:1132:13:MX_TIM3_Init	48	static
../Core/Src/main.c:1181:13:MX_TIM4_Init	48	static
../Core/Src/main.c:1230:13:MX_TIM8_Init	104	static
../Core/Src/main.c:1302:13:MX_TIM15_Init	104	static
../Core/Src/main.c:1368:13:MX_USB_PCD_Init	8	static
../Core/Src/main.c:1401:13:MX_GPIO_Init	48	static
../Core/Src/main.c:1479:6:Error_Handler	4	static,ignoring_inline_asm
