../Core/Src/main.c:337:13:SetActuator	32	static
../Core/Src/main.c:358:13:setPulseFreq	40	static
../Core/Src/main.c:378:13:Lamp_SetBrightness	32	static
../Core/Src/main.c:386:13:StopSemuaActuator	16	static
../Core/Src/main.c:392:13:setMotor	24	static
../Core/Src/main.c:419:13:stopSemuaMotor	16	static
../Core/Src/main.c:425:13:setLampuBelakang	16	static
../Core/Src/main.c:441:13:DebugPrint	144	static
../Core/Src/main.c:453:13:RS485_KirimFrame	16	static
../Core/Src/main.c:459:16:Pantilt_Checksum	24	static
../Core/Src/main.c:467:13:Pantilt_Kirim	24	static
../Core/Src/main.c:478:13:Pantilt_Gerak	24	static
../Core/Src/main.c:503:13:Pantilt_PowerSlipRing	24	static
../Core/Src/main.c:511:16:SlipRingMasihGrace	8	static
../Core/Src/main.c:529:16:Pelco_Checksum	16	static
../Core/Src/main.c:533:13:Pelco_Kirim	40	static
../Core/Src/main.c:545:13:Kamera_ZoomIn	16	static
../Core/Src/main.c:546:13:Kamera_ZoomOut	16	static
../Core/Src/main.c:547:13:Kamera_ZoomStop	16	static
../Core/Src/main.c:549:13:BridgeLrf_Kirim	24	static
../Core/Src/main.c:560:13:BridgeLrf_MulaiBacaJarak	8	static
../Core/Src/main.c:574:13:CekBalasanLrf	48	static
../Core/Src/main.c:609:13:BridgeLrf_Pointer	16	static
../Core/Src/main.c:620:13:GcsParseFrame	16	static
../Core/Src/main.c:649:16:JetsonChecksum	24	static
../Core/Src/main.c:657:13:JetsonParseFrame	24	static
../Core/Src/main.c:681:13:JetsonApplyCommand	24	static
../Core/Src/main.c:782:13:JetsonBangunUpFrame	24	static
../Core/Src/main.c:800:6:HAL_UARTEx_RxEventCallback	24	static
../Core/Src/main.c:816:6:HAL_UART_RxCpltCallback	24	static
../Core/Src/main.c:834:6:HAL_UART_ErrorCallback	16	static
../Core/Src/main.c:852:13:CekResyncJetson	8	static
../Core/Src/main.c:865:5:main	176	static
../Core/Src/main.c:1094:6:SystemClock_Config	88	static
../Core/Src/main.c:1141:13:MX_LPUART1_UART_Init	8	static
../Core/Src/main.c:1188:13:MX_USART1_UART_Init	8	static
../Core/Src/main.c:1236:13:MX_USART2_UART_Init	8	static
../Core/Src/main.c:1284:13:MX_USART3_UART_Init	8	static
../Core/Src/main.c:1332:13:MX_TIM1_Init	104	static
../Core/Src/main.c:1408:13:MX_TIM3_Init	48	static
../Core/Src/main.c:1457:13:MX_TIM4_Init	48	static
../Core/Src/main.c:1506:13:MX_TIM8_Init	104	static
../Core/Src/main.c:1578:13:MX_TIM15_Init	104	static
../Core/Src/main.c:1644:13:MX_USB_PCD_Init	8	static
../Core/Src/main.c:1677:13:MX_GPIO_Init	48	static
../Core/Src/main.c:1755:6:Error_Handler	4	static,ignoring_inline_asm
