[2.104s] DEBUG:colcon:Command line arguments: ['/usr/bin/colcon', 'build', '--symlink-install', '--packages-select', 'ugv_robot']
[2.104s] DEBUG:colcon:Parsed command line arguments: Namespace(ament_cmake_args=None, base_paths=['.'], build_base='build', catkin_cmake_args=None, catkin_skip_building_tests=False, cmake_args=None, cmake_clean_cache=False, cmake_clean_first=False, cmake_force_configure=False, cmake_target=None, cmake_target_skip_unavailable=False, continue_on_error=False, event_handlers=None, executor='parallel', ignore_user_meta=False, install_base='install', log_base=None, log_level=None, main=<bound method BuildVerb.main of <colcon_core.verb.build.BuildVerb object at 0x7f998dbb00>>, merge_install=False, metas=['./colcon.meta'], packages_above=None, packages_above_and_dependencies=None, packages_above_depth=None, packages_end=None, packages_ignore=None, packages_ignore_regex=None, packages_select=['ugv_robot'], packages_select_build_failed=False, packages_select_by_dep=None, packages_select_regex=None, packages_select_test_failures=False, packages_skip=None, packages_skip_build_finished=False, packages_skip_by_dep=None, packages_skip_regex=None, packages_skip_test_passed=False, packages_skip_up_to=None, packages_start=None, packages_up_to=None, packages_up_to_regex=None, parallel_workers=4, paths=None, symlink_install=True, test_result_base=None, verb_extension=<colcon_core.verb.build.BuildVerb object at 0x7f998dbb00>, verb_name='build', verb_parser=<colcon_defaults.argument_parser.defaults.DefaultArgumentsDecorator object at 0x7f997a9550>)
[2.272s] Level 1:colcon.colcon_core.package_discovery:discover_packages(colcon_meta) check parameters
[2.272s] Level 1:colcon.colcon_core.package_discovery:discover_packages(recursive) check parameters
[2.272s] Level 1:colcon.colcon_core.package_discovery:discover_packages(ignore) check parameters
[2.273s] Level 1:colcon.colcon_core.package_discovery:discover_packages(path) check parameters
[2.273s] Level 1:colcon.colcon_core.package_discovery:discover_packages(colcon_meta) discover
[2.274s] Level 1:colcon.colcon_core.package_discovery:discover_packages(recursive) discover
[2.274s] INFO:colcon.colcon_core.package_discovery:Crawling recursively for packages in '/workspace'
[2.275s] Level 1:colcon.colcon_core.package_identification:_identify(.) by extensions ['ignore', 'ignore_ament_install']
[2.275s] Level 1:colcon.colcon_core.package_identification:_identify(.) by extension 'ignore'
[2.276s] Level 1:colcon.colcon_core.package_identification:_identify(.) by extension 'ignore_ament_install'
[2.276s] Level 1:colcon.colcon_core.package_identification:_identify(.) by extensions ['colcon_pkg']
[2.276s] Level 1:colcon.colcon_core.package_identification:_identify(.) by extension 'colcon_pkg'
[2.277s] Level 1:colcon.colcon_core.package_identification:_identify(.) by extensions ['colcon_meta']
[2.277s] Level 1:colcon.colcon_core.package_identification:_identify(.) by extension 'colcon_meta'
[2.277s] Level 1:colcon.colcon_core.package_identification:_identify(.) by extensions ['ros']
[2.277s] Level 1:colcon.colcon_core.package_identification:_identify(.) by extension 'ros'
[2.507s] Level 1:colcon.colcon_core.package_identification:_identify(.) by extensions ['cmake', 'python']
[2.507s] Level 1:colcon.colcon_core.package_identification:_identify(.) by extension 'cmake'
[2.508s] Level 1:colcon.colcon_core.package_identification:_identify(.) by extension 'python'
[2.508s] Level 1:colcon.colcon_core.package_identification:_identify(.) by extensions ['python_setup_py']
[2.508s] Level 1:colcon.colcon_core.package_identification:_identify(.) by extension 'python_setup_py'
[2.509s] Level 1:colcon.colcon_core.package_identification:_identify(build) by extensions ['ignore', 'ignore_ament_install']
[2.509s] Level 1:colcon.colcon_core.package_identification:_identify(build) by extension 'ignore'
[2.509s] Level 1:colcon.colcon_core.package_identification:_identify(build) ignored
[2.511s] Level 1:colcon.colcon_core.package_identification:_identify(install) by extensions ['ignore', 'ignore_ament_install']
[2.512s] Level 1:colcon.colcon_core.package_identification:_identify(install) by extension 'ignore'
[2.512s] Level 1:colcon.colcon_core.package_identification:_identify(install) ignored
[2.513s] Level 1:colcon.colcon_core.package_identification:_identify(log) by extensions ['ignore', 'ignore_ament_install']
[2.513s] Level 1:colcon.colcon_core.package_identification:_identify(log) by extension 'ignore'
[2.514s] Level 1:colcon.colcon_core.package_identification:_identify(log) ignored
[2.514s] Level 1:colcon.colcon_core.package_identification:_identify(models) by extensions ['ignore', 'ignore_ament_install']
[2.515s] Level 1:colcon.colcon_core.package_identification:_identify(models) by extension 'ignore'
[2.516s] Level 1:colcon.colcon_core.package_identification:_identify(models) by extension 'ignore_ament_install'
[2.516s] Level 1:colcon.colcon_core.package_identification:_identify(models) by extensions ['colcon_pkg']
[2.516s] Level 1:colcon.colcon_core.package_identification:_identify(models) by extension 'colcon_pkg'
[2.517s] Level 1:colcon.colcon_core.package_identification:_identify(models) by extensions ['colcon_meta']
[2.517s] Level 1:colcon.colcon_core.package_identification:_identify(models) by extension 'colcon_meta'
[2.517s] Level 1:colcon.colcon_core.package_identification:_identify(models) by extensions ['ros']
[2.517s] Level 1:colcon.colcon_core.package_identification:_identify(models) by extension 'ros'
[2.518s] Level 1:colcon.colcon_core.package_identification:_identify(models) by extensions ['cmake', 'python']
[2.518s] Level 1:colcon.colcon_core.package_identification:_identify(models) by extension 'cmake'
[2.519s] Level 1:colcon.colcon_core.package_identification:_identify(models) by extension 'python'
[2.519s] Level 1:colcon.colcon_core.package_identification:_identify(models) by extensions ['python_setup_py']
[2.519s] Level 1:colcon.colcon_core.package_identification:_identify(models) by extension 'python_setup_py'
[2.520s] Level 1:colcon.colcon_core.package_identification:_identify(src) by extensions ['ignore', 'ignore_ament_install']
[2.521s] Level 1:colcon.colcon_core.package_identification:_identify(src) by extension 'ignore'
[2.521s] Level 1:colcon.colcon_core.package_identification:_identify(src) by extension 'ignore_ament_install'
[2.522s] Level 1:colcon.colcon_core.package_identification:_identify(src) by extensions ['colcon_pkg']
[2.522s] Level 1:colcon.colcon_core.package_identification:_identify(src) by extension 'colcon_pkg'
[2.522s] Level 1:colcon.colcon_core.package_identification:_identify(src) by extensions ['colcon_meta']
[2.522s] Level 1:colcon.colcon_core.package_identification:_identify(src) by extension 'colcon_meta'
[2.522s] Level 1:colcon.colcon_core.package_identification:_identify(src) by extensions ['ros']
[2.523s] Level 1:colcon.colcon_core.package_identification:_identify(src) by extension 'ros'
[2.523s] Level 1:colcon.colcon_core.package_identification:_identify(src) by extensions ['cmake', 'python']
[2.523s] Level 1:colcon.colcon_core.package_identification:_identify(src) by extension 'cmake'
[2.524s] Level 1:colcon.colcon_core.package_identification:_identify(src) by extension 'python'
[2.524s] Level 1:colcon.colcon_core.package_identification:_identify(src) by extensions ['python_setup_py']
[2.524s] Level 1:colcon.colcon_core.package_identification:_identify(src) by extension 'python_setup_py'
[2.525s] Level 1:colcon.colcon_core.package_identification:_identify(src/ugv_robot) by extensions ['ignore', 'ignore_ament_install']
[2.525s] Level 1:colcon.colcon_core.package_identification:_identify(src/ugv_robot) by extension 'ignore'
[2.526s] Level 1:colcon.colcon_core.package_identification:_identify(src/ugv_robot) by extension 'ignore_ament_install'
[2.526s] Level 1:colcon.colcon_core.package_identification:_identify(src/ugv_robot) by extensions ['colcon_pkg']
[2.526s] Level 1:colcon.colcon_core.package_identification:_identify(src/ugv_robot) by extension 'colcon_pkg'
[2.527s] Level 1:colcon.colcon_core.package_identification:_identify(src/ugv_robot) by extensions ['colcon_meta']
[2.527s] Level 1:colcon.colcon_core.package_identification:_identify(src/ugv_robot) by extension 'colcon_meta'
[2.528s] Level 1:colcon.colcon_core.package_identification:_identify(src/ugv_robot) by extensions ['ros']
[2.528s] Level 1:colcon.colcon_core.package_identification:_identify(src/ugv_robot) by extension 'ros'
[2.546s] DEBUG:colcon.colcon_core.package_identification:Package 'src/ugv_robot' with type 'ros.ament_python' and name 'ugv_robot'
[2.547s] Level 1:colcon.colcon_core.package_identification:_identify(src/ugv_robot_msgs) by extensions ['ignore', 'ignore_ament_install']
[2.547s] Level 1:colcon.colcon_core.package_identification:_identify(src/ugv_robot_msgs) by extension 'ignore'
[2.548s] Level 1:colcon.colcon_core.package_identification:_identify(src/ugv_robot_msgs) by extension 'ignore_ament_install'
[2.548s] Level 1:colcon.colcon_core.package_identification:_identify(src/ugv_robot_msgs) by extensions ['colcon_pkg']
[2.548s] Level 1:colcon.colcon_core.package_identification:_identify(src/ugv_robot_msgs) by extension 'colcon_pkg'
[2.549s] Level 1:colcon.colcon_core.package_identification:_identify(src/ugv_robot_msgs) by extensions ['colcon_meta']
[2.549s] Level 1:colcon.colcon_core.package_identification:_identify(src/ugv_robot_msgs) by extension 'colcon_meta'
[2.549s] Level 1:colcon.colcon_core.package_identification:_identify(src/ugv_robot_msgs) by extensions ['ros']
[2.550s] Level 1:colcon.colcon_core.package_identification:_identify(src/ugv_robot_msgs) by extension 'ros'
[2.553s] DEBUG:colcon.colcon_core.package_identification:Package 'src/ugv_robot_msgs' with type 'ros.ament_cmake' and name 'ugv_robot_msgs'
[2.553s] Level 1:colcon.colcon_core.package_discovery:discover_packages(recursive) using defaults
[2.555s] Level 1:colcon.colcon_core.package_discovery:discover_packages(ignore) discover
[2.555s] Level 1:colcon.colcon_core.package_discovery:discover_packages(ignore) using defaults
[2.555s] Level 1:colcon.colcon_core.package_discovery:discover_packages(path) discover
[2.555s] Level 1:colcon.colcon_core.package_discovery:discover_packages(path) using defaults
[2.683s] INFO:colcon.colcon_core.package_selection:Skipping not selected package 'ugv_robot_msgs' in 'src/ugv_robot_msgs'
[2.686s] Level 5:colcon.colcon_core.verb:set package 'ugv_robot' build argument 'cmake_args' from command line to 'None'
[2.686s] Level 5:colcon.colcon_core.verb:set package 'ugv_robot' build argument 'cmake_target' from command line to 'None'
[2.687s] Level 5:colcon.colcon_core.verb:set package 'ugv_robot' build argument 'cmake_target_skip_unavailable' from command line to 'False'
[2.687s] Level 5:colcon.colcon_core.verb:set package 'ugv_robot' build argument 'cmake_clean_cache' from command line to 'False'
[2.687s] Level 5:colcon.colcon_core.verb:set package 'ugv_robot' build argument 'cmake_clean_first' from command line to 'False'
[2.687s] Level 5:colcon.colcon_core.verb:set package 'ugv_robot' build argument 'cmake_force_configure' from command line to 'False'
[2.687s] Level 5:colcon.colcon_core.verb:set package 'ugv_robot' build argument 'ament_cmake_args' from command line to 'None'
[2.688s] Level 5:colcon.colcon_core.verb:set package 'ugv_robot' build argument 'catkin_cmake_args' from command line to 'None'
[2.688s] Level 5:colcon.colcon_core.verb:set package 'ugv_robot' build argument 'catkin_skip_building_tests' from command line to 'False'
[2.688s] DEBUG:colcon.colcon_core.verb:Building package 'ugv_robot' with the following arguments: {'ament_cmake_args': None, 'build_base': '/workspace/build/ugv_robot', 'catkin_cmake_args': None, 'catkin_skip_building_tests': False, 'cmake_args': None, 'cmake_clean_cache': False, 'cmake_clean_first': False, 'cmake_force_configure': False, 'cmake_target': None, 'cmake_target_skip_unavailable': False, 'install_base': '/workspace/install/ugv_robot', 'merge_install': False, 'path': '/workspace/src/ugv_robot', 'symlink_install': True, 'test_result_base': None}
[2.689s] INFO:colcon.colcon_core.executor:Executing jobs using 'parallel' executor
[2.698s] DEBUG:colcon.colcon_parallel_executor.executor.parallel:run_until_complete
[2.699s] INFO:colcon.colcon_ros.task.ament_python.build:Building ROS package in '/workspace/src/ugv_robot' with build type 'ament_python'
[2.699s] Level 1:colcon.colcon_core.shell:create_environment_hook('ugv_robot', 'ament_prefix_path')
[2.720s] INFO:colcon.colcon_core.plugin_system:Skipping extension 'colcon_core.shell.bat': Not used on non-Windows systems
[2.722s] INFO:colcon.colcon_core.shell:Creating environment hook '/workspace/install/ugv_robot/share/ugv_robot/hook/ament_prefix_path.ps1'
[2.727s] INFO:colcon.colcon_core.shell:Creating environment descriptor '/workspace/install/ugv_robot/share/ugv_robot/hook/ament_prefix_path.dsv'
[2.731s] INFO:colcon.colcon_core.shell:Creating environment hook '/workspace/install/ugv_robot/share/ugv_robot/hook/ament_prefix_path.sh'
[2.738s] INFO:colcon.colcon_core.shell:Skip shell extension 'powershell' for command environment: Not usable outside of PowerShell
[2.738s] DEBUG:colcon.colcon_core.shell:Skip shell extension 'dsv' for command environment
[4.359s] INFO:colcon.colcon_core.task.python.build:Building Python package in '/workspace/src/ugv_robot'
[4.361s] INFO:colcon.colcon_core.shell:Skip shell extension 'powershell' for command environment: Not usable outside of PowerShell
[4.362s] DEBUG:colcon.colcon_core.shell:Skip shell extension 'dsv' for command environment
[6.958s] DEBUG:colcon.colcon_core.event_handler.log_command:Invoking command in '/workspace/build/ugv_robot': LD_LIBRARY_PATH=/workspace/install/ugv_robot_msgs/lib:/opt/ros/foxy/install/opt/yaml_cpp_vendor/lib:/opt/ros/foxy/install/lib:/usr/local/cuda-10.2/targets/aarch64-linux/lib PYTHONPATH=/workspace/build/ugv_robot/prefix_override:/workspace/install/ugv_robot/lib/python3.6/site-packages:/workspace/install/ugv_robot_msgs/lib/python3.6/site-packages:/workspace/build/ugv_robot:/workspace/install/ugv_robot/lib/python3.6/site-packages:/opt/ros/foxy/install/lib/python3.6/site-packages /usr/bin/python3 setup.py develop --editable --build-directory /workspace/build/ugv_robot/build --no-deps install_data
[9.486s] Level 1:colcon.colcon_core.shell:create_environment_hook('ugv_robot', 'pythonpath_develop')
[9.489s] INFO:colcon.colcon_core.shell:Creating environment hook '/workspace/build/ugv_robot/share/ugv_robot/hook/pythonpath_develop.ps1'
[9.490s] DEBUG:colcon.colcon_core.event_handler.log_command:Invoked command in '/workspace/build/ugv_robot' returned '0': LD_LIBRARY_PATH=/workspace/install/ugv_robot_msgs/lib:/opt/ros/foxy/install/opt/yaml_cpp_vendor/lib:/opt/ros/foxy/install/lib:/usr/local/cuda-10.2/targets/aarch64-linux/lib PYTHONPATH=/workspace/build/ugv_robot/prefix_override:/workspace/install/ugv_robot/lib/python3.6/site-packages:/workspace/install/ugv_robot_msgs/lib/python3.6/site-packages:/workspace/build/ugv_robot:/workspace/install/ugv_robot/lib/python3.6/site-packages:/opt/ros/foxy/install/lib/python3.6/site-packages /usr/bin/python3 setup.py develop --editable --build-directory /workspace/build/ugv_robot/build --no-deps install_data
[9.492s] INFO:colcon.colcon_core.shell:Creating environment descriptor '/workspace/build/ugv_robot/share/ugv_robot/hook/pythonpath_develop.dsv'
[9.494s] INFO:colcon.colcon_core.shell:Creating environment hook '/workspace/build/ugv_robot/share/ugv_robot/hook/pythonpath_develop.sh'
[9.525s] Level 1:colcon.colcon_core.environment:checking '/workspace/install/ugv_robot' for CMake module files
[9.528s] Level 1:colcon.colcon_core.environment:checking '/workspace/install/ugv_robot' for CMake config files
[9.533s] Level 1:colcon.colcon_core.environment:checking '/workspace/install/ugv_robot/lib'
[9.535s] Level 1:colcon.colcon_core.environment:checking '/workspace/install/ugv_robot/bin'
[9.536s] Level 1:colcon.colcon_core.environment:checking '/workspace/install/ugv_robot/lib/pkgconfig/ugv_robot.pc'
[9.537s] Level 1:colcon.colcon_core.environment:checking '/workspace/install/ugv_robot/lib/python3.6/site-packages'
[9.538s] Level 1:colcon.colcon_core.shell:create_environment_hook('ugv_robot', 'pythonpath')
[9.539s] INFO:colcon.colcon_core.shell:Creating environment hook '/workspace/install/ugv_robot/share/ugv_robot/hook/pythonpath.ps1'
[9.542s] INFO:colcon.colcon_core.shell:Creating environment descriptor '/workspace/install/ugv_robot/share/ugv_robot/hook/pythonpath.dsv'
[9.543s] INFO:colcon.colcon_core.shell:Creating environment hook '/workspace/install/ugv_robot/share/ugv_robot/hook/pythonpath.sh'
[9.546s] Level 1:colcon.colcon_core.environment:checking '/workspace/install/ugv_robot/bin'
[9.546s] Level 1:colcon.colcon_core.environment:create_environment_scripts_only(ugv_robot)
[9.549s] INFO:colcon.colcon_core.shell:Creating package script '/workspace/install/ugv_robot/share/ugv_robot/package.ps1'
[9.554s] INFO:colcon.colcon_core.shell:Creating package descriptor '/workspace/install/ugv_robot/share/ugv_robot/package.dsv'
[9.560s] INFO:colcon.colcon_core.shell:Creating package script '/workspace/install/ugv_robot/share/ugv_robot/package.sh'
[9.565s] INFO:colcon.colcon_core.shell:Creating package script '/workspace/install/ugv_robot/share/ugv_robot/package.bash'
[9.572s] INFO:colcon.colcon_core.shell:Creating package script '/workspace/install/ugv_robot/share/ugv_robot/package.zsh'
[9.577s] Level 1:colcon.colcon_core.environment:create_file_with_runtime_dependencies(/workspace/install/ugv_robot/share/colcon-core/packages/ugv_robot)
[9.580s] DEBUG:colcon.colcon_parallel_executor.executor.parallel:closing loop
[9.582s] DEBUG:colcon.colcon_parallel_executor.executor.parallel:loop closed
[9.582s] DEBUG:colcon.colcon_parallel_executor.executor.parallel:run_until_complete finished with '0'
[9.582s] DEBUG:colcon.colcon_core.event_reactor:joining thread
[9.626s] INFO:colcon.colcon_core.plugin_system:Skipping extension 'colcon_notification.desktop_notification.notify_send': Could not find 'notify-send'
[9.627s] INFO:colcon.colcon_core.plugin_system:Skipping extension 'colcon_notification.desktop_notification.terminal_notifier': Not used on non-Darwin systems
[9.627s] INFO:colcon.colcon_core.plugin_system:Skipping extension 'colcon_notification.desktop_notification.win32': Not used on non-Windows systems
[9.628s] INFO:colcon.colcon_notification.desktop_notification:Sending desktop notification using 'notify2'
[9.628s] DEBUG:colcon.colcon_notification.desktop_notification.notify2:Failed to initialize notify2: org.freedesktop.DBus.Error.NotSupported: Unable to autolaunch a dbus-daemon without a $DISPLAY for X11
[9.628s] DEBUG:colcon.colcon_core.event_reactor:joined thread
[9.630s] INFO:colcon.colcon_core.shell:Creating prefix script '/workspace/install/local_setup.ps1'
[9.638s] INFO:colcon.colcon_core.shell:Creating prefix util module '/workspace/install/_local_setup_util_ps1.py'
[9.651s] INFO:colcon.colcon_core.shell:Creating prefix chain script '/workspace/install/setup.ps1'
[9.659s] INFO:colcon.colcon_core.shell:Creating prefix script '/workspace/install/local_setup.sh'
[9.662s] INFO:colcon.colcon_core.shell:Creating prefix util module '/workspace/install/_local_setup_util_sh.py'
[9.665s] INFO:colcon.colcon_core.shell:Creating prefix chain script '/workspace/install/setup.sh'
[9.672s] INFO:colcon.colcon_core.shell:Creating prefix script '/workspace/install/local_setup.bash'
[9.677s] INFO:colcon.colcon_core.shell:Creating prefix chain script '/workspace/install/setup.bash'
[9.684s] INFO:colcon.colcon_core.shell:Creating prefix script '/workspace/install/local_setup.zsh'
[9.687s] INFO:colcon.colcon_core.shell:Creating prefix chain script '/workspace/install/setup.zsh'
