[0.055s] Invoking command in '/workspace/build/ugv_robot_msgs': CMAKE_PREFIX_PATH=${CMAKE_PREFIX_PATH}:/workspace/install/ugv_robot /usr/local/bin/cmake --build /workspace/build/ugv_robot_msgs -- -j4 -l4
[0.250s] -- Found ament_cmake: 0.9.12 (/opt/ros/foxy/install/share/ament_cmake/cmake)
[0.258s] [33mCMake Warning (dev) at /opt/ros/foxy/install/share/ament_cmake_core/cmake/core/python.cmake:22 (find_package):
[0.258s]   Policy CMP0148 is not set: The FindPythonInterp and FindPythonLibs modules
[0.259s]   are removed.  Run "cmake --help-policy CMP0148" for policy details.  Use
[0.259s]   the cmake_policy command to set the policy and suppress this warning.
[0.260s] 
[0.260s] Call Stack (most recent call first):
[0.261s]   /opt/ros/foxy/install/share/ament_cmake_core/cmake/core/all.cmake:53 (include)
[0.261s]   /opt/ros/foxy/install/share/ament_cmake_core/cmake/ament_cmake_core-extras.cmake:17 (include)
[0.262s]   /opt/ros/foxy/install/share/ament_cmake_core/cmake/ament_cmake_coreConfig.cmake:41 (include)
[0.262s]   /opt/ros/foxy/install/share/ament_cmake/cmake/ament_cmake_export_dependencies-extras.cmake:15 (find_package)
[0.263s]   /opt/ros/foxy/install/share/ament_cmake/cmake/ament_cmakeConfig.cmake:41 (include)
[0.263s]   CMakeLists.txt:4 (find_package)
[0.264s] This warning is for project developers.  Use -Wno-dev to suppress it.
[0.264s] [0m
[0.329s] -- Using PYTHON_EXECUTABLE: /usr/bin/python3
[0.453s] Traceback (most recent call last):
[0.454s]   File "/opt/ros/foxy/install/share/ament_cmake_core/cmake/package_templates/templates_2_cmake.py", line 21, in <module>
[0.455s]     from ament_package.templates import get_environment_hook_template_path
[0.455s] ModuleNotFoundError: No module named 'ament_package'
[0.468s] [31mCMake Error at /opt/ros/foxy/install/share/ament_cmake_core/cmake/ament_cmake_package_templates-extras.cmake:41 (message):
[0.469s]   execute_process(/usr/bin/python3
[0.470s]   /opt/ros/foxy/install/share/ament_cmake_core/cmake/package_templates/templates_2_cmake.py
[0.470s]   /workspace/build/ugv_robot_msgs/ament_cmake_package_templates/templates.cmake)
[0.471s]   returned error code 1
[0.472s] Call Stack (most recent call first):
[0.472s]   /opt/ros/foxy/install/share/ament_cmake_core/cmake/ament_cmake_coreConfig.cmake:41 (include)
[0.473s]   /opt/ros/foxy/install/share/ament_cmake/cmake/ament_cmake_export_dependencies-extras.cmake:15 (find_package)
[0.473s]   /opt/ros/foxy/install/share/ament_cmake/cmake/ament_cmakeConfig.cmake:41 (include)
[0.474s]   CMakeLists.txt:4 (find_package)
[0.474s] 
[0.475s] [0m
[0.475s] -- Configuring incomplete, errors occurred!
[0.476s] Makefile:1367: recipe for target 'cmake_check_build_system' failed
[0.477s] make: *** [cmake_check_build_system] Error 1
[0.498s] Invoked command in '/workspace/build/ugv_robot_msgs' returned '2': CMAKE_PREFIX_PATH=${CMAKE_PREFIX_PATH}:/workspace/install/ugv_robot /usr/local/bin/cmake --build /workspace/build/ugv_robot_msgs -- -j4 -l4
