[4.193s] Invoking command in '/workspace/build/ugv_robot': LD_LIBRARY_PATH=/workspace/install/ugv_robot_msgs/lib:/opt/ros/foxy/install/opt/yaml_cpp_vendor/lib:/opt/ros/foxy/install/lib:/usr/local/cuda-10.2/targets/aarch64-linux/lib PYTHONPATH=/workspace/build/ugv_robot/prefix_override:/workspace/install/ugv_robot/lib/python3.6/site-packages:/workspace/install/ugv_robot_msgs/lib/python3.6/site-packages:/workspace/build/ugv_robot:/workspace/install/ugv_robot/lib/python3.6/site-packages:/opt/ros/foxy/install/lib/python3.6/site-packages /usr/bin/python3 setup.py develop --editable --build-directory /workspace/build/ugv_robot/build --no-deps install_data
[5.444s] /usr/local/lib/python3.6/dist-packages/setuptools/dist.py:726: UserWarning: Usage of dash-separated 'script-dir' will not be supported in future versions. Please use the underscore name 'script_dir' instead
[5.445s]   % (opt, underscore_opt)
[5.718s] running develop
[5.721s] /usr/local/lib/python3.6/dist-packages/setuptools/command/easy_install.py:159: EasyInstallDeprecationWarning: easy_install command is deprecated. Use build and pip and other standards-based tools.
[5.721s]   EasyInstallDeprecationWarning,
[5.728s] /usr/local/lib/python3.6/dist-packages/setuptools/command/install.py:37: SetuptoolsDeprecationWarning: setup.py install is deprecated. Use build and pip and other standards-based tools.
[5.728s]   setuptools.SetuptoolsDeprecationWarning,
[6.316s] running egg_info
[6.318s] writing ugv_robot.egg-info/PKG-INFO
[6.319s] writing dependency_links to ugv_robot.egg-info/dependency_links.txt
[6.320s] writing entry points to ugv_robot.egg-info/entry_points.txt
[6.322s] writing requirements to ugv_robot.egg-info/requires.txt
[6.323s] writing top-level names to ugv_robot.egg-info/top_level.txt
[6.339s] reading manifest file 'ugv_robot.egg-info/SOURCES.txt'
[6.344s] writing manifest file 'ugv_robot.egg-info/SOURCES.txt'
[6.588s] running build_ext
[6.589s] Creating /workspace/install/ugv_robot/lib/python3.6/site-packages/ugv-robot.egg-link (link to .)
[6.593s] Installing core_node script to /workspace/install/ugv_robot/lib/ugv_robot
[6.594s] Installing stm32_interface_node script to /workspace/install/ugv_robot/lib/ugv_robot
[6.595s] 
[6.596s] Installed /workspace/build/ugv_robot
[6.596s] running install_data
[6.743s] Invoked command in '/workspace/build/ugv_robot' returned '0': LD_LIBRARY_PATH=/workspace/install/ugv_robot_msgs/lib:/opt/ros/foxy/install/opt/yaml_cpp_vendor/lib:/opt/ros/foxy/install/lib:/usr/local/cuda-10.2/targets/aarch64-linux/lib PYTHONPATH=/workspace/build/ugv_robot/prefix_override:/workspace/install/ugv_robot/lib/python3.6/site-packages:/workspace/install/ugv_robot_msgs/lib/python3.6/site-packages:/workspace/build/ugv_robot:/workspace/install/ugv_robot/lib/python3.6/site-packages:/opt/ros/foxy/install/lib/python3.6/site-packages /usr/bin/python3 setup.py develop --editable --build-directory /workspace/build/ugv_robot/build --no-deps install_data
