[1.909s] DEBUG:colcon:Command line arguments: ['/usr/bin/colcon', 'build', '--symlink-install', '--packages-select', 'ugv_robot', 'ugv_robot_msgs']
[1.909s] DEBUG:colcon:Parsed command line arguments: Namespace(ament_cmake_args=None, base_paths=['.'], build_base='build', catkin_cmake_args=None, catkin_skip_building_tests=False, cmake_args=None, cmake_clean_cache=False, cmake_clean_first=False, cmake_force_configure=False, cmake_target=None, cmake_target_skip_unavailable=False, continue_on_error=False, event_handlers=None, executor='parallel', ignore_user_meta=False, install_base='install', log_base=None, log_level=None, main=<bound method BuildVerb.main of <colcon_core.verb.build.BuildVerb object at 0x7fb280de10>>, merge_install=False, metas=['./colcon.meta'], packages_above=None, packages_above_and_dependencies=None, packages_above_depth=None, packages_end=None, packages_ignore=None, packages_ignore_regex=None, packages_select=['ugv_robot', 'ugv_robot_msgs'], packages_select_build_failed=False, packages_select_by_dep=None, packages_select_regex=None, packages_select_test_failures=False, packages_skip=None, packages_skip_build_finished=False, packages_skip_by_dep=None, packages_skip_regex=None, packages_skip_test_passed=False, packages_skip_up_to=None, packages_start=None, packages_up_to=None, packages_up_to_regex=None, parallel_workers=4, paths=None, symlink_install=True, test_result_base=None, verb_extension=<colcon_core.verb.build.BuildVerb object at 0x7fb280de10>, verb_name='build', verb_parser=<colcon_defaults.argument_parser.defaults.DefaultArgumentsDecorator object at 0x7fb26dc860>)
[2.032s] Level 1:colcon.colcon_core.package_discovery:discover_packages(colcon_meta) check parameters
[2.032s] Level 1:colcon.colcon_core.package_discovery:discover_packages(recursive) check parameters
[2.032s] Level 1:colcon.colcon_core.package_discovery:discover_packages(ignore) check parameters
[2.033s] Level 1:colcon.colcon_core.package_discovery:discover_packages(path) check parameters
[2.033s] Level 1:colcon.colcon_core.package_discovery:discover_packages(colcon_meta) discover
[2.034s] Level 1:colcon.colcon_core.package_discovery:discover_packages(recursive) discover
[2.035s] INFO:colcon.colcon_core.package_discovery:Crawling recursively for packages in '/workspace'
[2.035s] Level 1:colcon.colcon_core.package_identification:_identify(.) by extensions ['ignore', 'ignore_ament_install']
[2.036s] Level 1:colcon.colcon_core.package_identification:_identify(.) by extension 'ignore'
[2.036s] Level 1:colcon.colcon_core.package_identification:_identify(.) by extension 'ignore_ament_install'
[2.036s] Level 1:colcon.colcon_core.package_identification:_identify(.) by extensions ['colcon_pkg']
[2.036s] Level 1:colcon.colcon_core.package_identification:_identify(.) by extension 'colcon_pkg'
[2.037s] Level 1:colcon.colcon_core.package_identification:_identify(.) by extensions ['colcon_meta']
[2.037s] Level 1:colcon.colcon_core.package_identification:_identify(.) by extension 'colcon_meta'
[2.037s] Level 1:colcon.colcon_core.package_identification:_identify(.) by extensions ['ros']
[2.037s] Level 1:colcon.colcon_core.package_identification:_identify(.) by extension 'ros'
[2.276s] Level 1:colcon.colcon_core.package_identification:_identify(.) by extensions ['cmake', 'python']
[2.276s] Level 1:colcon.colcon_core.package_identification:_identify(.) by extension 'cmake'
[2.277s] Level 1:colcon.colcon_core.package_identification:_identify(.) by extension 'python'
[2.277s] Level 1:colcon.colcon_core.package_identification:_identify(.) by extensions ['python_setup_py']
[2.277s] Level 1:colcon.colcon_core.package_identification:_identify(.) by extension 'python_setup_py'
[2.278s] Level 1:colcon.colcon_core.package_identification:_identify(build) by extensions ['ignore', 'ignore_ament_install']
[2.278s] Level 1:colcon.colcon_core.package_identification:_identify(build) by extension 'ignore'
[2.278s] Level 1:colcon.colcon_core.package_identification:_identify(build) ignored
[2.280s] Level 1:colcon.colcon_core.package_identification:_identify(install) by extensions ['ignore', 'ignore_ament_install']
[2.281s] Level 1:colcon.colcon_core.package_identification:_identify(install) by extension 'ignore'
[2.281s] Level 1:colcon.colcon_core.package_identification:_identify(install) ignored
[2.282s] Level 1:colcon.colcon_core.package_identification:_identify(log) by extensions ['ignore', 'ignore_ament_install']
[2.282s] Level 1:colcon.colcon_core.package_identification:_identify(log) by extension 'ignore'
[2.282s] Level 1:colcon.colcon_core.package_identification:_identify(log) ignored
[2.283s] Level 1:colcon.colcon_core.package_identification:_identify(models) by extensions ['ignore', 'ignore_ament_install']
[2.283s] Level 1:colcon.colcon_core.package_identification:_identify(models) by extension 'ignore'
[2.283s] Level 1:colcon.colcon_core.package_identification:_identify(models) by extension 'ignore_ament_install'
[2.284s] Level 1:colcon.colcon_core.package_identification:_identify(models) by extensions ['colcon_pkg']
[2.284s] Level 1:colcon.colcon_core.package_identification:_identify(models) by extension 'colcon_pkg'
[2.284s] Level 1:colcon.colcon_core.package_identification:_identify(models) by extensions ['colcon_meta']
[2.284s] Level 1:colcon.colcon_core.package_identification:_identify(models) by extension 'colcon_meta'
[2.285s] Level 1:colcon.colcon_core.package_identification:_identify(models) by extensions ['ros']
[2.285s] Level 1:colcon.colcon_core.package_identification:_identify(models) by extension 'ros'
[2.285s] Level 1:colcon.colcon_core.package_identification:_identify(models) by extensions ['cmake', 'python']
[2.285s] Level 1:colcon.colcon_core.package_identification:_identify(models) by extension 'cmake'
[2.286s] Level 1:colcon.colcon_core.package_identification:_identify(models) by extension 'python'
[2.286s] Level 1:colcon.colcon_core.package_identification:_identify(models) by extensions ['python_setup_py']
[2.286s] Level 1:colcon.colcon_core.package_identification:_identify(models) by extension 'python_setup_py'
[2.290s] Level 1:colcon.colcon_core.package_identification:_identify(src) by extensions ['ignore', 'ignore_ament_install']
[2.291s] Level 1:colcon.colcon_core.package_identification:_identify(src) by extension 'ignore'
[2.292s] Level 1:colcon.colcon_core.package_identification:_identify(src) by extension 'ignore_ament_install'
[2.292s] Level 1:colcon.colcon_core.package_identification:_identify(src) by extensions ['colcon_pkg']
[2.292s] Level 1:colcon.colcon_core.package_identification:_identify(src) by extension 'colcon_pkg'
[2.293s] Level 1:colcon.colcon_core.package_identification:_identify(src) by extensions ['colcon_meta']
[2.293s] Level 1:colcon.colcon_core.package_identification:_identify(src) by extension 'colcon_meta'
[2.293s] Level 1:colcon.colcon_core.package_identification:_identify(src) by extensions ['ros']
[2.293s] Level 1:colcon.colcon_core.package_identification:_identify(src) by extension 'ros'
[2.294s] Level 1:colcon.colcon_core.package_identification:_identify(src) by extensions ['cmake', 'python']
[2.294s] Level 1:colcon.colcon_core.package_identification:_identify(src) by extension 'cmake'
[2.294s] Level 1:colcon.colcon_core.package_identification:_identify(src) by extension 'python'
[2.294s] Level 1:colcon.colcon_core.package_identification:_identify(src) by extensions ['python_setup_py']
[2.295s] Level 1:colcon.colcon_core.package_identification:_identify(src) by extension 'python_setup_py'
[2.296s] Level 1:colcon.colcon_core.package_identification:_identify(src/ugv_robot) by extensions ['ignore', 'ignore_ament_install']
[2.296s] Level 1:colcon.colcon_core.package_identification:_identify(src/ugv_robot) by extension 'ignore'
[2.297s] Level 1:colcon.colcon_core.package_identification:_identify(src/ugv_robot) by extension 'ignore_ament_install'
[2.297s] Level 1:colcon.colcon_core.package_identification:_identify(src/ugv_robot) by extensions ['colcon_pkg']
[2.297s] Level 1:colcon.colcon_core.package_identification:_identify(src/ugv_robot) by extension 'colcon_pkg'
[2.297s] Level 1:colcon.colcon_core.package_identification:_identify(src/ugv_robot) by extensions ['colcon_meta']
[2.297s] Level 1:colcon.colcon_core.package_identification:_identify(src/ugv_robot) by extension 'colcon_meta'
[2.298s] Level 1:colcon.colcon_core.package_identification:_identify(src/ugv_robot) by extensions ['ros']
[2.298s] Level 1:colcon.colcon_core.package_identification:_identify(src/ugv_robot) by extension 'ros'
[2.320s] DEBUG:colcon.colcon_core.package_identification:Package 'src/ugv_robot' with type 'ros.ament_python' and name 'ugv_robot'
[2.320s] Level 1:colcon.colcon_core.package_identification:_identify(src/ugv_robot_msgs) by extensions ['ignore', 'ignore_ament_install']
[2.321s] Level 1:colcon.colcon_core.package_identification:_identify(src/ugv_robot_msgs) by extension 'ignore'
[2.321s] Level 1:colcon.colcon_core.package_identification:_identify(src/ugv_robot_msgs) by extension 'ignore_ament_install'
[2.322s] Level 1:colcon.colcon_core.package_identification:_identify(src/ugv_robot_msgs) by extensions ['colcon_pkg']
[2.322s] Level 1:colcon.colcon_core.package_identification:_identify(src/ugv_robot_msgs) by extension 'colcon_pkg'
[2.322s] Level 1:colcon.colcon_core.package_identification:_identify(src/ugv_robot_msgs) by extensions ['colcon_meta']
[2.322s] Level 1:colcon.colcon_core.package_identification:_identify(src/ugv_robot_msgs) by extension 'colcon_meta'
[2.322s] Level 1:colcon.colcon_core.package_identification:_identify(src/ugv_robot_msgs) by extensions ['ros']
[2.323s] Level 1:colcon.colcon_core.package_identification:_identify(src/ugv_robot_msgs) by extension 'ros'
[2.328s] DEBUG:colcon.colcon_core.package_identification:Package 'src/ugv_robot_msgs' with type 'ros.ament_cmake' and name 'ugv_robot_msgs'
[2.329s] Level 1:colcon.colcon_core.package_discovery:discover_packages(recursive) using defaults
[2.330s] Level 1:colcon.colcon_core.package_discovery:discover_packages(ignore) discover
[2.330s] Level 1:colcon.colcon_core.package_discovery:discover_packages(ignore) using defaults
[2.330s] Level 1:colcon.colcon_core.package_discovery:discover_packages(path) discover
[2.330s] Level 1:colcon.colcon_core.package_discovery:discover_packages(path) using defaults
[2.481s] Level 5:colcon.colcon_core.verb:set package 'ugv_robot_msgs' build argument 'cmake_args' from command line to 'None'
[2.481s] Level 5:colcon.colcon_core.verb:set package 'ugv_robot_msgs' build argument 'cmake_target' from command line to 'None'
[2.482s] Level 5:colcon.colcon_core.verb:set package 'ugv_robot_msgs' build argument 'cmake_target_skip_unavailable' from command line to 'False'
[2.482s] Level 5:colcon.colcon_core.verb:set package 'ugv_robot_msgs' build argument 'cmake_clean_cache' from command line to 'False'
[2.482s] Level 5:colcon.colcon_core.verb:set package 'ugv_robot_msgs' build argument 'cmake_clean_first' from command line to 'False'
[2.482s] Level 5:colcon.colcon_core.verb:set package 'ugv_robot_msgs' build argument 'cmake_force_configure' from command line to 'False'
[2.482s] Level 5:colcon.colcon_core.verb:set package 'ugv_robot_msgs' build argument 'ament_cmake_args' from command line to 'None'
[2.483s] Level 5:colcon.colcon_core.verb:set package 'ugv_robot_msgs' build argument 'catkin_cmake_args' from command line to 'None'
[2.483s] Level 5:colcon.colcon_core.verb:set package 'ugv_robot_msgs' build argument 'catkin_skip_building_tests' from command line to 'False'
[2.483s] DEBUG:colcon.colcon_core.verb:Building package 'ugv_robot_msgs' with the following arguments: {'ament_cmake_args': None, 'build_base': '/workspace/build/ugv_robot_msgs', 'catkin_cmake_args': None, 'catkin_skip_building_tests': False, 'cmake_args': None, 'cmake_clean_cache': False, 'cmake_clean_first': False, 'cmake_force_configure': False, 'cmake_target': None, 'cmake_target_skip_unavailable': False, 'install_base': '/workspace/install/ugv_robot_msgs', 'merge_install': False, 'path': '/workspace/src/ugv_robot_msgs', 'symlink_install': True, 'test_result_base': None}
[2.485s] Level 5:colcon.colcon_core.verb:set package 'ugv_robot' build argument 'cmake_args' from command line to 'None'
[2.486s] Level 5:colcon.colcon_core.verb:set package 'ugv_robot' build argument 'cmake_target' from command line to 'None'
[2.486s] Level 5:colcon.colcon_core.verb:set package 'ugv_robot' build argument 'cmake_target_skip_unavailable' from command line to 'False'
[2.486s] Level 5:colcon.colcon_core.verb:set package 'ugv_robot' build argument 'cmake_clean_cache' from command line to 'False'
[2.486s] Level 5:colcon.colcon_core.verb:set package 'ugv_robot' build argument 'cmake_clean_first' from command line to 'False'
[2.486s] Level 5:colcon.colcon_core.verb:set package 'ugv_robot' build argument 'cmake_force_configure' from command line to 'False'
[2.486s] Level 5:colcon.colcon_core.verb:set package 'ugv_robot' build argument 'ament_cmake_args' from command line to 'None'
[2.487s] Level 5:colcon.colcon_core.verb:set package 'ugv_robot' build argument 'catkin_cmake_args' from command line to 'None'
[2.487s] Level 5:colcon.colcon_core.verb:set package 'ugv_robot' build argument 'catkin_skip_building_tests' from command line to 'False'
[2.487s] DEBUG:colcon.colcon_core.verb:Building package 'ugv_robot' with the following arguments: {'ament_cmake_args': None, 'build_base': '/workspace/build/ugv_robot', 'catkin_cmake_args': None, 'catkin_skip_building_tests': False, 'cmake_args': None, 'cmake_clean_cache': False, 'cmake_clean_first': False, 'cmake_force_configure': False, 'cmake_target': None, 'cmake_target_skip_unavailable': False, 'install_base': '/workspace/install/ugv_robot', 'merge_install': False, 'path': '/workspace/src/ugv_robot', 'symlink_install': True, 'test_result_base': None}
[2.488s] INFO:colcon.colcon_core.executor:Executing jobs using 'parallel' executor
[2.495s] DEBUG:colcon.colcon_parallel_executor.executor.parallel:run_until_complete
[2.496s] INFO:colcon.colcon_ros.task.ament_cmake.build:Building ROS package in '/workspace/src/ugv_robot_msgs' with build type 'ament_cmake'
[2.498s] INFO:colcon.colcon_cmake.task.cmake.build:Building CMake package in '/workspace/src/ugv_robot_msgs'
[2.516s] INFO:colcon.colcon_core.plugin_system:Skipping extension 'colcon_core.shell.bat': Not used on non-Windows systems
[2.518s] INFO:colcon.colcon_core.shell:Skip shell extension 'powershell' for command environment: Not usable outside of PowerShell
[2.518s] DEBUG:colcon.colcon_core.shell:Skip shell extension 'dsv' for command environment
[2.558s] DEBUG:colcon.colcon_core.event_handler.log_command:Invoking command in '/workspace/build/ugv_robot_msgs': /usr/local/bin/cmake --build /workspace/build/ugv_robot_msgs -- -j4 -l4
[3.433s] DEBUG:colcon.colcon_core.event_handler.log_command:Invoked command in '/workspace/build/ugv_robot_msgs' returned '2': /usr/local/bin/cmake --build /workspace/build/ugv_robot_msgs -- -j4 -l4
[3.883s] Level 1:colcon.colcon_core.environment:create_environment_scripts_only(ugv_robot_msgs)
[3.907s] Level 1:colcon.colcon_core.environment:checking '/workspace/install/ugv_robot_msgs' for CMake module files
[3.920s] Level 1:colcon.colcon_core.environment:checking '/workspace/install/ugv_robot_msgs' for CMake config files
[3.948s] Level 1:colcon.colcon_core.shell:create_environment_hook('ugv_robot_msgs', 'cmake_prefix_path')
[3.950s] INFO:colcon.colcon_core.shell:Creating environment hook '/workspace/install/ugv_robot_msgs/share/ugv_robot_msgs/hook/cmake_prefix_path.ps1'
[3.956s] INFO:colcon.colcon_core.shell:Creating environment descriptor '/workspace/install/ugv_robot_msgs/share/ugv_robot_msgs/hook/cmake_prefix_path.dsv'
[3.961s] INFO:colcon.colcon_core.shell:Creating environment hook '/workspace/install/ugv_robot_msgs/share/ugv_robot_msgs/hook/cmake_prefix_path.sh'
[3.968s] Level 1:colcon.colcon_core.environment:checking '/workspace/install/ugv_robot_msgs/lib'
[3.969s] Level 1:colcon.colcon_core.shell:create_environment_hook('ugv_robot_msgs', 'ld_library_path_lib')
[3.970s] INFO:colcon.colcon_core.shell:Creating environment hook '/workspace/install/ugv_robot_msgs/share/ugv_robot_msgs/hook/ld_library_path_lib.ps1'
[3.972s] INFO:colcon.colcon_core.shell:Creating environment descriptor '/workspace/install/ugv_robot_msgs/share/ugv_robot_msgs/hook/ld_library_path_lib.dsv'
[3.973s] INFO:colcon.colcon_core.shell:Creating environment hook '/workspace/install/ugv_robot_msgs/share/ugv_robot_msgs/hook/ld_library_path_lib.sh'
[3.975s] Level 1:colcon.colcon_core.environment:checking '/workspace/install/ugv_robot_msgs/bin'
[3.976s] Level 1:colcon.colcon_core.environment:checking '/workspace/install/ugv_robot_msgs/lib/pkgconfig/ugv_robot_msgs.pc'
[3.976s] Level 1:colcon.colcon_core.environment:checking '/workspace/install/ugv_robot_msgs/lib/python3.6/site-packages'
[3.977s] Level 1:colcon.colcon_core.shell:create_environment_hook('ugv_robot_msgs', 'pythonpath')
[3.978s] INFO:colcon.colcon_core.shell:Creating environment hook '/workspace/install/ugv_robot_msgs/share/ugv_robot_msgs/hook/pythonpath.ps1'
[3.980s] INFO:colcon.colcon_core.shell:Creating environment descriptor '/workspace/install/ugv_robot_msgs/share/ugv_robot_msgs/hook/pythonpath.dsv'
[3.981s] INFO:colcon.colcon_core.shell:Creating environment hook '/workspace/install/ugv_robot_msgs/share/ugv_robot_msgs/hook/pythonpath.sh'
[3.983s] Level 1:colcon.colcon_core.environment:checking '/workspace/install/ugv_robot_msgs/bin'
[3.985s] INFO:colcon.colcon_core.shell:Creating package script '/workspace/install/ugv_robot_msgs/share/ugv_robot_msgs/package.ps1'
[3.991s] INFO:colcon.colcon_core.shell:Creating package descriptor '/workspace/install/ugv_robot_msgs/share/ugv_robot_msgs/package.dsv'
[3.997s] INFO:colcon.colcon_core.shell:Creating package script '/workspace/install/ugv_robot_msgs/share/ugv_robot_msgs/package.sh'
[4.003s] INFO:colcon.colcon_core.shell:Creating package script '/workspace/install/ugv_robot_msgs/share/ugv_robot_msgs/package.bash'
[4.009s] INFO:colcon.colcon_core.shell:Creating package script '/workspace/install/ugv_robot_msgs/share/ugv_robot_msgs/package.zsh'
[4.016s] Level 1:colcon.colcon_core.environment:create_file_with_runtime_dependencies(/workspace/install/ugv_robot_msgs/share/colcon-core/packages/ugv_robot_msgs)
[4.029s] DEBUG:colcon.colcon_parallel_executor.executor.parallel:closing loop
[4.030s] DEBUG:colcon.colcon_parallel_executor.executor.parallel:loop closed
[4.030s] DEBUG:colcon.colcon_parallel_executor.executor.parallel:run_until_complete finished with '2'
[4.031s] DEBUG:colcon.colcon_core.event_reactor:joining thread
[4.096s] INFO:colcon.colcon_core.plugin_system:Skipping extension 'colcon_notification.desktop_notification.notify_send': Could not find 'notify-send'
[4.097s] INFO:colcon.colcon_core.plugin_system:Skipping extension 'colcon_notification.desktop_notification.terminal_notifier': Not used on non-Darwin systems
[4.097s] INFO:colcon.colcon_core.plugin_system:Skipping extension 'colcon_notification.desktop_notification.win32': Not used on non-Windows systems
[4.098s] INFO:colcon.colcon_notification.desktop_notification:Sending desktop notification using 'notify2'
[4.098s] DEBUG:colcon.colcon_notification.desktop_notification.notify2:Failed to initialize notify2: org.freedesktop.DBus.Error.NotSupported: Unable to autolaunch a dbus-daemon without a $DISPLAY for X11
[4.098s] DEBUG:colcon.colcon_core.event_reactor:joined thread
[4.100s] INFO:colcon.colcon_core.shell:Creating prefix script '/workspace/install/local_setup.ps1'
[4.106s] INFO:colcon.colcon_core.shell:Creating prefix util module '/workspace/install/_local_setup_util_ps1.py'
[4.118s] INFO:colcon.colcon_core.shell:Creating prefix chain script '/workspace/install/setup.ps1'
[4.125s] INFO:colcon.colcon_core.shell:Creating prefix script '/workspace/install/local_setup.sh'
[4.131s] INFO:colcon.colcon_core.shell:Creating prefix util module '/workspace/install/_local_setup_util_sh.py'
[4.133s] INFO:colcon.colcon_core.shell:Creating prefix chain script '/workspace/install/setup.sh'
[4.139s] INFO:colcon.colcon_core.shell:Creating prefix script '/workspace/install/local_setup.bash'
[4.142s] INFO:colcon.colcon_core.shell:Creating prefix chain script '/workspace/install/setup.bash'
[4.147s] INFO:colcon.colcon_core.shell:Creating prefix script '/workspace/install/local_setup.zsh'
[4.150s] INFO:colcon.colcon_core.shell:Creating prefix chain script '/workspace/install/setup.zsh'
