-- Found ament_cmake: 0.9.12 (/opt/ros/foxy/install/share/ament_cmake/cmake)
-- Using PYTHON_EXECUTABLE: /usr/bin/python3
-- Override CMake install command with custom implementation using symlinks instead of copying resources
-- Found rosidl_default_generators: 1.0.1 (/opt/ros/foxy/install/share/rosidl_default_generators/cmake)
-- Using all available rosidl_typesupport_c: rosidl_typesupport_fastrtps_c;rosidl_typesupport_introspection_c
-- Found rosidl_adapter: 1.3.1 (/opt/ros/foxy/install/share/rosidl_adapter/cmake)
-- Using all available rosidl_typesupport_cpp: rosidl_typesupport_fastrtps_cpp;rosidl_typesupport_introspection_cpp
-- Found PythonInterp: /usr/bin/python3 (found version "3.6.9") 
-- Found ament_cmake_ros: 0.9.2 (/opt/ros/foxy/install/share/ament_cmake_ros/cmake)
-- Using all available rosidl_typesupport_c: rosidl_typesupport_fastrtps_c;rosidl_typesupport_introspection_c
-- Using all available rosidl_typesupport_cpp: rosidl_typesupport_fastrtps_cpp;rosidl_typesupport_introspection_cpp
-- Found PythonInterp: /usr/bin/python3 (found suitable version "3.6.9", minimum required is "3.5") 
-- Found python_cmake_module: 0.8.1 (/opt/ros/foxy/install/share/python_cmake_module/cmake)
-- Using PYTHON_EXECUTABLE: /usr/bin/python3
-- Using PYTHON_INCLUDE_DIRS: /usr/include/python3.6m
-- Using PYTHON_LIBRARIES: /usr/lib/aarch64-linux-gnu/libpython3.6m.so
-- Using numpy include directory: /usr/local/lib/python3.6/dist-packages/numpy/core/include
-- Configuring done (4.9s)
-- Generating done (0.3s)
-- Build files have been written to: /workspace/build/ugv_robot_msgs
[  1%] [34m[1mGenerating C code for ROS interfaces[0m
[  3%] [34m[1mGenerating C++ code for ROS interfaces[0m
[  3%] Built target ugv_robot_msgs__cpp
[  4%] [34m[1mGenerating C++ type support dispatch for ROS interfaces[0m
[  6%] [34m[1mGenerating C++ type support for eProsima Fast-RTPS[0m
[  7%] [34m[1mGenerating C++ introspection for ROS interfaces[0m
[  9%] [32mBuilding C object CMakeFiles/ugv_robot_msgs__rosidl_generator_c.dir/rosidl_generator_c/ugv_robot_msgs/msg/detail/stm_command__functions.c.o[0m
[ 11%] [32mBuilding C object CMakeFiles/ugv_robot_msgs__rosidl_generator_c.dir/rosidl_generator_c/ugv_robot_msgs/msg/detail/gcs_relay__functions.c.o[0m
[ 12%] [32mBuilding C object CMakeFiles/ugv_robot_msgs__rosidl_generator_c.dir/rosidl_generator_c/ugv_robot_msgs/msg/detail/lrf_status__functions.c.o[0m
[ 14%] [32mBuilding C object CMakeFiles/ugv_robot_msgs__rosidl_generator_c.dir/rosidl_generator_c/ugv_robot_msgs/msg/detail/health__functions.c.o[0m
[ 15%] [32mBuilding C object CMakeFiles/ugv_robot_msgs__rosidl_generator_c.dir/rosidl_generator_c/ugv_robot_msgs/msg/detail/person_detection__functions.c.o[0m
[ 17%] [32m[1mLinking C shared library libugv_robot_msgs__rosidl_generator_c.so[0m
[ 17%] Built target ugv_robot_msgs__rosidl_generator_c
[ 19%] [34m[1mGenerating C introspection for ROS interfaces[0m
[ 20%] [32mBuilding CXX object CMakeFiles/ugv_robot_msgs__rosidl_typesupport_cpp.dir/rosidl_typesupport_cpp/ugv_robot_msgs/msg/stm_command__type_support.cpp.o[0m
[ 22%] [32mBuilding CXX object CMakeFiles/ugv_robot_msgs__rosidl_typesupport_introspection_cpp.dir/rosidl_typesupport_introspection_cpp/ugv_robot_msgs/msg/detail/stm_command__type_support.cpp.o[0m
[ 23%] [32mBuilding CXX object CMakeFiles/ugv_robot_msgs__rosidl_typesupport_fastrtps_cpp.dir/rosidl_typesupport_fastrtps_cpp/ugv_robot_msgs/msg/detail/dds_fastrtps/stm_command__type_support.cpp.o[0m
[ 25%] [32mBuilding CXX object CMakeFiles/ugv_robot_msgs__rosidl_typesupport_cpp.dir/rosidl_typesupport_cpp/ugv_robot_msgs/msg/gcs_relay__type_support.cpp.o[0m
[ 26%] [32mBuilding CXX object CMakeFiles/ugv_robot_msgs__rosidl_typesupport_introspection_cpp.dir/rosidl_typesupport_introspection_cpp/ugv_robot_msgs/msg/detail/gcs_relay__type_support.cpp.o[0m
[ 28%] [32mBuilding CXX object CMakeFiles/ugv_robot_msgs__rosidl_typesupport_cpp.dir/rosidl_typesupport_cpp/ugv_robot_msgs/msg/lrf_status__type_support.cpp.o[0m
[ 30%] [32mBuilding C object CMakeFiles/ugv_robot_msgs__rosidl_typesupport_introspection_c.dir/rosidl_typesupport_introspection_c/ugv_robot_msgs/msg/detail/stm_command__type_support.c.o[0m
[ 31%] [32mBuilding C object CMakeFiles/ugv_robot_msgs__rosidl_typesupport_introspection_c.dir/rosidl_typesupport_introspection_c/ugv_robot_msgs/msg/detail/gcs_relay__type_support.c.o[0m
[ 33%] [32mBuilding C object CMakeFiles/ugv_robot_msgs__rosidl_typesupport_introspection_c.dir/rosidl_typesupport_introspection_c/ugv_robot_msgs/msg/detail/lrf_status__type_support.c.o[0m
[ 34%] [32mBuilding CXX object CMakeFiles/ugv_robot_msgs__rosidl_typesupport_introspection_cpp.dir/rosidl_typesupport_introspection_cpp/ugv_robot_msgs/msg/detail/lrf_status__type_support.cpp.o[0m
[ 36%] [32mBuilding CXX object CMakeFiles/ugv_robot_msgs__rosidl_typesupport_fastrtps_cpp.dir/rosidl_typesupport_fastrtps_cpp/ugv_robot_msgs/msg/detail/dds_fastrtps/gcs_relay__type_support.cpp.o[0m
[ 38%] [32mBuilding C object CMakeFiles/ugv_robot_msgs__rosidl_typesupport_introspection_c.dir/rosidl_typesupport_introspection_c/ugv_robot_msgs/msg/detail/health__type_support.c.o[0m
[ 39%] [32mBuilding C object CMakeFiles/ugv_robot_msgs__rosidl_typesupport_introspection_c.dir/rosidl_typesupport_introspection_c/ugv_robot_msgs/msg/detail/person_detection__type_support.c.o[0m
[ 41%] [32m[1mLinking C shared library libugv_robot_msgs__rosidl_typesupport_introspection_c.so[0m
[ 41%] Built target ugv_robot_msgs__rosidl_typesupport_introspection_c
[ 42%] [34m[1mGenerating C type support dispatch for ROS interfaces[0m
[ 44%] [32mBuilding CXX object CMakeFiles/ugv_robot_msgs__rosidl_typesupport_cpp.dir/rosidl_typesupport_cpp/ugv_robot_msgs/msg/health__type_support.cpp.o[0m
[ 46%] [32mBuilding CXX object CMakeFiles/ugv_robot_msgs__rosidl_typesupport_introspection_cpp.dir/rosidl_typesupport_introspection_cpp/ugv_robot_msgs/msg/detail/health__type_support.cpp.o[0m
[ 47%] [32mBuilding CXX object CMakeFiles/ugv_robot_msgs__rosidl_typesupport_fastrtps_cpp.dir/rosidl_typesupport_fastrtps_cpp/ugv_robot_msgs/msg/detail/dds_fastrtps/lrf_status__type_support.cpp.o[0m
[ 49%] [32mBuilding CXX object CMakeFiles/ugv_robot_msgs__rosidl_typesupport_cpp.dir/rosidl_typesupport_cpp/ugv_robot_msgs/msg/person_detection__type_support.cpp.o[0m
[ 50%] [32mBuilding CXX object CMakeFiles/ugv_robot_msgs__rosidl_typesupport_introspection_cpp.dir/rosidl_typesupport_introspection_cpp/ugv_robot_msgs/msg/detail/person_detection__type_support.cpp.o[0m
[ 52%] [32m[1mLinking CXX shared library libugv_robot_msgs__rosidl_typesupport_cpp.so[0m
[ 52%] Built target ugv_robot_msgs__rosidl_typesupport_cpp
[ 53%] [32mBuilding CXX object CMakeFiles/ugv_robot_msgs__rosidl_typesupport_fastrtps_cpp.dir/rosidl_typesupport_fastrtps_cpp/ugv_robot_msgs/msg/detail/dds_fastrtps/health__type_support.cpp.o[0m
[ 55%] [32mBuilding CXX object CMakeFiles/ugv_robot_msgs__rosidl_typesupport_fastrtps_cpp.dir/rosidl_typesupport_fastrtps_cpp/ugv_robot_msgs/msg/detail/dds_fastrtps/person_detection__type_support.cpp.o[0m
[ 57%] [32m[1mLinking CXX shared library libugv_robot_msgs__rosidl_typesupport_introspection_cpp.so[0m
[ 58%] [32mBuilding CXX object CMakeFiles/ugv_robot_msgs__rosidl_typesupport_c.dir/rosidl_typesupport_c/ugv_robot_msgs/msg/stm_command__type_support.cpp.o[0m
[ 58%] Built target ugv_robot_msgs__rosidl_typesupport_introspection_cpp
[ 60%] [32mBuilding CXX object CMakeFiles/ugv_robot_msgs__rosidl_typesupport_c.dir/rosidl_typesupport_c/ugv_robot_msgs/msg/gcs_relay__type_support.cpp.o[0m
[ 61%] [32mBuilding CXX object CMakeFiles/ugv_robot_msgs__rosidl_typesupport_c.dir/rosidl_typesupport_c/ugv_robot_msgs/msg/lrf_status__type_support.cpp.o[0m
[ 63%] [32mBuilding CXX object CMakeFiles/ugv_robot_msgs__rosidl_typesupport_c.dir/rosidl_typesupport_c/ugv_robot_msgs/msg/health__type_support.cpp.o[0m
[ 65%] [32mBuilding CXX object CMakeFiles/ugv_robot_msgs__rosidl_typesupport_c.dir/rosidl_typesupport_c/ugv_robot_msgs/msg/person_detection__type_support.cpp.o[0m
[ 66%] [32m[1mLinking CXX shared library libugv_robot_msgs__rosidl_typesupport_c.so[0m
[ 66%] Built target ugv_robot_msgs__rosidl_typesupport_c
[ 68%] [32m[1mLinking CXX shared library libugv_robot_msgs__rosidl_typesupport_fastrtps_cpp.so[0m
[ 68%] Built target ugv_robot_msgs__rosidl_typesupport_fastrtps_cpp
[ 69%] [34m[1mGenerating C type support for eProsima Fast-RTPS[0m
[ 73%] [32mBuilding CXX object CMakeFiles/ugv_robot_msgs__rosidl_typesupport_fastrtps_c.dir/rosidl_typesupport_fastrtps_c/ugv_robot_msgs/msg/detail/stm_command__type_support_c.cpp.o[0m
[ 73%] [32mBuilding CXX object CMakeFiles/ugv_robot_msgs__rosidl_typesupport_fastrtps_c.dir/rosidl_typesupport_fastrtps_c/ugv_robot_msgs/msg/detail/gcs_relay__type_support_c.cpp.o[0m
[ 74%] [32mBuilding CXX object CMakeFiles/ugv_robot_msgs__rosidl_typesupport_fastrtps_c.dir/rosidl_typesupport_fastrtps_c/ugv_robot_msgs/msg/detail/lrf_status__type_support_c.cpp.o[0m
[ 76%] [32mBuilding CXX object CMakeFiles/ugv_robot_msgs__rosidl_typesupport_fastrtps_c.dir/rosidl_typesupport_fastrtps_c/ugv_robot_msgs/msg/detail/health__type_support_c.cpp.o[0m
[ 77%] [32mBuilding CXX object CMakeFiles/ugv_robot_msgs__rosidl_typesupport_fastrtps_c.dir/rosidl_typesupport_fastrtps_c/ugv_robot_msgs/msg/detail/person_detection__type_support_c.cpp.o[0m
[ 79%] [32m[1mLinking CXX shared library libugv_robot_msgs__rosidl_typesupport_fastrtps_c.so[0m
[ 79%] Built target ugv_robot_msgs__rosidl_typesupport_fastrtps_c
[ 79%] Built target ugv_robot_msgs
[ 80%] [34m[1mGenerating Python code for ROS interfaces[0m
[ 80%] Built target ugv_robot_msgs__py
[ 82%] [32mBuilding C object CMakeFiles/ugv_robot_msgs__python.dir/rosidl_generator_py/ugv_robot_msgs/msg/_gcs_relay_s.c.o[0m
[ 84%] [32mBuilding C object CMakeFiles/ugv_robot_msgs__python.dir/rosidl_generator_py/ugv_robot_msgs/msg/_health_s.c.o[0m
[ 85%] [32mBuilding C object CMakeFiles/ugv_robot_msgs__python.dir/rosidl_generator_py/ugv_robot_msgs/msg/_stm_command_s.c.o[0m
[ 87%] [32mBuilding C object CMakeFiles/ugv_robot_msgs__python.dir/rosidl_generator_py/ugv_robot_msgs/msg/_lrf_status_s.c.o[0m
[ 88%] [32mBuilding C object CMakeFiles/ugv_robot_msgs__python.dir/rosidl_generator_py/ugv_robot_msgs/msg/_person_detection_s.c.o[0m
[ 90%] [32m[1mLinking C shared library rosidl_generator_py/ugv_robot_msgs/libugv_robot_msgs__python.so[0m
[ 90%] Built target ugv_robot_msgs__python
[ 92%] [32mBuilding C object CMakeFiles/ugv_robot_msgs__rosidl_typesupport_c__pyext.dir/rosidl_generator_py/ugv_robot_msgs/_ugv_robot_msgs_s.ep.rosidl_typesupport_c.c.o[0m
[ 93%] [32mBuilding C object CMakeFiles/ugv_robot_msgs__rosidl_typesupport_introspection_c__pyext.dir/rosidl_generator_py/ugv_robot_msgs/_ugv_robot_msgs_s.ep.rosidl_typesupport_introspection_c.c.o[0m
[ 95%] [32mBuilding C object CMakeFiles/ugv_robot_msgs__rosidl_typesupport_fastrtps_c__pyext.dir/rosidl_generator_py/ugv_robot_msgs/_ugv_robot_msgs_s.ep.rosidl_typesupport_fastrtps_c.c.o[0m
[ 96%] [32m[1mLinking C shared library rosidl_generator_py/ugv_robot_msgs/ugv_robot_msgs_s__rosidl_typesupport_c.cpython-36m-aarch64-linux-gnu.so[0m
[ 98%] [32m[1mLinking C shared library rosidl_generator_py/ugv_robot_msgs/ugv_robot_msgs_s__rosidl_typesupport_introspection_c.cpython-36m-aarch64-linux-gnu.so[0m
[100%] [32m[1mLinking CXX shared library rosidl_generator_py/ugv_robot_msgs/ugv_robot_msgs_s__rosidl_typesupport_fastrtps_c.cpython-36m-aarch64-linux-gnu.so[0m
[100%] Built target ugv_robot_msgs__rosidl_typesupport_c__pyext
[100%] Built target ugv_robot_msgs__rosidl_typesupport_introspection_c__pyext
[100%] Built target ugv_robot_msgs__rosidl_typesupport_fastrtps_c__pyext
-- Install configuration: ""
-- Execute custom install script
-- Up-to-date symlink: /workspace/install/ugv_robot_msgs/share/ament_index/resource_index/rosidl_interfaces/ugv_robot_msgs
-- Up-to-date symlink: /workspace/install/ugv_robot_msgs/include/ugv_robot_msgs/msg/detail/gcs_relay__functions.h
-- Up-to-date symlink: /workspace/install/ugv_robot_msgs/include/ugv_robot_msgs/msg/detail/gcs_relay__struct.h
-- Up-to-date symlink: /workspace/install/ugv_robot_msgs/include/ugv_robot_msgs/msg/detail/gcs_relay__type_support.h
-- Up-to-date symlink: /workspace/install/ugv_robot_msgs/include/ugv_robot_msgs/msg/detail/health__functions.h
-- Up-to-date symlink: /workspace/install/ugv_robot_msgs/include/ugv_robot_msgs/msg/detail/health__struct.h
-- Up-to-date symlink: /workspace/install/ugv_robot_msgs/include/ugv_robot_msgs/msg/detail/health__type_support.h
-- Up-to-date symlink: /workspace/install/ugv_robot_msgs/include/ugv_robot_msgs/msg/detail/lrf_status__functions.h
-- Up-to-date symlink: /workspace/install/ugv_robot_msgs/include/ugv_robot_msgs/msg/detail/lrf_status__struct.h
-- Up-to-date symlink: /workspace/install/ugv_robot_msgs/include/ugv_robot_msgs/msg/detail/lrf_status__type_support.h
-- Symlinking: /workspace/install/ugv_robot_msgs/include/ugv_robot_msgs/msg/detail/person_detection__functions.h
-- Symlinking: /workspace/install/ugv_robot_msgs/include/ugv_robot_msgs/msg/detail/person_detection__struct.h
-- Symlinking: /workspace/install/ugv_robot_msgs/include/ugv_robot_msgs/msg/detail/person_detection__type_support.h
-- Up-to-date symlink: /workspace/install/ugv_robot_msgs/include/ugv_robot_msgs/msg/detail/stm_command__functions.h
-- Up-to-date symlink: /workspace/install/ugv_robot_msgs/include/ugv_robot_msgs/msg/detail/stm_command__struct.h
-- Up-to-date symlink: /workspace/install/ugv_robot_msgs/include/ugv_robot_msgs/msg/detail/stm_command__type_support.h
-- Up-to-date symlink: /workspace/install/ugv_robot_msgs/include/ugv_robot_msgs/msg/gcs_relay.h
-- Up-to-date symlink: /workspace/install/ugv_robot_msgs/include/ugv_robot_msgs/msg/health.h
-- Up-to-date symlink: /workspace/install/ugv_robot_msgs/include/ugv_robot_msgs/msg/lrf_status.h
-- Symlinking: /workspace/install/ugv_robot_msgs/include/ugv_robot_msgs/msg/person_detection.h
-- Up-to-date symlink: /workspace/install/ugv_robot_msgs/include/ugv_robot_msgs/msg/rosidl_generator_c__visibility_control.h
-- Up-to-date symlink: /workspace/install/ugv_robot_msgs/include/ugv_robot_msgs/msg/stm_command.h
-- Up-to-date symlink: /workspace/install/ugv_robot_msgs/share/ugv_robot_msgs/environment/library_path.sh
-- Up-to-date symlink: /workspace/install/ugv_robot_msgs/share/ugv_robot_msgs/environment/library_path.dsv
-- Up-to-date symlink: /workspace/install/ugv_robot_msgs/include/ugv_robot_msgs/msg/detail/gcs_relay__rosidl_typesupport_fastrtps_c.h
-- Up-to-date symlink: /workspace/install/ugv_robot_msgs/include/ugv_robot_msgs/msg/detail/health__rosidl_typesupport_fastrtps_c.h
-- Up-to-date symlink: /workspace/install/ugv_robot_msgs/include/ugv_robot_msgs/msg/detail/lrf_status__rosidl_typesupport_fastrtps_c.h
-- Symlinking: /workspace/install/ugv_robot_msgs/include/ugv_robot_msgs/msg/detail/person_detection__rosidl_typesupport_fastrtps_c.h
-- Up-to-date symlink: /workspace/install/ugv_robot_msgs/include/ugv_robot_msgs/msg/detail/stm_command__rosidl_typesupport_fastrtps_c.h
-- Up-to-date symlink: /workspace/install/ugv_robot_msgs/include/ugv_robot_msgs/msg/rosidl_typesupport_fastrtps_c__visibility_control.h
-- Up-to-date symlink: /workspace/install/ugv_robot_msgs/lib/libugv_robot_msgs__rosidl_typesupport_fastrtps_c.so
-- Up-to-date symlink: /workspace/install/ugv_robot_msgs/include/ugv_robot_msgs/msg/detail/gcs_relay__rosidl_typesupport_fastrtps_cpp.hpp
-- Up-to-date symlink: /workspace/install/ugv_robot_msgs/include/ugv_robot_msgs/msg/detail/health__rosidl_typesupport_fastrtps_cpp.hpp
-- Up-to-date symlink: /workspace/install/ugv_robot_msgs/include/ugv_robot_msgs/msg/detail/lrf_status__rosidl_typesupport_fastrtps_cpp.hpp
-- Symlinking: /workspace/install/ugv_robot_msgs/include/ugv_robot_msgs/msg/detail/person_detection__rosidl_typesupport_fastrtps_cpp.hpp
-- Up-to-date symlink: /workspace/install/ugv_robot_msgs/include/ugv_robot_msgs/msg/detail/stm_command__rosidl_typesupport_fastrtps_cpp.hpp
-- Up-to-date symlink: /workspace/install/ugv_robot_msgs/include/ugv_robot_msgs/msg/rosidl_typesupport_fastrtps_cpp__visibility_control.h
-- Up-to-date symlink: /workspace/install/ugv_robot_msgs/lib/libugv_robot_msgs__rosidl_typesupport_fastrtps_cpp.so
-- Up-to-date symlink: /workspace/install/ugv_robot_msgs/include/ugv_robot_msgs/msg/detail/gcs_relay__rosidl_typesupport_introspection_c.h
-- Up-to-date symlink: /workspace/install/ugv_robot_msgs/include/ugv_robot_msgs/msg/detail/health__rosidl_typesupport_introspection_c.h
-- Up-to-date symlink: /workspace/install/ugv_robot_msgs/include/ugv_robot_msgs/msg/detail/lrf_status__rosidl_typesupport_introspection_c.h
-- Symlinking: /workspace/install/ugv_robot_msgs/include/ugv_robot_msgs/msg/detail/person_detection__rosidl_typesupport_introspection_c.h
-- Up-to-date symlink: /workspace/install/ugv_robot_msgs/include/ugv_robot_msgs/msg/detail/stm_command__rosidl_typesupport_introspection_c.h
-- Up-to-date symlink: /workspace/install/ugv_robot_msgs/include/ugv_robot_msgs/msg/rosidl_typesupport_introspection_c__visibility_control.h
-- Up-to-date symlink: /workspace/install/ugv_robot_msgs/include/ugv_robot_msgs/msg/detail/gcs_relay__builder.hpp
-- Up-to-date symlink: /workspace/install/ugv_robot_msgs/include/ugv_robot_msgs/msg/detail/gcs_relay__struct.hpp
-- Up-to-date symlink: /workspace/install/ugv_robot_msgs/include/ugv_robot_msgs/msg/detail/gcs_relay__traits.hpp
-- Up-to-date symlink: /workspace/install/ugv_robot_msgs/include/ugv_robot_msgs/msg/detail/gcs_relay__type_support.hpp
-- Up-to-date symlink: /workspace/install/ugv_robot_msgs/include/ugv_robot_msgs/msg/detail/health__builder.hpp
-- Up-to-date symlink: /workspace/install/ugv_robot_msgs/include/ugv_robot_msgs/msg/detail/health__struct.hpp
-- Up-to-date symlink: /workspace/install/ugv_robot_msgs/include/ugv_robot_msgs/msg/detail/health__traits.hpp
-- Up-to-date symlink: /workspace/install/ugv_robot_msgs/include/ugv_robot_msgs/msg/detail/health__type_support.hpp
-- Up-to-date symlink: /workspace/install/ugv_robot_msgs/include/ugv_robot_msgs/msg/detail/lrf_status__builder.hpp
-- Up-to-date symlink: /workspace/install/ugv_robot_msgs/include/ugv_robot_msgs/msg/detail/lrf_status__struct.hpp
-- Up-to-date symlink: /workspace/install/ugv_robot_msgs/include/ugv_robot_msgs/msg/detail/lrf_status__traits.hpp
-- Up-to-date symlink: /workspace/install/ugv_robot_msgs/include/ugv_robot_msgs/msg/detail/lrf_status__type_support.hpp
-- Symlinking: /workspace/install/ugv_robot_msgs/include/ugv_robot_msgs/msg/detail/person_detection__builder.hpp
-- Symlinking: /workspace/install/ugv_robot_msgs/include/ugv_robot_msgs/msg/detail/person_detection__struct.hpp
-- Symlinking: /workspace/install/ugv_robot_msgs/include/ugv_robot_msgs/msg/detail/person_detection__traits.hpp
-- Symlinking: /workspace/install/ugv_robot_msgs/include/ugv_robot_msgs/msg/detail/person_detection__type_support.hpp
-- Up-to-date symlink: /workspace/install/ugv_robot_msgs/include/ugv_robot_msgs/msg/detail/stm_command__builder.hpp
-- Up-to-date symlink: /workspace/install/ugv_robot_msgs/include/ugv_robot_msgs/msg/detail/stm_command__struct.hpp
-- Up-to-date symlink: /workspace/install/ugv_robot_msgs/include/ugv_robot_msgs/msg/detail/stm_command__traits.hpp
-- Up-to-date symlink: /workspace/install/ugv_robot_msgs/include/ugv_robot_msgs/msg/detail/stm_command__type_support.hpp
-- Up-to-date symlink: /workspace/install/ugv_robot_msgs/include/ugv_robot_msgs/msg/gcs_relay.hpp
-- Up-to-date symlink: /workspace/install/ugv_robot_msgs/include/ugv_robot_msgs/msg/health.hpp
-- Up-to-date symlink: /workspace/install/ugv_robot_msgs/include/ugv_robot_msgs/msg/lrf_status.hpp
-- Symlinking: /workspace/install/ugv_robot_msgs/include/ugv_robot_msgs/msg/person_detection.hpp
-- Up-to-date symlink: /workspace/install/ugv_robot_msgs/include/ugv_robot_msgs/msg/rosidl_generator_cpp__visibility_control.hpp
-- Up-to-date symlink: /workspace/install/ugv_robot_msgs/include/ugv_robot_msgs/msg/stm_command.hpp
-- Up-to-date symlink: /workspace/install/ugv_robot_msgs/include/ugv_robot_msgs/msg/detail/gcs_relay__rosidl_typesupport_introspection_cpp.hpp
-- Up-to-date symlink: /workspace/install/ugv_robot_msgs/include/ugv_robot_msgs/msg/detail/health__rosidl_typesupport_introspection_cpp.hpp
-- Up-to-date symlink: /workspace/install/ugv_robot_msgs/include/ugv_robot_msgs/msg/detail/lrf_status__rosidl_typesupport_introspection_cpp.hpp
-- Symlinking: /workspace/install/ugv_robot_msgs/include/ugv_robot_msgs/msg/detail/person_detection__rosidl_typesupport_introspection_cpp.hpp
-- Up-to-date symlink: /workspace/install/ugv_robot_msgs/include/ugv_robot_msgs/msg/detail/stm_command__rosidl_typesupport_introspection_cpp.hpp
-- Up-to-date symlink: /workspace/install/ugv_robot_msgs/share/ugv_robot_msgs/environment/pythonpath.sh
-- Up-to-date symlink: /workspace/install/ugv_robot_msgs/share/ugv_robot_msgs/environment/pythonpath.dsv
-- Up-to-date symlink: /workspace/install/ugv_robot_msgs/lib/python3.6/site-packages/ugv_robot_msgs/__init__.py
-- Up-to-date symlink: /workspace/install/ugv_robot_msgs/lib/python3.6/site-packages/ugv_robot_msgs/msg/__init__.py
-- Up-to-date symlink: /workspace/install/ugv_robot_msgs/lib/python3.6/site-packages/ugv_robot_msgs/msg/_gcs_relay.py
-- Up-to-date symlink: /workspace/install/ugv_robot_msgs/lib/python3.6/site-packages/ugv_robot_msgs/msg/_health.py
-- Up-to-date symlink: /workspace/install/ugv_robot_msgs/lib/python3.6/site-packages/ugv_robot_msgs/msg/_lrf_status.py
-- Symlinking: /workspace/install/ugv_robot_msgs/lib/python3.6/site-packages/ugv_robot_msgs/msg/_person_detection.py
-- Up-to-date symlink: /workspace/install/ugv_robot_msgs/lib/python3.6/site-packages/ugv_robot_msgs/msg/_stm_command.py
-- Up-to-date symlink: /workspace/install/ugv_robot_msgs/lib/python3.6/site-packages/ugv_robot_msgs/ugv_robot_msgs_s__rosidl_typesupport_fastrtps_c.cpython-36m-aarch64-linux-gnu.so
-- Up-to-date symlink: /workspace/install/ugv_robot_msgs/lib/python3.6/site-packages/ugv_robot_msgs/ugv_robot_msgs_s__rosidl_typesupport_introspection_c.cpython-36m-aarch64-linux-gnu.so
-- Up-to-date symlink: /workspace/install/ugv_robot_msgs/lib/python3.6/site-packages/ugv_robot_msgs/ugv_robot_msgs_s__rosidl_typesupport_c.cpython-36m-aarch64-linux-gnu.so
-- Up-to-date symlink: /workspace/install/ugv_robot_msgs/lib/libugv_robot_msgs__python.so
-- Up-to-date symlink: /workspace/install/ugv_robot_msgs/share/ugv_robot_msgs/msg/StmCommand.idl
-- Up-to-date symlink: /workspace/install/ugv_robot_msgs/share/ugv_robot_msgs/msg/GcsRelay.idl
-- Up-to-date symlink: /workspace/install/ugv_robot_msgs/share/ugv_robot_msgs/msg/LrfStatus.idl
-- Up-to-date symlink: /workspace/install/ugv_robot_msgs/share/ugv_robot_msgs/msg/Health.idl
-- Symlinking: /workspace/install/ugv_robot_msgs/share/ugv_robot_msgs/msg/PersonDetection.idl
-- Up-to-date symlink: /workspace/install/ugv_robot_msgs/share/ugv_robot_msgs/msg/StmCommand.msg
-- Up-to-date symlink: /workspace/install/ugv_robot_msgs/share/ugv_robot_msgs/msg/GcsRelay.msg
-- Up-to-date symlink: /workspace/install/ugv_robot_msgs/share/ugv_robot_msgs/msg/LrfStatus.msg
-- Up-to-date symlink: /workspace/install/ugv_robot_msgs/share/ugv_robot_msgs/msg/Health.msg
-- Symlinking: /workspace/install/ugv_robot_msgs/share/ugv_robot_msgs/msg/PersonDetection.msg
-- Up-to-date symlink: /workspace/install/ugv_robot_msgs/share/ament_index/resource_index/package_run_dependencies/ugv_robot_msgs
-- Up-to-date symlink: /workspace/install/ugv_robot_msgs/share/ament_index/resource_index/parent_prefix_path/ugv_robot_msgs
-- Up-to-date symlink: /workspace/install/ugv_robot_msgs/share/ugv_robot_msgs/environment/ament_prefix_path.sh
-- Up-to-date symlink: /workspace/install/ugv_robot_msgs/share/ugv_robot_msgs/environment/ament_prefix_path.dsv
-- Up-to-date symlink: /workspace/install/ugv_robot_msgs/share/ugv_robot_msgs/environment/path.sh
-- Up-to-date symlink: /workspace/install/ugv_robot_msgs/share/ugv_robot_msgs/environment/path.dsv
-- Up-to-date symlink: /workspace/install/ugv_robot_msgs/share/ugv_robot_msgs/local_setup.bash
-- Up-to-date symlink: /workspace/install/ugv_robot_msgs/share/ugv_robot_msgs/local_setup.sh
-- Up-to-date symlink: /workspace/install/ugv_robot_msgs/share/ugv_robot_msgs/local_setup.zsh
-- Up-to-date symlink: /workspace/install/ugv_robot_msgs/share/ugv_robot_msgs/local_setup.dsv
-- Symlinking: /workspace/install/ugv_robot_msgs/share/ugv_robot_msgs/package.dsv
-- Up-to-date symlink: /workspace/install/ugv_robot_msgs/share/ament_index/resource_index/packages/ugv_robot_msgs
-- Up-to-date symlink: /workspace/install/ugv_robot_msgs/share/ugv_robot_msgs/cmake/rosidl_cmake-extras.cmake
-- Up-to-date symlink: /workspace/install/ugv_robot_msgs/share/ugv_robot_msgs/cmake/ament_cmake_export_dependencies-extras.cmake
-- Up-to-date symlink: /workspace/install/ugv_robot_msgs/share/ugv_robot_msgs/cmake/ament_cmake_export_libraries-extras.cmake
-- Up-to-date symlink: /workspace/install/ugv_robot_msgs/share/ugv_robot_msgs/cmake/ament_cmake_export_targets-extras.cmake
-- Up-to-date symlink: /workspace/install/ugv_robot_msgs/share/ugv_robot_msgs/cmake/ament_cmake_export_include_directories-extras.cmake
-- Up-to-date symlink: /workspace/install/ugv_robot_msgs/share/ugv_robot_msgs/cmake/rosidl_cmake_export_typesupport_libraries-extras.cmake
-- Up-to-date symlink: /workspace/install/ugv_robot_msgs/share/ugv_robot_msgs/cmake/rosidl_cmake_export_typesupport_targets-extras.cmake
-- Up-to-date symlink: /workspace/install/ugv_robot_msgs/share/ugv_robot_msgs/cmake/ugv_robot_msgsConfig.cmake
-- Up-to-date symlink: /workspace/install/ugv_robot_msgs/share/ugv_robot_msgs/cmake/ugv_robot_msgsConfig-version.cmake
-- Up-to-date symlink: /workspace/install/ugv_robot_msgs/share/ugv_robot_msgs/package.xml
-- Installing: /workspace/install/ugv_robot_msgs/lib/libugv_robot_msgs__rosidl_generator_c.so
-- Set runtime path of "/workspace/install/ugv_robot_msgs/lib/libugv_robot_msgs__rosidl_generator_c.so" to ""
-- Installing: /workspace/install/ugv_robot_msgs/lib/libugv_robot_msgs__rosidl_typesupport_introspection_c.so
-- Set runtime path of "/workspace/install/ugv_robot_msgs/lib/libugv_robot_msgs__rosidl_typesupport_introspection_c.so" to ""
-- Installing: /workspace/install/ugv_robot_msgs/lib/libugv_robot_msgs__rosidl_typesupport_c.so
-- Set runtime path of "/workspace/install/ugv_robot_msgs/lib/libugv_robot_msgs__rosidl_typesupport_c.so" to ""
-- Installing: /workspace/install/ugv_robot_msgs/lib/libugv_robot_msgs__rosidl_typesupport_introspection_cpp.so
-- Set runtime path of "/workspace/install/ugv_robot_msgs/lib/libugv_robot_msgs__rosidl_typesupport_introspection_cpp.so" to ""
-- Installing: /workspace/install/ugv_robot_msgs/lib/libugv_robot_msgs__rosidl_typesupport_cpp.so
-- Set runtime path of "/workspace/install/ugv_robot_msgs/lib/libugv_robot_msgs__rosidl_typesupport_cpp.so" to ""
Compiling '/workspace/install/ugv_robot_msgs/lib/python3.6/site-packages/ugv_robot_msgs/__init__.py'...
-- Up-to-date: /workspace/install/ugv_robot_msgs/share/ugv_robot_msgs/cmake/ugv_robot_msgs__rosidl_generator_cExport.cmake
-- Up-to-date: /workspace/install/ugv_robot_msgs/share/ugv_robot_msgs/cmake/ugv_robot_msgs__rosidl_generator_cExport-noconfig.cmake
-- Up-to-date: /workspace/install/ugv_robot_msgs/share/ugv_robot_msgs/cmake/ugv_robot_msgs__rosidl_typesupport_introspection_cExport.cmake
-- Up-to-date: /workspace/install/ugv_robot_msgs/share/ugv_robot_msgs/cmake/ugv_robot_msgs__rosidl_typesupport_introspection_cExport-noconfig.cmake
-- Up-to-date: /workspace/install/ugv_robot_msgs/share/ugv_robot_msgs/cmake/ugv_robot_msgs__rosidl_typesupport_cExport.cmake
-- Up-to-date: /workspace/install/ugv_robot_msgs/share/ugv_robot_msgs/cmake/ugv_robot_msgs__rosidl_typesupport_cExport-noconfig.cmake
-- Up-to-date: /workspace/install/ugv_robot_msgs/share/ugv_robot_msgs/cmake/ugv_robot_msgs__rosidl_generator_cppExport.cmake
-- Up-to-date: /workspace/install/ugv_robot_msgs/share/ugv_robot_msgs/cmake/ugv_robot_msgs__rosidl_typesupport_introspection_cppExport.cmake
-- Up-to-date: /workspace/install/ugv_robot_msgs/share/ugv_robot_msgs/cmake/ugv_robot_msgs__rosidl_typesupport_introspection_cppExport-noconfig.cmake
-- Up-to-date: /workspace/install/ugv_robot_msgs/share/ugv_robot_msgs/cmake/ugv_robot_msgs__rosidl_typesupport_cppExport.cmake
-- Up-to-date: /workspace/install/ugv_robot_msgs/share/ugv_robot_msgs/cmake/ugv_robot_msgs__rosidl_typesupport_cppExport-noconfig.cmake
