[0.088s] Invoking command in '/workspace/build/ugv_robot_msgs': CMAKE_PREFIX_PATH=${CMAKE_PREFIX_PATH}:/workspace/install/ugv_robot /usr/local/bin/cmake --build /workspace/build/ugv_robot_msgs -- -j4 -l4
[0.289s] -- Found ament_cmake: 0.9.12 (/opt/ros/foxy/install/share/ament_cmake/cmake)
[0.296s] [33mCMake Warning (dev) at /opt/ros/foxy/install/share/ament_cmake_core/cmake/core/python.cmake:22 (find_package):
[0.297s]   Policy CMP0148 is not set: The FindPythonInterp and FindPythonLibs modules
[0.298s]   are removed.  Run "cmake --help-policy CMP0148" for policy details.  Use
[0.299s]   the cmake_policy command to set the policy and suppress this warning.
[0.299s] 
[0.300s] Call Stack (most recent call first):
[0.300s]   /opt/ros/foxy/install/share/ament_cmake_core/cmake/core/all.cmake:53 (include)
[0.301s]   /opt/ros/foxy/install/share/ament_cmake_core/cmake/ament_cmake_core-extras.cmake:17 (include)
[0.301s]   /opt/ros/foxy/install/share/ament_cmake_core/cmake/ament_cmake_coreConfig.cmake:41 (include)
[0.302s]   /opt/ros/foxy/install/share/ament_cmake/cmake/ament_cmake_export_dependencies-extras.cmake:15 (find_package)
[0.302s]   /opt/ros/foxy/install/share/ament_cmake/cmake/ament_cmakeConfig.cmake:41 (include)
[0.303s]   CMakeLists.txt:4 (find_package)
[0.303s] This warning is for project developers.  Use -Wno-dev to suppress it.
[0.304s] [0m
[0.373s] -- Using PYTHON_EXECUTABLE: /usr/bin/python3
[1.374s] -- Override CMake install command with custom implementation using symlinks instead of copying resources
[1.440s] -- Found rosidl_default_generators: 1.0.1 (/opt/ros/foxy/install/share/rosidl_default_generators/cmake)
[1.455s] -- Using all available rosidl_typesupport_c: rosidl_typesupport_fastrtps_c;rosidl_typesupport_introspection_c
[1.478s] -- Found rosidl_adapter: 1.3.1 (/opt/ros/foxy/install/share/rosidl_adapter/cmake)
[2.107s] -- Using all available rosidl_typesupport_cpp: rosidl_typesupport_fastrtps_cpp;rosidl_typesupport_introspection_cpp
[2.265s] [33mCMake Warning (dev) at /opt/ros/foxy/install/share/rosidl_adapter/cmake/rosidl_adapt_interfaces.cmake:40 (find_package):
[2.265s]   Policy CMP0148 is not set: The FindPythonInterp and FindPythonLibs modules
[2.266s]   are removed.  Run "cmake --help-policy CMP0148" for policy details.  Use
[2.267s]   the cmake_policy command to set the policy and suppress this warning.
[2.267s] 
[2.268s] Call Stack (most recent call first):
[2.268s]   /opt/ros/foxy/install/share/rosidl_cmake/cmake/rosidl_generate_interfaces.cmake:130 (rosidl_adapt_interfaces)
[2.268s]   CMakeLists.txt:7 (rosidl_generate_interfaces)
[2.269s] This warning is for project developers.  Use -Wno-dev to suppress it.
[2.269s] [0m
[2.342s] -- Found PythonInterp: /usr/bin/python3 (found version "3.6.9") 
[3.380s] -- Found ament_cmake_ros: 0.9.2 (/opt/ros/foxy/install/share/ament_cmake_ros/cmake)
[3.764s] -- Using all available rosidl_typesupport_c: rosidl_typesupport_fastrtps_c;rosidl_typesupport_introspection_c
[3.807s] -- Using all available rosidl_typesupport_cpp: rosidl_typesupport_fastrtps_cpp;rosidl_typesupport_introspection_cpp
[3.818s] [33mCMake Warning (dev) at /opt/ros/foxy/install/share/rosidl_generator_py/cmake/rosidl_generator_py_generate_interfaces.cmake:20 (find_package):
[3.819s]   Policy CMP0148 is not set: The FindPythonInterp and FindPythonLibs modules
[3.820s]   are removed.  Run "cmake --help-policy CMP0148" for policy details.  Use
[3.821s]   the cmake_policy command to set the policy and suppress this warning.
[3.822s] 
[3.823s] Call Stack (most recent call first):
[3.823s]   /opt/ros/foxy/install/share/ament_cmake_core/cmake/core/ament_execute_extensions.cmake:48 (include)
[3.824s]   /opt/ros/foxy/install/share/rosidl_cmake/cmake/rosidl_generate_interfaces.cmake:286 (ament_execute_extensions)
[3.825s]   CMakeLists.txt:7 (rosidl_generate_interfaces)
[3.825s] This warning is for project developers.  Use -Wno-dev to suppress it.
[3.826s] [0m
[3.902s] -- Found PythonInterp: /usr/bin/python3 (found suitable version "3.6.9", minimum required is "3.5") 
[3.905s] -- Found python_cmake_module: 0.8.1 (/opt/ros/foxy/install/share/python_cmake_module/cmake)
[3.908s] [33mCMake Warning (dev) at /opt/ros/foxy/install/share/python_cmake_module/cmake/Modules/FindPythonExtra.cmake:45 (find_package):
[3.909s]   Policy CMP0148 is not set: The FindPythonInterp and FindPythonLibs modules
[3.909s]   are removed.  Run "cmake --help-policy CMP0148" for policy details.  Use
[3.910s]   the cmake_policy command to set the policy and suppress this warning.
[3.910s] 
[3.911s] Call Stack (most recent call first):
[3.911s]   /opt/ros/foxy/install/share/rosidl_generator_py/cmake/rosidl_generator_py_generate_interfaces.cmake:23 (find_package)
[3.912s]   /opt/ros/foxy/install/share/ament_cmake_core/cmake/core/ament_execute_extensions.cmake:48 (include)
[3.912s]   /opt/ros/foxy/install/share/rosidl_cmake/cmake/rosidl_generate_interfaces.cmake:286 (ament_execute_extensions)
[3.913s]   CMakeLists.txt:7 (rosidl_generate_interfaces)
[3.913s] This warning is for project developers.  Use -Wno-dev to suppress it.
[3.914s] [0m
[3.988s] [33mCMake Warning (dev) at /opt/ros/foxy/install/share/python_cmake_module/cmake/Modules/FindPythonExtra.cmake:133 (find_package):
[3.988s]   Policy CMP0148 is not set: The FindPythonInterp and FindPythonLibs modules
[3.989s]   are removed.  Run "cmake --help-policy CMP0148" for policy details.  Use
[3.990s]   the cmake_policy command to set the policy and suppress this warning.
[3.991s] 
[3.991s] Call Stack (most recent call first):
[3.992s]   /opt/ros/foxy/install/share/rosidl_generator_py/cmake/rosidl_generator_py_generate_interfaces.cmake:23 (find_package)
[3.992s]   /opt/ros/foxy/install/share/ament_cmake_core/cmake/core/ament_execute_extensions.cmake:48 (include)
[3.992s]   /opt/ros/foxy/install/share/rosidl_cmake/cmake/rosidl_generate_interfaces.cmake:286 (ament_execute_extensions)
[3.993s]   CMakeLists.txt:7 (rosidl_generate_interfaces)
[3.993s] This warning is for project developers.  Use -Wno-dev to suppress it.
[3.994s] [0m
[4.000s] -- Using PYTHON_EXECUTABLE: /usr/bin/python3
[4.000s] -- Using PYTHON_INCLUDE_DIRS: /usr/include/python3.6m
[4.001s] -- Using PYTHON_LIBRARIES: /usr/lib/aarch64-linux-gnu/libpython3.6m.so
[5.014s] -- Using numpy include directory: /usr/local/lib/python3.6/dist-packages/numpy/core/include
[5.119s] -- Configuring done (4.9s)
[5.429s] -- Generating done (0.3s)
[5.443s] -- Build files have been written to: /workspace/build/ugv_robot_msgs
[5.493s] [  1%] [34m[1mGenerating C code for ROS interfaces[0m
[5.514s] [  3%] [34m[1mGenerating C++ code for ROS interfaces[0m
[9.090s] [  3%] Built target ugv_robot_msgs__cpp
[9.109s] [  4%] [34m[1mGenerating C++ type support dispatch for ROS interfaces[0m
[9.110s] [  6%] [34m[1mGenerating C++ type support for eProsima Fast-RTPS[0m
[9.116s] [  7%] [34m[1mGenerating C++ introspection for ROS interfaces[0m
[9.520s] [  9%] [32mBuilding C object CMakeFiles/ugv_robot_msgs__rosidl_generator_c.dir/rosidl_generator_c/ugv_robot_msgs/msg/detail/stm_command__functions.c.o[0m
[9.912s] [ 11%] [32mBuilding C object CMakeFiles/ugv_robot_msgs__rosidl_generator_c.dir/rosidl_generator_c/ugv_robot_msgs/msg/detail/gcs_relay__functions.c.o[0m
[10.101s] [ 12%] [32mBuilding C object CMakeFiles/ugv_robot_msgs__rosidl_generator_c.dir/rosidl_generator_c/ugv_robot_msgs/msg/detail/lrf_status__functions.c.o[0m
[10.325s] [ 14%] [32mBuilding C object CMakeFiles/ugv_robot_msgs__rosidl_generator_c.dir/rosidl_generator_c/ugv_robot_msgs/msg/detail/health__functions.c.o[0m
[10.495s] [ 15%] [32mBuilding C object CMakeFiles/ugv_robot_msgs__rosidl_generator_c.dir/rosidl_generator_c/ugv_robot_msgs/msg/detail/person_detection__functions.c.o[0m
[10.688s] [ 17%] [32m[1mLinking C shared library libugv_robot_msgs__rosidl_generator_c.so[0m
[10.791s] [ 17%] Built target ugv_robot_msgs__rosidl_generator_c
[10.811s] [ 19%] [34m[1mGenerating C introspection for ROS interfaces[0m
[12.000s] [ 20%] [32mBuilding CXX object CMakeFiles/ugv_robot_msgs__rosidl_typesupport_cpp.dir/rosidl_typesupport_cpp/ugv_robot_msgs/msg/stm_command__type_support.cpp.o[0m
[12.353s] [ 22%] [32mBuilding CXX object CMakeFiles/ugv_robot_msgs__rosidl_typesupport_introspection_cpp.dir/rosidl_typesupport_introspection_cpp/ugv_robot_msgs/msg/detail/stm_command__type_support.cpp.o[0m
[12.898s] [ 23%] [32mBuilding CXX object CMakeFiles/ugv_robot_msgs__rosidl_typesupport_fastrtps_cpp.dir/rosidl_typesupport_fastrtps_cpp/ugv_robot_msgs/msg/detail/dds_fastrtps/stm_command__type_support.cpp.o[0m
[13.075s] [ 25%] [32mBuilding CXX object CMakeFiles/ugv_robot_msgs__rosidl_typesupport_cpp.dir/rosidl_typesupport_cpp/ugv_robot_msgs/msg/gcs_relay__type_support.cpp.o[0m
[13.459s] [ 26%] [32mBuilding CXX object CMakeFiles/ugv_robot_msgs__rosidl_typesupport_introspection_cpp.dir/rosidl_typesupport_introspection_cpp/ugv_robot_msgs/msg/detail/gcs_relay__type_support.cpp.o[0m
[14.156s] [ 28%] [32mBuilding CXX object CMakeFiles/ugv_robot_msgs__rosidl_typesupport_cpp.dir/rosidl_typesupport_cpp/ugv_robot_msgs/msg/lrf_status__type_support.cpp.o[0m
[14.243s] [ 30%] [32mBuilding C object CMakeFiles/ugv_robot_msgs__rosidl_typesupport_introspection_c.dir/rosidl_typesupport_introspection_c/ugv_robot_msgs/msg/detail/stm_command__type_support.c.o[0m
[14.360s] [ 31%] [32mBuilding C object CMakeFiles/ugv_robot_msgs__rosidl_typesupport_introspection_c.dir/rosidl_typesupport_introspection_c/ugv_robot_msgs/msg/detail/gcs_relay__type_support.c.o[0m
[14.493s] [ 33%] [32mBuilding C object CMakeFiles/ugv_robot_msgs__rosidl_typesupport_introspection_c.dir/rosidl_typesupport_introspection_c/ugv_robot_msgs/msg/detail/lrf_status__type_support.c.o[0m
[14.542s] [ 34%] [32mBuilding CXX object CMakeFiles/ugv_robot_msgs__rosidl_typesupport_introspection_cpp.dir/rosidl_typesupport_introspection_cpp/ugv_robot_msgs/msg/detail/lrf_status__type_support.cpp.o[0m
[14.617s] [ 36%] [32mBuilding CXX object CMakeFiles/ugv_robot_msgs__rosidl_typesupport_fastrtps_cpp.dir/rosidl_typesupport_fastrtps_cpp/ugv_robot_msgs/msg/detail/dds_fastrtps/gcs_relay__type_support.cpp.o[0m
[14.633s] [ 38%] [32mBuilding C object CMakeFiles/ugv_robot_msgs__rosidl_typesupport_introspection_c.dir/rosidl_typesupport_introspection_c/ugv_robot_msgs/msg/detail/health__type_support.c.o[0m
[14.752s] [ 39%] [32mBuilding C object CMakeFiles/ugv_robot_msgs__rosidl_typesupport_introspection_c.dir/rosidl_typesupport_introspection_c/ugv_robot_msgs/msg/detail/person_detection__type_support.c.o[0m
[14.867s] [ 41%] [32m[1mLinking C shared library libugv_robot_msgs__rosidl_typesupport_introspection_c.so[0m
[14.944s] [ 41%] Built target ugv_robot_msgs__rosidl_typesupport_introspection_c
[14.961s] [ 42%] [34m[1mGenerating C type support dispatch for ROS interfaces[0m
[15.238s] [ 44%] [32mBuilding CXX object CMakeFiles/ugv_robot_msgs__rosidl_typesupport_cpp.dir/rosidl_typesupport_cpp/ugv_robot_msgs/msg/health__type_support.cpp.o[0m
[15.632s] [ 46%] [32mBuilding CXX object CMakeFiles/ugv_robot_msgs__rosidl_typesupport_introspection_cpp.dir/rosidl_typesupport_introspection_cpp/ugv_robot_msgs/msg/detail/health__type_support.cpp.o[0m
[16.225s] [ 47%] [32mBuilding CXX object CMakeFiles/ugv_robot_msgs__rosidl_typesupport_fastrtps_cpp.dir/rosidl_typesupport_fastrtps_cpp/ugv_robot_msgs/msg/detail/dds_fastrtps/lrf_status__type_support.cpp.o[0m
[16.324s] [ 49%] [32mBuilding CXX object CMakeFiles/ugv_robot_msgs__rosidl_typesupport_cpp.dir/rosidl_typesupport_cpp/ugv_robot_msgs/msg/person_detection__type_support.cpp.o[0m
[16.740s] [ 50%] [32mBuilding CXX object CMakeFiles/ugv_robot_msgs__rosidl_typesupport_introspection_cpp.dir/rosidl_typesupport_introspection_cpp/ugv_robot_msgs/msg/detail/person_detection__type_support.cpp.o[0m
[17.362s] [ 52%] [32m[1mLinking CXX shared library libugv_robot_msgs__rosidl_typesupport_cpp.so[0m
[17.482s] [ 52%] Built target ugv_robot_msgs__rosidl_typesupport_cpp
[17.496s] [ 53%] [32mBuilding CXX object CMakeFiles/ugv_robot_msgs__rosidl_typesupport_fastrtps_cpp.dir/rosidl_typesupport_fastrtps_cpp/ugv_robot_msgs/msg/detail/dds_fastrtps/health__type_support.cpp.o[0m
[17.794s] [ 55%] [32mBuilding CXX object CMakeFiles/ugv_robot_msgs__rosidl_typesupport_fastrtps_cpp.dir/rosidl_typesupport_fastrtps_cpp/ugv_robot_msgs/msg/detail/dds_fastrtps/person_detection__type_support.cpp.o[0m
[17.844s] [ 57%] [32m[1mLinking CXX shared library libugv_robot_msgs__rosidl_typesupport_introspection_cpp.so[0m
[17.978s] [ 58%] [32mBuilding CXX object CMakeFiles/ugv_robot_msgs__rosidl_typesupport_c.dir/rosidl_typesupport_c/ugv_robot_msgs/msg/stm_command__type_support.cpp.o[0m
[18.068s] [ 58%] Built target ugv_robot_msgs__rosidl_typesupport_introspection_cpp
[18.083s] [ 60%] [32mBuilding CXX object CMakeFiles/ugv_robot_msgs__rosidl_typesupport_c.dir/rosidl_typesupport_c/ugv_robot_msgs/msg/gcs_relay__type_support.cpp.o[0m
[18.086s] [ 61%] [32mBuilding CXX object CMakeFiles/ugv_robot_msgs__rosidl_typesupport_c.dir/rosidl_typesupport_c/ugv_robot_msgs/msg/lrf_status__type_support.cpp.o[0m
[18.182s] [ 63%] [32mBuilding CXX object CMakeFiles/ugv_robot_msgs__rosidl_typesupport_c.dir/rosidl_typesupport_c/ugv_robot_msgs/msg/health__type_support.cpp.o[0m
[18.190s] [ 65%] [32mBuilding CXX object CMakeFiles/ugv_robot_msgs__rosidl_typesupport_c.dir/rosidl_typesupport_c/ugv_robot_msgs/msg/person_detection__type_support.cpp.o[0m
[18.299s] [ 66%] [32m[1mLinking CXX shared library libugv_robot_msgs__rosidl_typesupport_c.so[0m
[18.400s] [ 66%] Built target ugv_robot_msgs__rosidl_typesupport_c
[19.253s] [ 68%] [32m[1mLinking CXX shared library libugv_robot_msgs__rosidl_typesupport_fastrtps_cpp.so[0m
[19.573s] [ 68%] Built target ugv_robot_msgs__rosidl_typesupport_fastrtps_cpp
[19.592s] [ 69%] [34m[1mGenerating C type support for eProsima Fast-RTPS[0m
[22.794s] [ 73%] [32mBuilding CXX object CMakeFiles/ugv_robot_msgs__rosidl_typesupport_fastrtps_c.dir/rosidl_typesupport_fastrtps_c/ugv_robot_msgs/msg/detail/stm_command__type_support_c.cpp.o[0m
[22.795s] [ 73%] [32mBuilding CXX object CMakeFiles/ugv_robot_msgs__rosidl_typesupport_fastrtps_c.dir/rosidl_typesupport_fastrtps_c/ugv_robot_msgs/msg/detail/gcs_relay__type_support_c.cpp.o[0m
[22.796s] [ 74%] [32mBuilding CXX object CMakeFiles/ugv_robot_msgs__rosidl_typesupport_fastrtps_c.dir/rosidl_typesupport_fastrtps_c/ugv_robot_msgs/msg/detail/lrf_status__type_support_c.cpp.o[0m
[22.797s] [ 76%] [32mBuilding CXX object CMakeFiles/ugv_robot_msgs__rosidl_typesupport_fastrtps_c.dir/rosidl_typesupport_fastrtps_c/ugv_robot_msgs/msg/detail/health__type_support_c.cpp.o[0m
[24.090s] [ 77%] [32mBuilding CXX object CMakeFiles/ugv_robot_msgs__rosidl_typesupport_fastrtps_c.dir/rosidl_typesupport_fastrtps_c/ugv_robot_msgs/msg/detail/person_detection__type_support_c.cpp.o[0m
[25.219s] [ 79%] [32m[1mLinking CXX shared library libugv_robot_msgs__rosidl_typesupport_fastrtps_c.so[0m
[25.475s] [ 79%] Built target ugv_robot_msgs__rosidl_typesupport_fastrtps_c
[25.506s] [ 79%] Built target ugv_robot_msgs
[25.538s] [ 80%] [34m[1mGenerating Python code for ROS interfaces[0m
[32.078s] [ 80%] Built target ugv_robot_msgs__py
[32.137s] [ 82%] [32mBuilding C object CMakeFiles/ugv_robot_msgs__python.dir/rosidl_generator_py/ugv_robot_msgs/msg/_gcs_relay_s.c.o[0m
[32.138s] [ 84%] [32mBuilding C object CMakeFiles/ugv_robot_msgs__python.dir/rosidl_generator_py/ugv_robot_msgs/msg/_health_s.c.o[0m
[32.141s] [ 85%] [32mBuilding C object CMakeFiles/ugv_robot_msgs__python.dir/rosidl_generator_py/ugv_robot_msgs/msg/_stm_command_s.c.o[0m
[32.143s] [ 87%] [32mBuilding C object CMakeFiles/ugv_robot_msgs__python.dir/rosidl_generator_py/ugv_robot_msgs/msg/_lrf_status_s.c.o[0m
[32.461s] [ 88%] [32mBuilding C object CMakeFiles/ugv_robot_msgs__python.dir/rosidl_generator_py/ugv_robot_msgs/msg/_person_detection_s.c.o[0m
[32.790s] [ 90%] [32m[1mLinking C shared library rosidl_generator_py/ugv_robot_msgs/libugv_robot_msgs__python.so[0m
[32.892s] [ 90%] Built target ugv_robot_msgs__python
[32.942s] [ 92%] [32mBuilding C object CMakeFiles/ugv_robot_msgs__rosidl_typesupport_c__pyext.dir/rosidl_generator_py/ugv_robot_msgs/_ugv_robot_msgs_s.ep.rosidl_typesupport_c.c.o[0m
[32.944s] [ 93%] [32mBuilding C object CMakeFiles/ugv_robot_msgs__rosidl_typesupport_introspection_c__pyext.dir/rosidl_generator_py/ugv_robot_msgs/_ugv_robot_msgs_s.ep.rosidl_typesupport_introspection_c.c.o[0m
[32.953s] [ 95%] [32mBuilding C object CMakeFiles/ugv_robot_msgs__rosidl_typesupport_fastrtps_c__pyext.dir/rosidl_generator_py/ugv_robot_msgs/_ugv_robot_msgs_s.ep.rosidl_typesupport_fastrtps_c.c.o[0m
[33.293s] [ 96%] [32m[1mLinking C shared library rosidl_generator_py/ugv_robot_msgs/ugv_robot_msgs_s__rosidl_typesupport_c.cpython-36m-aarch64-linux-gnu.so[0m
[33.301s] [ 98%] [32m[1mLinking C shared library rosidl_generator_py/ugv_robot_msgs/ugv_robot_msgs_s__rosidl_typesupport_introspection_c.cpython-36m-aarch64-linux-gnu.so[0m
[33.324s] [100%] [32m[1mLinking CXX shared library rosidl_generator_py/ugv_robot_msgs/ugv_robot_msgs_s__rosidl_typesupport_fastrtps_c.cpython-36m-aarch64-linux-gnu.so[0m
[33.377s] [100%] Built target ugv_robot_msgs__rosidl_typesupport_c__pyext
[33.391s] [100%] Built target ugv_robot_msgs__rosidl_typesupport_introspection_c__pyext
[33.507s] [100%] Built target ugv_robot_msgs__rosidl_typesupport_fastrtps_c__pyext
[33.545s] Invoked command in '/workspace/build/ugv_robot_msgs' returned '0': CMAKE_PREFIX_PATH=${CMAKE_PREFIX_PATH}:/workspace/install/ugv_robot /usr/local/bin/cmake --build /workspace/build/ugv_robot_msgs -- -j4 -l4
[34.275s] Invoking command in '/workspace/build/ugv_robot_msgs': CMAKE_PREFIX_PATH=${CMAKE_PREFIX_PATH}:/workspace/install/ugv_robot /usr/local/bin/cmake --install /workspace/build/ugv_robot_msgs
[34.415s] -- Install configuration: ""
[34.417s] -- Execute custom install script
[34.418s] -- Up-to-date symlink: /workspace/install/ugv_robot_msgs/share/ament_index/resource_index/rosidl_interfaces/ugv_robot_msgs
[34.424s] -- Up-to-date symlink: /workspace/install/ugv_robot_msgs/include/ugv_robot_msgs/msg/detail/gcs_relay__functions.h
[34.425s] -- Up-to-date symlink: /workspace/install/ugv_robot_msgs/include/ugv_robot_msgs/msg/detail/gcs_relay__struct.h
[34.426s] -- Up-to-date symlink: /workspace/install/ugv_robot_msgs/include/ugv_robot_msgs/msg/detail/gcs_relay__type_support.h
[34.427s] -- Up-to-date symlink: /workspace/install/ugv_robot_msgs/include/ugv_robot_msgs/msg/detail/health__functions.h
[34.428s] -- Up-to-date symlink: /workspace/install/ugv_robot_msgs/include/ugv_robot_msgs/msg/detail/health__struct.h
[34.429s] -- Up-to-date symlink: /workspace/install/ugv_robot_msgs/include/ugv_robot_msgs/msg/detail/health__type_support.h
[34.430s] -- Up-to-date symlink: /workspace/install/ugv_robot_msgs/include/ugv_robot_msgs/msg/detail/lrf_status__functions.h
[34.431s] -- Up-to-date symlink: /workspace/install/ugv_robot_msgs/include/ugv_robot_msgs/msg/detail/lrf_status__struct.h
[34.432s] -- Up-to-date symlink: /workspace/install/ugv_robot_msgs/include/ugv_robot_msgs/msg/detail/lrf_status__type_support.h
[34.433s] -- Symlinking: /workspace/install/ugv_robot_msgs/include/ugv_robot_msgs/msg/detail/person_detection__functions.h
[34.442s] -- Symlinking: /workspace/install/ugv_robot_msgs/include/ugv_robot_msgs/msg/detail/person_detection__struct.h
[34.451s] -- Symlinking: /workspace/install/ugv_robot_msgs/include/ugv_robot_msgs/msg/detail/person_detection__type_support.h
[34.461s] -- Up-to-date symlink: /workspace/install/ugv_robot_msgs/include/ugv_robot_msgs/msg/detail/stm_command__functions.h
[34.463s] -- Up-to-date symlink: /workspace/install/ugv_robot_msgs/include/ugv_robot_msgs/msg/detail/stm_command__struct.h
[34.464s] -- Up-to-date symlink: /workspace/install/ugv_robot_msgs/include/ugv_robot_msgs/msg/detail/stm_command__type_support.h
[34.465s] -- Up-to-date symlink: /workspace/install/ugv_robot_msgs/include/ugv_robot_msgs/msg/gcs_relay.h
[34.466s] -- Up-to-date symlink: /workspace/install/ugv_robot_msgs/include/ugv_robot_msgs/msg/health.h
[34.468s] -- Up-to-date symlink: /workspace/install/ugv_robot_msgs/include/ugv_robot_msgs/msg/lrf_status.h
[34.468s] -- Symlinking: /workspace/install/ugv_robot_msgs/include/ugv_robot_msgs/msg/person_detection.h
[34.478s] -- Up-to-date symlink: /workspace/install/ugv_robot_msgs/include/ugv_robot_msgs/msg/rosidl_generator_c__visibility_control.h
[34.479s] -- Up-to-date symlink: /workspace/install/ugv_robot_msgs/include/ugv_robot_msgs/msg/stm_command.h
[34.481s] -- Up-to-date symlink: /workspace/install/ugv_robot_msgs/share/ugv_robot_msgs/environment/library_path.sh
[34.481s] -- Up-to-date symlink: /workspace/install/ugv_robot_msgs/share/ugv_robot_msgs/environment/library_path.dsv
[34.485s] -- Up-to-date symlink: /workspace/install/ugv_robot_msgs/include/ugv_robot_msgs/msg/detail/gcs_relay__rosidl_typesupport_fastrtps_c.h
[34.485s] -- Up-to-date symlink: /workspace/install/ugv_robot_msgs/include/ugv_robot_msgs/msg/detail/health__rosidl_typesupport_fastrtps_c.h
[34.487s] -- Up-to-date symlink: /workspace/install/ugv_robot_msgs/include/ugv_robot_msgs/msg/detail/lrf_status__rosidl_typesupport_fastrtps_c.h
[34.487s] -- Symlinking: /workspace/install/ugv_robot_msgs/include/ugv_robot_msgs/msg/detail/person_detection__rosidl_typesupport_fastrtps_c.h
[34.497s] -- Up-to-date symlink: /workspace/install/ugv_robot_msgs/include/ugv_robot_msgs/msg/detail/stm_command__rosidl_typesupport_fastrtps_c.h
[34.498s] -- Up-to-date symlink: /workspace/install/ugv_robot_msgs/include/ugv_robot_msgs/msg/rosidl_typesupport_fastrtps_c__visibility_control.h
[34.500s] -- Up-to-date symlink: /workspace/install/ugv_robot_msgs/lib/libugv_robot_msgs__rosidl_typesupport_fastrtps_c.so
[34.504s] -- Up-to-date symlink: /workspace/install/ugv_robot_msgs/include/ugv_robot_msgs/msg/detail/gcs_relay__rosidl_typesupport_fastrtps_cpp.hpp
[34.504s] -- Up-to-date symlink: /workspace/install/ugv_robot_msgs/include/ugv_robot_msgs/msg/detail/health__rosidl_typesupport_fastrtps_cpp.hpp
[34.506s] -- Up-to-date symlink: /workspace/install/ugv_robot_msgs/include/ugv_robot_msgs/msg/detail/lrf_status__rosidl_typesupport_fastrtps_cpp.hpp
[34.506s] -- Symlinking: /workspace/install/ugv_robot_msgs/include/ugv_robot_msgs/msg/detail/person_detection__rosidl_typesupport_fastrtps_cpp.hpp
[34.516s] -- Up-to-date symlink: /workspace/install/ugv_robot_msgs/include/ugv_robot_msgs/msg/detail/stm_command__rosidl_typesupport_fastrtps_cpp.hpp
[34.517s] -- Up-to-date symlink: /workspace/install/ugv_robot_msgs/include/ugv_robot_msgs/msg/rosidl_typesupport_fastrtps_cpp__visibility_control.h
[34.518s] -- Up-to-date symlink: /workspace/install/ugv_robot_msgs/lib/libugv_robot_msgs__rosidl_typesupport_fastrtps_cpp.so
[34.521s] -- Up-to-date symlink: /workspace/install/ugv_robot_msgs/include/ugv_robot_msgs/msg/detail/gcs_relay__rosidl_typesupport_introspection_c.h
[34.522s] -- Up-to-date symlink: /workspace/install/ugv_robot_msgs/include/ugv_robot_msgs/msg/detail/health__rosidl_typesupport_introspection_c.h
[34.523s] -- Up-to-date symlink: /workspace/install/ugv_robot_msgs/include/ugv_robot_msgs/msg/detail/lrf_status__rosidl_typesupport_introspection_c.h
[34.524s] -- Symlinking: /workspace/install/ugv_robot_msgs/include/ugv_robot_msgs/msg/detail/person_detection__rosidl_typesupport_introspection_c.h
[34.534s] -- Up-to-date symlink: /workspace/install/ugv_robot_msgs/include/ugv_robot_msgs/msg/detail/stm_command__rosidl_typesupport_introspection_c.h
[34.535s] -- Up-to-date symlink: /workspace/install/ugv_robot_msgs/include/ugv_robot_msgs/msg/rosidl_typesupport_introspection_c__visibility_control.h
[34.538s] -- Up-to-date symlink: /workspace/install/ugv_robot_msgs/include/ugv_robot_msgs/msg/detail/gcs_relay__builder.hpp
[34.539s] -- Up-to-date symlink: /workspace/install/ugv_robot_msgs/include/ugv_robot_msgs/msg/detail/gcs_relay__struct.hpp
[34.540s] -- Up-to-date symlink: /workspace/install/ugv_robot_msgs/include/ugv_robot_msgs/msg/detail/gcs_relay__traits.hpp
[34.541s] -- Up-to-date symlink: /workspace/install/ugv_robot_msgs/include/ugv_robot_msgs/msg/detail/gcs_relay__type_support.hpp
[34.543s] -- Up-to-date symlink: /workspace/install/ugv_robot_msgs/include/ugv_robot_msgs/msg/detail/health__builder.hpp
[34.544s] -- Up-to-date symlink: /workspace/install/ugv_robot_msgs/include/ugv_robot_msgs/msg/detail/health__struct.hpp
[34.545s] -- Up-to-date symlink: /workspace/install/ugv_robot_msgs/include/ugv_robot_msgs/msg/detail/health__traits.hpp
[34.546s] -- Up-to-date symlink: /workspace/install/ugv_robot_msgs/include/ugv_robot_msgs/msg/detail/health__type_support.hpp
[34.547s] -- Up-to-date symlink: /workspace/install/ugv_robot_msgs/include/ugv_robot_msgs/msg/detail/lrf_status__builder.hpp
[34.548s] -- Up-to-date symlink: /workspace/install/ugv_robot_msgs/include/ugv_robot_msgs/msg/detail/lrf_status__struct.hpp
[34.549s] -- Up-to-date symlink: /workspace/install/ugv_robot_msgs/include/ugv_robot_msgs/msg/detail/lrf_status__traits.hpp
[34.550s] -- Up-to-date symlink: /workspace/install/ugv_robot_msgs/include/ugv_robot_msgs/msg/detail/lrf_status__type_support.hpp
[34.550s] -- Symlinking: /workspace/install/ugv_robot_msgs/include/ugv_robot_msgs/msg/detail/person_detection__builder.hpp
[34.560s] -- Symlinking: /workspace/install/ugv_robot_msgs/include/ugv_robot_msgs/msg/detail/person_detection__struct.hpp
[34.570s] -- Symlinking: /workspace/install/ugv_robot_msgs/include/ugv_robot_msgs/msg/detail/person_detection__traits.hpp
[34.579s] -- Symlinking: /workspace/install/ugv_robot_msgs/include/ugv_robot_msgs/msg/detail/person_detection__type_support.hpp
[34.591s] -- Up-to-date symlink: /workspace/install/ugv_robot_msgs/include/ugv_robot_msgs/msg/detail/stm_command__builder.hpp
[34.592s] -- Up-to-date symlink: /workspace/install/ugv_robot_msgs/include/ugv_robot_msgs/msg/detail/stm_command__struct.hpp
[34.593s] -- Up-to-date symlink: /workspace/install/ugv_robot_msgs/include/ugv_robot_msgs/msg/detail/stm_command__traits.hpp
[34.593s] -- Up-to-date symlink: /workspace/install/ugv_robot_msgs/include/ugv_robot_msgs/msg/detail/stm_command__type_support.hpp
[34.595s] -- Up-to-date symlink: /workspace/install/ugv_robot_msgs/include/ugv_robot_msgs/msg/gcs_relay.hpp
[34.596s] -- Up-to-date symlink: /workspace/install/ugv_robot_msgs/include/ugv_robot_msgs/msg/health.hpp
[34.597s] -- Up-to-date symlink: /workspace/install/ugv_robot_msgs/include/ugv_robot_msgs/msg/lrf_status.hpp
[34.597s] -- Symlinking: /workspace/install/ugv_robot_msgs/include/ugv_robot_msgs/msg/person_detection.hpp
[34.608s] -- Up-to-date symlink: /workspace/install/ugv_robot_msgs/include/ugv_robot_msgs/msg/rosidl_generator_cpp__visibility_control.hpp
[34.609s] -- Up-to-date symlink: /workspace/install/ugv_robot_msgs/include/ugv_robot_msgs/msg/stm_command.hpp
[34.611s] -- Up-to-date symlink: /workspace/install/ugv_robot_msgs/include/ugv_robot_msgs/msg/detail/gcs_relay__rosidl_typesupport_introspection_cpp.hpp
[34.612s] -- Up-to-date symlink: /workspace/install/ugv_robot_msgs/include/ugv_robot_msgs/msg/detail/health__rosidl_typesupport_introspection_cpp.hpp
[34.614s] -- Up-to-date symlink: /workspace/install/ugv_robot_msgs/include/ugv_robot_msgs/msg/detail/lrf_status__rosidl_typesupport_introspection_cpp.hpp
[34.615s] -- Symlinking: /workspace/install/ugv_robot_msgs/include/ugv_robot_msgs/msg/detail/person_detection__rosidl_typesupport_introspection_cpp.hpp
[34.626s] -- Up-to-date symlink: /workspace/install/ugv_robot_msgs/include/ugv_robot_msgs/msg/detail/stm_command__rosidl_typesupport_introspection_cpp.hpp
[34.627s] -- Up-to-date symlink: /workspace/install/ugv_robot_msgs/share/ugv_robot_msgs/environment/pythonpath.sh
[34.628s] -- Up-to-date symlink: /workspace/install/ugv_robot_msgs/share/ugv_robot_msgs/environment/pythonpath.dsv
[34.630s] -- Up-to-date symlink: /workspace/install/ugv_robot_msgs/lib/python3.6/site-packages/ugv_robot_msgs/__init__.py
[34.632s] -- Up-to-date symlink: /workspace/install/ugv_robot_msgs/lib/python3.6/site-packages/ugv_robot_msgs/msg/__init__.py
[34.633s] -- Up-to-date symlink: /workspace/install/ugv_robot_msgs/lib/python3.6/site-packages/ugv_robot_msgs/msg/_gcs_relay.py
[34.634s] -- Up-to-date symlink: /workspace/install/ugv_robot_msgs/lib/python3.6/site-packages/ugv_robot_msgs/msg/_health.py
[34.635s] -- Up-to-date symlink: /workspace/install/ugv_robot_msgs/lib/python3.6/site-packages/ugv_robot_msgs/msg/_lrf_status.py
[34.636s] -- Symlinking: /workspace/install/ugv_robot_msgs/lib/python3.6/site-packages/ugv_robot_msgs/msg/_person_detection.py
[34.645s] -- Up-to-date symlink: /workspace/install/ugv_robot_msgs/lib/python3.6/site-packages/ugv_robot_msgs/msg/_stm_command.py
[34.646s] -- Up-to-date symlink: /workspace/install/ugv_robot_msgs/lib/python3.6/site-packages/ugv_robot_msgs/ugv_robot_msgs_s__rosidl_typesupport_fastrtps_c.cpython-36m-aarch64-linux-gnu.so
[34.647s] -- Up-to-date symlink: /workspace/install/ugv_robot_msgs/lib/python3.6/site-packages/ugv_robot_msgs/ugv_robot_msgs_s__rosidl_typesupport_introspection_c.cpython-36m-aarch64-linux-gnu.so
[34.648s] -- Up-to-date symlink: /workspace/install/ugv_robot_msgs/lib/python3.6/site-packages/ugv_robot_msgs/ugv_robot_msgs_s__rosidl_typesupport_c.cpython-36m-aarch64-linux-gnu.so
[34.649s] -- Up-to-date symlink: /workspace/install/ugv_robot_msgs/lib/libugv_robot_msgs__python.so
[34.650s] -- Up-to-date symlink: /workspace/install/ugv_robot_msgs/share/ugv_robot_msgs/msg/StmCommand.idl
[34.651s] -- Up-to-date symlink: /workspace/install/ugv_robot_msgs/share/ugv_robot_msgs/msg/GcsRelay.idl
[34.652s] -- Up-to-date symlink: /workspace/install/ugv_robot_msgs/share/ugv_robot_msgs/msg/LrfStatus.idl
[34.653s] -- Up-to-date symlink: /workspace/install/ugv_robot_msgs/share/ugv_robot_msgs/msg/Health.idl
[34.653s] -- Symlinking: /workspace/install/ugv_robot_msgs/share/ugv_robot_msgs/msg/PersonDetection.idl
[34.664s] -- Up-to-date symlink: /workspace/install/ugv_robot_msgs/share/ugv_robot_msgs/msg/StmCommand.msg
[34.664s] -- Up-to-date symlink: /workspace/install/ugv_robot_msgs/share/ugv_robot_msgs/msg/GcsRelay.msg
[34.665s] -- Up-to-date symlink: /workspace/install/ugv_robot_msgs/share/ugv_robot_msgs/msg/LrfStatus.msg
[34.666s] -- Up-to-date symlink: /workspace/install/ugv_robot_msgs/share/ugv_robot_msgs/msg/Health.msg
[34.667s] -- Symlinking: /workspace/install/ugv_robot_msgs/share/ugv_robot_msgs/msg/PersonDetection.msg
[34.677s] -- Up-to-date symlink: /workspace/install/ugv_robot_msgs/share/ament_index/resource_index/package_run_dependencies/ugv_robot_msgs
[34.677s] -- Up-to-date symlink: /workspace/install/ugv_robot_msgs/share/ament_index/resource_index/parent_prefix_path/ugv_robot_msgs
[34.678s] -- Up-to-date symlink: /workspace/install/ugv_robot_msgs/share/ugv_robot_msgs/environment/ament_prefix_path.sh
[34.679s] -- Up-to-date symlink: /workspace/install/ugv_robot_msgs/share/ugv_robot_msgs/environment/ament_prefix_path.dsv
[34.680s] -- Up-to-date symlink: /workspace/install/ugv_robot_msgs/share/ugv_robot_msgs/environment/path.sh
[34.681s] -- Up-to-date symlink: /workspace/install/ugv_robot_msgs/share/ugv_robot_msgs/environment/path.dsv
[34.682s] -- Up-to-date symlink: /workspace/install/ugv_robot_msgs/share/ugv_robot_msgs/local_setup.bash
[34.682s] -- Up-to-date symlink: /workspace/install/ugv_robot_msgs/share/ugv_robot_msgs/local_setup.sh
[34.683s] -- Up-to-date symlink: /workspace/install/ugv_robot_msgs/share/ugv_robot_msgs/local_setup.zsh
[34.684s] -- Up-to-date symlink: /workspace/install/ugv_robot_msgs/share/ugv_robot_msgs/local_setup.dsv
[34.685s] -- Symlinking: /workspace/install/ugv_robot_msgs/share/ugv_robot_msgs/package.dsv
[34.695s] -- Up-to-date symlink: /workspace/install/ugv_robot_msgs/share/ament_index/resource_index/packages/ugv_robot_msgs
[34.695s] -- Up-to-date symlink: /workspace/install/ugv_robot_msgs/share/ugv_robot_msgs/cmake/rosidl_cmake-extras.cmake
[34.696s] -- Up-to-date symlink: /workspace/install/ugv_robot_msgs/share/ugv_robot_msgs/cmake/ament_cmake_export_dependencies-extras.cmake
[34.697s] -- Up-to-date symlink: /workspace/install/ugv_robot_msgs/share/ugv_robot_msgs/cmake/ament_cmake_export_libraries-extras.cmake
[34.697s] -- Up-to-date symlink: /workspace/install/ugv_robot_msgs/share/ugv_robot_msgs/cmake/ament_cmake_export_targets-extras.cmake
[34.699s] -- Up-to-date symlink: /workspace/install/ugv_robot_msgs/share/ugv_robot_msgs/cmake/ament_cmake_export_include_directories-extras.cmake
[34.699s] -- Up-to-date symlink: /workspace/install/ugv_robot_msgs/share/ugv_robot_msgs/cmake/rosidl_cmake_export_typesupport_libraries-extras.cmake
[34.700s] -- Up-to-date symlink: /workspace/install/ugv_robot_msgs/share/ugv_robot_msgs/cmake/rosidl_cmake_export_typesupport_targets-extras.cmake
[34.701s] -- Up-to-date symlink: /workspace/install/ugv_robot_msgs/share/ugv_robot_msgs/cmake/ugv_robot_msgsConfig.cmake
[34.701s] -- Up-to-date symlink: /workspace/install/ugv_robot_msgs/share/ugv_robot_msgs/cmake/ugv_robot_msgsConfig-version.cmake
[34.702s] -- Up-to-date symlink: /workspace/install/ugv_robot_msgs/share/ugv_robot_msgs/package.xml
[34.705s] -- Installing: /workspace/install/ugv_robot_msgs/lib/libugv_robot_msgs__rosidl_generator_c.so
[34.707s] -- Set runtime path of "/workspace/install/ugv_robot_msgs/lib/libugv_robot_msgs__rosidl_generator_c.so" to ""
[34.709s] -- Installing: /workspace/install/ugv_robot_msgs/lib/libugv_robot_msgs__rosidl_typesupport_introspection_c.so
[34.710s] -- Set runtime path of "/workspace/install/ugv_robot_msgs/lib/libugv_robot_msgs__rosidl_typesupport_introspection_c.so" to ""
[34.711s] -- Installing: /workspace/install/ugv_robot_msgs/lib/libugv_robot_msgs__rosidl_typesupport_c.so
[34.713s] -- Set runtime path of "/workspace/install/ugv_robot_msgs/lib/libugv_robot_msgs__rosidl_typesupport_c.so" to ""
[34.715s] -- Installing: /workspace/install/ugv_robot_msgs/lib/libugv_robot_msgs__rosidl_typesupport_introspection_cpp.so
[34.717s] -- Set runtime path of "/workspace/install/ugv_robot_msgs/lib/libugv_robot_msgs__rosidl_typesupport_introspection_cpp.so" to ""
[34.718s] -- Installing: /workspace/install/ugv_robot_msgs/lib/libugv_robot_msgs__rosidl_typesupport_cpp.so
[34.719s] -- Set runtime path of "/workspace/install/ugv_robot_msgs/lib/libugv_robot_msgs__rosidl_typesupport_cpp.so" to ""
[34.880s] Compiling '/workspace/install/ugv_robot_msgs/lib/python3.6/site-packages/ugv_robot_msgs/__init__.py'...
[34.904s] -- Up-to-date: /workspace/install/ugv_robot_msgs/share/ugv_robot_msgs/cmake/ugv_robot_msgs__rosidl_generator_cExport.cmake
[34.904s] -- Up-to-date: /workspace/install/ugv_robot_msgs/share/ugv_robot_msgs/cmake/ugv_robot_msgs__rosidl_generator_cExport-noconfig.cmake
[34.905s] -- Up-to-date: /workspace/install/ugv_robot_msgs/share/ugv_robot_msgs/cmake/ugv_robot_msgs__rosidl_typesupport_introspection_cExport.cmake
[34.905s] -- Up-to-date: /workspace/install/ugv_robot_msgs/share/ugv_robot_msgs/cmake/ugv_robot_msgs__rosidl_typesupport_introspection_cExport-noconfig.cmake
[34.906s] -- Up-to-date: /workspace/install/ugv_robot_msgs/share/ugv_robot_msgs/cmake/ugv_robot_msgs__rosidl_typesupport_cExport.cmake
[34.907s] -- Up-to-date: /workspace/install/ugv_robot_msgs/share/ugv_robot_msgs/cmake/ugv_robot_msgs__rosidl_typesupport_cExport-noconfig.cmake
[34.907s] -- Up-to-date: /workspace/install/ugv_robot_msgs/share/ugv_robot_msgs/cmake/ugv_robot_msgs__rosidl_generator_cppExport.cmake
[34.908s] -- Up-to-date: /workspace/install/ugv_robot_msgs/share/ugv_robot_msgs/cmake/ugv_robot_msgs__rosidl_typesupport_introspection_cppExport.cmake
[34.908s] -- Up-to-date: /workspace/install/ugv_robot_msgs/share/ugv_robot_msgs/cmake/ugv_robot_msgs__rosidl_typesupport_introspection_cppExport-noconfig.cmake
[34.914s] -- Up-to-date: /workspace/install/ugv_robot_msgs/share/ugv_robot_msgs/cmake/ugv_robot_msgs__rosidl_typesupport_cppExport.cmake
[34.917s] -- Up-to-date: /workspace/install/ugv_robot_msgs/share/ugv_robot_msgs/cmake/ugv_robot_msgs__rosidl_typesupport_cppExport-noconfig.cmake
[34.940s] Invoked command in '/workspace/build/ugv_robot_msgs' returned '0': CMAKE_PREFIX_PATH=${CMAKE_PREFIX_PATH}:/workspace/install/ugv_robot /usr/local/bin/cmake --install /workspace/build/ugv_robot_msgs
