[4.173s] Invoking command in '/workspace/build/ugv_robot': AMENT_PREFIX_PATH=/workspace/install/ugv_robot_msgs:${AMENT_PREFIX_PATH} CMAKE_PREFIX_PATH=/workspace/install/ugv_robot_msgs:${CMAKE_PREFIX_PATH} LD_LIBRARY_PATH=/workspace/install/ugv_robot_msgs/lib:/opt/ros/foxy/install/opt/yaml_cpp_vendor/lib:/opt/ros/foxy/install/lib:/usr/local/cuda-10.2/targets/aarch64-linux/lib PYTHONPATH=/workspace/build/ugv_robot/prefix_override:/workspace/install/ugv_robot/lib/python3.6/site-packages:/workspace/install/ugv_robot_msgs/lib/python3.6/site-packages:${PYTHONPATH} /usr/bin/python3 setup.py develop --editable --build-directory /workspace/build/ugv_robot/build --no-deps install_data
[5.367s] /usr/local/lib/python3.6/dist-packages/setuptools/dist.py:726: UserWarning: Usage of dash-separated 'script-dir' will not be supported in future versions. Please use the underscore name 'script_dir' instead
[5.368s]   % (opt, underscore_opt)
[5.636s] running develop
[5.639s] /usr/local/lib/python3.6/dist-packages/setuptools/command/easy_install.py:159: EasyInstallDeprecationWarning: easy_install command is deprecated. Use build and pip and other standards-based tools.
[5.640s]   EasyInstallDeprecationWarning,
[5.646s] /usr/local/lib/python3.6/dist-packages/setuptools/command/install.py:37: SetuptoolsDeprecationWarning: setup.py install is deprecated. Use build and pip and other standards-based tools.
[5.647s]   setuptools.SetuptoolsDeprecationWarning,
[6.207s] running egg_info
[6.208s] creating ugv_robot.egg-info
[6.208s] writing ugv_robot.egg-info/PKG-INFO
[6.209s] writing dependency_links to ugv_robot.egg-info/dependency_links.txt
[6.209s] writing entry points to ugv_robot.egg-info/entry_points.txt
[6.210s] writing requirements to ugv_robot.egg-info/requires.txt
[6.210s] writing top-level names to ugv_robot.egg-info/top_level.txt
[6.223s] writing manifest file 'ugv_robot.egg-info/SOURCES.txt'
[6.230s] reading manifest file 'ugv_robot.egg-info/SOURCES.txt'
[6.236s] writing manifest file 'ugv_robot.egg-info/SOURCES.txt'
[6.468s] running build_ext
[6.468s] Creating /workspace/install/ugv_robot/lib/python3.6/site-packages/ugv-robot.egg-link (link to .)
[6.473s] Installing core_node script to /workspace/install/ugv_robot/lib/ugv_robot
[6.474s] Installing stm32_interface_node script to /workspace/install/ugv_robot/lib/ugv_robot
[6.475s] 
[6.476s] Installed /workspace/build/ugv_robot
[6.476s] running install_data
[6.477s] creating /workspace/install/ugv_robot/share/ament_index
[6.477s] creating /workspace/install/ugv_robot/share/ament_index/resource_index
[6.478s] creating /workspace/install/ugv_robot/share/ament_index/resource_index/packages
[6.478s] copying resource/ugv_robot -> /workspace/install/ugv_robot/share/ament_index/resource_index/packages
[6.479s] copying package.xml -> /workspace/install/ugv_robot/share/ugv_robot
[6.622s] Invoked command in '/workspace/build/ugv_robot' returned '0': AMENT_PREFIX_PATH=/workspace/install/ugv_robot_msgs:${AMENT_PREFIX_PATH} CMAKE_PREFIX_PATH=/workspace/install/ugv_robot_msgs:${CMAKE_PREFIX_PATH} LD_LIBRARY_PATH=/workspace/install/ugv_robot_msgs/lib:/opt/ros/foxy/install/opt/yaml_cpp_vendor/lib:/opt/ros/foxy/install/lib:/usr/local/cuda-10.2/targets/aarch64-linux/lib PYTHONPATH=/workspace/build/ugv_robot/prefix_override:/workspace/install/ugv_robot/lib/python3.6/site-packages:/workspace/install/ugv_robot_msgs/lib/python3.6/site-packages:${PYTHONPATH} /usr/bin/python3 setup.py develop --editable --build-directory /workspace/build/ugv_robot/build --no-deps install_data
