[3.914s] Invoking command in '/workspace/build/ugv_robot': AMENT_PREFIX_PATH=/workspace/install/ugv_robot_msgs:${AMENT_PREFIX_PATH} CMAKE_PREFIX_PATH=/workspace/install/ugv_robot_msgs:${CMAKE_PREFIX_PATH} LD_LIBRARY_PATH=/workspace/install/ugv_robot_msgs/lib:/opt/ros/foxy/install/opt/yaml_cpp_vendor/lib:/opt/ros/foxy/install/lib:/usr/local/cuda-10.2/targets/aarch64-linux/lib PYTHONPATH=/workspace/build/ugv_robot/prefix_override:/workspace/install/ugv_robot/lib/python3.6/site-packages:/workspace/install/ugv_robot_msgs/lib/python3.6/site-packages:${PYTHONPATH} /usr/bin/python3 setup.py develop --editable --build-directory /workspace/build/ugv_robot/build --no-deps install_data
[5.050s] /usr/local/lib/python3.6/dist-packages/setuptools/dist.py:726: UserWarning: Usage of dash-separated 'script-dir' will not be supported in future versions. Please use the underscore name 'script_dir' instead
[5.050s]   % (opt, underscore_opt)
[5.301s] running develop
[5.305s] /usr/local/lib/python3.6/dist-packages/setuptools/command/easy_install.py:159: EasyInstallDeprecationWarning: easy_install command is deprecated. Use build and pip and other standards-based tools.
[5.306s]   EasyInstallDeprecationWarning,
[5.312s] /usr/local/lib/python3.6/dist-packages/setuptools/command/install.py:37: SetuptoolsDeprecationWarning: setup.py install is deprecated. Use build and pip and other standards-based tools.
[5.312s]   setuptools.SetuptoolsDeprecationWarning,
[5.830s] running egg_info
[5.831s] writing ugv_robot.egg-info/PKG-INFO
[5.832s] writing dependency_links to ugv_robot.egg-info/dependency_links.txt
[5.833s] writing entry points to ugv_robot.egg-info/entry_points.txt
[5.833s] writing requirements to ugv_robot.egg-info/requires.txt
[5.834s] writing top-level names to ugv_robot.egg-info/top_level.txt
[5.853s] reading manifest file 'ugv_robot.egg-info/SOURCES.txt'
[5.859s] writing manifest file 'ugv_robot.egg-info/SOURCES.txt'
[6.078s] running build_ext
[6.079s] Creating /workspace/install/ugv_robot/lib/python3.6/site-packages/ugv-robot.egg-link (link to .)
[6.084s] Installing core_node script to /workspace/install/ugv_robot/lib/ugv_robot
[6.085s] Installing stm32_interface_node script to /workspace/install/ugv_robot/lib/ugv_robot
[6.086s] 
[6.087s] Installed /workspace/build/ugv_robot
[6.087s] running install_data
[6.088s] creating /workspace/install/ugv_robot/share/ugv_robot/launch
[6.089s] copying launch/ugv_robot_launch.py -> /workspace/install/ugv_robot/share/ugv_robot/launch
[6.229s] Invoked command in '/workspace/build/ugv_robot' returned '0': AMENT_PREFIX_PATH=/workspace/install/ugv_robot_msgs:${AMENT_PREFIX_PATH} CMAKE_PREFIX_PATH=/workspace/install/ugv_robot_msgs:${CMAKE_PREFIX_PATH} LD_LIBRARY_PATH=/workspace/install/ugv_robot_msgs/lib:/opt/ros/foxy/install/opt/yaml_cpp_vendor/lib:/opt/ros/foxy/install/lib:/usr/local/cuda-10.2/targets/aarch64-linux/lib PYTHONPATH=/workspace/build/ugv_robot/prefix_override:/workspace/install/ugv_robot/lib/python3.6/site-packages:/workspace/install/ugv_robot_msgs/lib/python3.6/site-packages:${PYTHONPATH} /usr/bin/python3 setup.py develop --editable --build-directory /workspace/build/ugv_robot/build --no-deps install_data
