../Core/Src/main.c:143:13:setPulseFreq	5
../Core/Src/main.c:163:13:setMotor	8
../Core/Src/main.c:190:13:DebugPrint	1
../Core/Src/main.c:201:6:HAL_UARTEx_RxEventCallback	4
../Core/Src/main.c:215:6:HAL_UART_RxCpltCallback	4
../Core/Src/main.c:231:6:HAL_UART_ErrorCallback	3
../Core/Src/main.c:241:13:CekResyncJetson	3
../Core/Src/main.c:254:5:main	14
../Core/Src/main.c:408:6:SystemClock_Config	3
../Core/Src/main.c:455:13:MX_LPUART1_UART_Init	5
../Core/Src/main.c:503:13:MX_USART1_UART_Init	5
../Core/Src/main.c:551:13:MX_USART2_UART_Init	5
../Core/Src/main.c:599:13:MX_USART3_UART_Init	5
../Core/Src/main.c:647:13:MX_TIM1_Init	6
../Core/Src/main.c:723:13:MX_TIM3_Init	4
../Core/Src/main.c:772:13:MX_TIM4_Init	4
../Core/Src/main.c:821:13:MX_TIM8_Init	5
../Core/Src/main.c:893:13:MX_TIM15_Init	5
../Core/Src/main.c:959:13:MX_USB_PCD_Init	2
../Core/Src/main.c:992:13:MX_GPIO_Init	1
../Core/Src/main.c:1070:6:Error_Handler	1
