[5.625s] Invoking command in '/workspace/build/ugv_robot': LD_LIBRARY_PATH=/workspace/install/ugv_robot_msgs/lib:/opt/ros/foxy/install/opt/yaml_cpp_vendor/lib:/opt/ros/foxy/install/lib:/usr/local/cuda-10.2/targets/aarch64-linux/lib PYTHONPATH=/workspace/build/ugv_robot/prefix_override:/workspace/install/ugv_robot/lib/python3.6/site-packages:/workspace/install/ugv_robot_msgs/lib/python3.6/site-packages:/workspace/build/ugv_robot:/workspace/install/ugv_robot/lib/python3.6/site-packages:/opt/ros/foxy/install/lib/python3.6/site-packages /usr/bin/python3 setup.py develop --editable --build-directory /workspace/build/ugv_robot/build --no-deps install_data
[7.125s] /usr/local/lib/python3.6/dist-packages/setuptools/dist.py:726: UserWarning: Usage of dash-separated 'script-dir' will not be supported in future versions. Please use the underscore name 'script_dir' instead
[7.125s]   % (opt, underscore_opt)
[7.445s] running develop
[7.484s] /usr/local/lib/python3.6/dist-packages/setuptools/command/easy_install.py:159: EasyInstallDeprecationWarning: easy_install command is deprecated. Use build and pip and other standards-based tools.
[7.484s]   EasyInstallDeprecationWarning,
[7.495s] /usr/local/lib/python3.6/dist-packages/setuptools/command/install.py:37: SetuptoolsDeprecationWarning: setup.py install is deprecated. Use build and pip and other standards-based tools.
[7.496s]   setuptools.SetuptoolsDeprecationWarning,
[8.152s] running egg_info
[8.154s] writing ugv_robot.egg-info/PKG-INFO
[8.155s] writing dependency_links to ugv_robot.egg-info/dependency_links.txt
[8.156s] writing entry points to ugv_robot.egg-info/entry_points.txt
[8.157s] writing requirements to ugv_robot.egg-info/requires.txt
[8.162s] writing top-level names to ugv_robot.egg-info/top_level.txt
[8.179s] reading manifest file 'ugv_robot.egg-info/SOURCES.txt'
[8.187s] writing manifest file 'ugv_robot.egg-info/SOURCES.txt'
[8.439s] running build_ext
[8.440s] Creating /workspace/install/ugv_robot/lib/python3.6/site-packages/ugv-robot.egg-link (link to .)
[8.444s] Installing core_node script to /workspace/install/ugv_robot/lib/ugv_robot
[8.445s] Installing cv_node script to /workspace/install/ugv_robot/lib/ugv_robot
[8.446s] Installing stm32_interface_node script to /workspace/install/ugv_robot/lib/ugv_robot
[8.452s] 
[8.452s] Installed /workspace/build/ugv_robot
[8.453s] running install_data
[8.602s] Invoked command in '/workspace/build/ugv_robot' returned '0': LD_LIBRARY_PATH=/workspace/install/ugv_robot_msgs/lib:/opt/ros/foxy/install/opt/yaml_cpp_vendor/lib:/opt/ros/foxy/install/lib:/usr/local/cuda-10.2/targets/aarch64-linux/lib PYTHONPATH=/workspace/build/ugv_robot/prefix_override:/workspace/install/ugv_robot/lib/python3.6/site-packages:/workspace/install/ugv_robot_msgs/lib/python3.6/site-packages:/workspace/build/ugv_robot:/workspace/install/ugv_robot/lib/python3.6/site-packages:/opt/ros/foxy/install/lib/python3.6/site-packages /usr/bin/python3 setup.py develop --editable --build-directory /workspace/build/ugv_robot/build --no-deps install_data
