../Core/Src/main.c:185:13:SetActuator	32	static
../Core/Src/main.c:206:13:setPulseFreq	40	static
../Core/Src/main.c:228:13:setPulseFreqN	40	static
../Core/Src/main.c:247:13:Lamp_SetBrightness	24	static
../Core/Src/main.c:257:13:StopSemuaActuator	16	static
../Core/Src/main.c:263:13:setMotor	24	static
../Core/Src/main.c:291:13:stopSemuaMotor	16	static
../Core/Src/main.c:297:13:setLampuBelakang	16	static
../Core/Src/main.c:312:19:ParseLong	24	static
../Core/Src/main.c:326:19:ProsesFrame8	248	static
../Core/Src/main.c:374:19:ProsesFrameI2c	120	static
../Core/Src/main.c:415:9:HAL_UART_RxCpltCallback	24	static
../Core/Src/main.c:436:9:HAL_I2C_AddrCallback	16	static
../Core/Src/main.c:449:9:HAL_I2C_SlaveRxCpltCallback	16	static
../Core/Src/main.c:459:9:HAL_I2C_ListenCpltCallback	16	static
../Core/Src/main.c:466:9:HAL_I2C_ErrorCallback	16	static
../Core/Src/main.c:474:16:CekWatchdog	16	static
../Core/Src/main.c:487:16:DebugPrint	144	static
../Core/Src/main.c:504:5:main	112	static
../Core/Src/main.c:604:6:SystemClock_Config	128	static
../Core/Src/main.c:650:13:MX_I2C1_Init	8	static
../Core/Src/main.c:698:13:MX_LPUART1_UART_Init	8	static
../Core/Src/main.c:746:13:MX_USART3_UART_Init	8	static
../Core/Src/main.c:794:13:MX_SPI1_Init	24	static
../Core/Src/main.c:850:13:MX_TIM1_Init	104	static
../Core/Src/main.c:922:13:MX_TIM8_Init	104	static
../Core/Src/main.c:994:13:MX_TIM15_Init	104	static
../Core/Src/main.c:1060:13:MX_TIM16_Init	88	static
../Core/Src/main.c:1123:13:MX_TIM17_Init	88	static
../Core/Src/main.c:1186:13:MX_GPIO_Init	56	static
../Core/Src/main.c:1281:6:Error_Handler	4	static,ignoring_inline_asm
