../Core/Src/main.c:185:13:SetActuator	5
../Core/Src/main.c:206:13:setPulseFreq	5
../Core/Src/main.c:228:13:setPulseFreqN	5
../Core/Src/main.c:247:13:Lamp_SetBrightness	2
../Core/Src/main.c:257:13:StopSemuaActuator	2
../Core/Src/main.c:263:13:setMotor	8
../Core/Src/main.c:291:13:stopSemuaMotor	2
../Core/Src/main.c:297:13:setLampuBelakang	4
../Core/Src/main.c:312:19:ParseLong	3
../Core/Src/main.c:326:19:ProsesFrame8	21
../Core/Src/main.c:374:19:ProsesFrameI2c	11
../Core/Src/main.c:415:9:HAL_UART_RxCpltCallback	6
../Core/Src/main.c:436:9:HAL_I2C_AddrCallback	3
../Core/Src/main.c:449:9:HAL_I2C_SlaveRxCpltCallback	3
../Core/Src/main.c:459:9:HAL_I2C_ListenCpltCallback	2
../Core/Src/main.c:466:9:HAL_I2C_ErrorCallback	2
../Core/Src/main.c:474:16:CekWatchdog	3
../Core/Src/main.c:487:16:DebugPrint	1
../Core/Src/main.c:504:5:main	7
../Core/Src/main.c:604:6:SystemClock_Config	4
../Core/Src/main.c:650:13:MX_I2C1_Init	4
../Core/Src/main.c:698:13:MX_LPUART1_UART_Init	5
../Core/Src/main.c:746:13:MX_USART3_UART_Init	5
../Core/Src/main.c:794:13:MX_SPI1_Init	3
../Core/Src/main.c:850:13:MX_TIM1_Init	5
../Core/Src/main.c:922:13:MX_TIM8_Init	5
../Core/Src/main.c:994:13:MX_TIM15_Init	5
../Core/Src/main.c:1060:13:MX_TIM16_Init	5
../Core/Src/main.c:1123:13:MX_TIM17_Init	5
../Core/Src/main.c:1186:13:MX_GPIO_Init	1
../Core/Src/main.c:1281:6:Error_Handler	1
